Component: Arm Compiler for Embedded 6.19 Tool: armlink [5e73cb00]

==============================================================================

Section Cross References

    startup_stm32f10x_md.o(STACK) refers (Special) to heapauxi.o(.text) for __use_two_region_memory
    startup_stm32f10x_md.o(HEAP) refers (Special) to heapauxi.o(.text) for __use_two_region_memory
    startup_stm32f10x_md.o(RESET) refers (Special) to heapauxi.o(.text) for __use_two_region_memory
    startup_stm32f10x_md.o(RESET) refers to startup_stm32f10x_md.o(STACK) for __initial_sp
    startup_stm32f10x_md.o(RESET) refers to startup_stm32f10x_md.o(.text) for Reset_Handler
    startup_stm32f10x_md.o(RESET) refers to stm32f10x_it.o(.text.NMI_Handler) for NMI_Handler
    startup_stm32f10x_md.o(RESET) refers to stm32f10x_it.o(.text.HardFault_Handler) for HardFault_Handler
    startup_stm32f10x_md.o(RESET) refers to stm32f10x_it.o(.text.MemManage_Handler) for MemManage_Handler
    startup_stm32f10x_md.o(RESET) refers to stm32f10x_it.o(.text.BusFault_Handler) for BusFault_Handler
    startup_stm32f10x_md.o(RESET) refers to stm32f10x_it.o(.text.UsageFault_Handler) for UsageFault_Handler
    startup_stm32f10x_md.o(RESET) refers to stm32f10x_it.o(.text.SVC_Handler) for SVC_Handler
    startup_stm32f10x_md.o(RESET) refers to stm32f10x_it.o(.text.DebugMon_Handler) for DebugMon_Handler
    startup_stm32f10x_md.o(RESET) refers to stm32f10x_it.o(.text.PendSV_Handler) for PendSV_Handler
    startup_stm32f10x_md.o(RESET) refers to stm32f10x_it.o(.text.SysTick_Handler) for SysTick_Handler
    startup_stm32f10x_md.o(RESET) refers to exti.o(.text.EXTI0_IRQHandler) for EXTI0_IRQHandler
    startup_stm32f10x_md.o(RESET) refers to exti.o(.text.EXTI1_IRQHandler) for EXTI1_IRQHandler
    startup_stm32f10x_md.o(RESET) refers to timer.o(.text.TIM2_IRQHandler) for TIM2_IRQHandler
    startup_stm32f10x_md.o(RESET) refers to timer.o(.text.TIM3_IRQHandler) for TIM3_IRQHandler
    startup_stm32f10x_md.o(RESET) refers to usart.o(.text.USART1_IRQHandler) for USART1_IRQHandler
    startup_stm32f10x_md.o(RESET) refers to esp8266.o(.text.USART2_IRQHandler) for USART2_IRQHandler
    startup_stm32f10x_md.o(.text) refers (Special) to heapauxi.o(.text) for __use_two_region_memory
    startup_stm32f10x_md.o(.text) refers to system_stm32f10x.o(.text.SystemInit) for SystemInit
    startup_stm32f10x_md.o(.text) refers to __main.o(!!!main) for __main
    startup_stm32f10x_md.o(.text) refers to startup_stm32f10x_md.o(HEAP) for Heap_Mem
    startup_stm32f10x_md.o(.text) refers to startup_stm32f10x_md.o(STACK) for Stack_Mem
    system_stm32f10x.o(.ARM.exidx.text.SystemInit) refers to system_stm32f10x.o(.text.SystemInit) for [Anonymous Symbol]
    system_stm32f10x.o(.text.SystemCoreClockUpdate) refers to system_stm32f10x.o(.data.SystemCoreClock) for SystemCoreClock
    system_stm32f10x.o(.text.SystemCoreClockUpdate) refers to system_stm32f10x.o(.rodata.AHBPrescTable) for AHBPrescTable
    system_stm32f10x.o(.ARM.exidx.text.SystemCoreClockUpdate) refers to system_stm32f10x.o(.text.SystemCoreClockUpdate) for [Anonymous Symbol]
    main.o(.text) refers (Special) to _printf_percent.o(.ARM.Collect$$_printf_percent$$00000000) for _printf_percent
    main.o(.text) refers (Special) to _printf_d.o(.ARM.Collect$$_printf_percent$$00000009) for _printf_d
    main.o(.text) refers (Special) to _printf_f.o(.ARM.Collect$$_printf_percent$$00000003) for _printf_f
    main.o(.text) refers (Special) to _printf_dec.o(.text) for _printf_int_dec
    main.o(.text) refers (Special) to printf1.o(x$fpl$printf1) for _printf_fp_dec
    main.o(.text.main) refers (Special) to _printf_percent.o(.ARM.Collect$$_printf_percent$$00000000) for _printf_percent
    main.o(.text.main) refers (Special) to _printf_d.o(.ARM.Collect$$_printf_percent$$00000009) for _printf_d
    main.o(.text.main) refers (Special) to _printf_f.o(.ARM.Collect$$_printf_percent$$00000003) for _printf_f
    main.o(.text.main) refers (Special) to _printf_dec.o(.text) for _printf_int_dec
    main.o(.text.main) refers (Special) to printf1.o(x$fpl$printf1) for _printf_fp_dec
    main.o(.text.main) refers to usart.o(.text.Usart1_Init) for Usart1_Init
    main.o(.text.main) refers to usart.o(.text.DEBUG_LOG) for DEBUG_LOG
    main.o(.text.main) refers to main.o(.rodata.str1.1) for .L.str.2
    main.o(.text.main) refers to delay.o(.text.delay_init) for delay_init
    main.o(.text.main) refers to delay.o(.text.delay_ms) for delay_ms
    main.o(.text.main) refers to oled.o(.text.OLED_Init) for OLED_Init
    main.o(.text.main) refers to oled.o(.text.OLED_ColorTurn) for OLED_ColorTurn
    main.o(.text.main) refers to oled.o(.text.OLED_DisplayTurn) for OLED_DisplayTurn
    main.o(.text.main) refers to oled.o(.text.OLED_Clear) for OLED_Clear
    main.o(.text.main) refers to oled.o(.text.OLED_Refresh_Line) for OLED_Refresh_Line
[...]
    __user_heap_extent                        - Undefined Weak Reference
    _atexit_init                              - Undefined Weak Reference
    _call_atexit_fns                          - Undefined Weak Reference
    _clock_init                               - Undefined Weak Reference
    _fp_trap_init                             - Undefined Weak Reference
    _fp_trap_shutdown                         - Undefined Weak Reference
    _get_lc_collate                           - Undefined Weak Reference
    _get_lc_monetary                          - Undefined Weak Reference
    _get_lc_time                              - Undefined Weak Reference
    _getenv_init                              - Undefined Weak Reference
    _handle_redirection                       - Undefined Weak Reference
    _initio                                   - Undefined Weak Reference
    _mutex_acquire                            - Undefined Weak Reference
    _mutex_free                               - Undefined Weak Reference
    _mutex_release                            - Undefined Weak Reference
    _printf_mbtowc                            - Undefined Weak Reference
    _printf_wc                                - Undefined Weak Reference
    _signal_finish                            - Undefined Weak Reference
    _signal_init                              - Undefined Weak Reference
    _terminateio                              - Undefined Weak Reference
    __Vectors_Size                           0x000000ec   Number         0  startup_stm32f10x_md.o ABSOLUTE
    __Vectors                                0x08000000   Data           4  startup_stm32f10x_md.o(RESET)
    __Vectors_End                            0x080000ec   Data           0  startup_stm32f10x_md.o(RESET)
    __main                                   0x080000ed   Thumb Code     8  __main.o(!!!main)
    __scatterload                            0x080000f5   Thumb Code     0  __scatter.o(!!!scatter)
    __scatterload_rt2                        0x080000f5   Thumb Code    44  __scatter.o(!!!scatter)
    __scatterload_rt2_thumb_only             0x080000f5   Thumb Code     0  __scatter.o(!!!scatter)
    __scatterload_null                       0x08000103   Thumb Code     0  __scatter.o(!!!scatter)
    __scatterload_copy                       0x08000129   Thumb Code    26  __scatter_copy.o(!!handler_copy)
    __scatterload_zeroinit                   0x08000145   Thumb Code    28  __scatter_zi.o(!!handler_zi)
    _printf_n                                0x08000161   Thumb Code     0  _printf_n.o(.ARM.Collect$$_printf_percent$$00000001)
    _printf_percent                          0x08000161   Thumb Code     0  _printf_percent.o(.ARM.Collect$$_printf_percent$$00000000)
    _printf_p                                0x08000167   Thumb Code     0  _printf_p.o(.ARM.Collect$$_printf_percent$$00000002)
    _printf_f                                0x0800016d   Thumb Code     0  _printf_f.o(.ARM.Collect$$_printf_percent$$00000003)
    _printf_e                                0x08000173   Thumb Code     0  _printf_e.o(.ARM.Collect$$_printf_percent$$00000004)
    _printf_g                                0x08000179   Thumb Code     0  _printf_g.o(.ARM.Collect$$_printf_percent$$00000005)
    _printf_a                                0x0800017f   Thumb Code     0  _printf_a.o(.ARM.Collect$$_printf_percent$$00000006)
    _printf_ll                               0x08000185   Thumb Code     0  _printf_ll.o(.ARM.Collect$$_printf_percent$$00000007)
    _printf_i                                0x0800018f   Thumb Code     0  _printf_i.o(.ARM.Collect$$_printf_percent$$00000008)
    _printf_d                                0x08000195   Thumb Code     0  _printf_d.o(.ARM.Collect$$_printf_percent$$00000009)
    _printf_u                                0x0800019b   Thumb Code     0  _printf_u.o(.ARM.Collect$$_printf_percent$$0000000A)
    _printf_o                                0x080001a1   Thumb Code     0  _printf_o.o(.ARM.Collect$$_printf_percent$$0000000B)
    _printf_x                                0x080001a7   Thumb Code     0  _printf_x.o(.ARM.Collect$$_printf_percent$$0000000C)
    _printf_lli                              0x080001ad   Thumb Code     0  _printf_lli.o(.ARM.Collect$$_printf_percent$$0000000D)
    _printf_lld                              0x080001b3   Thumb Code     0  _printf_lld.o(.ARM.Collect$$_printf_percent$$0000000E)
    _printf_llu                              0x080001b9   Thumb Code     0  _printf_llu.o(.ARM.Collect$$_printf_percent$$0000000F)
    _printf_llo                              0x080001bf   Thumb Code     0  _printf_llo.o(.ARM.Collect$$_printf_percent$$00000010)
    _printf_llx                              0x080001c5   Thumb Code     0  _printf_llx.o(.ARM.Collect$$_printf_percent$$00000011)
    _printf_l                                0x080001cb   Thumb Code     0  _printf_l.o(.ARM.Collect$$_printf_percent$$00000012)
    _printf_c                                0x080001d5   Thumb Code     0  _printf_c.o(.ARM.Collect$$_printf_percent$$00000013)
    _printf_s                                0x080001db   Thumb Code     0  _printf_s.o(.ARM.Collect$$_printf_percent$$00000014)
    _printf_lc                               0x080001e1   Thumb Code     0  _printf_lc.o(.ARM.Collect$$_printf_percent$$00000015)
    _printf_ls                               0x080001e7   Thumb Code     0  _printf_ls.o(.ARM.Collect$$_printf_percent$$00000016)
    _printf_percent_end                      0x080001ed   Thumb Code     0  _printf_percent_end.o(.ARM.Collect$$_printf_percent$$00000017)
    __rt_lib_init                            0x080001f1   Thumb Code     0  libinit.o(.ARM.Collect$$libinit$$00000000)
    __rt_lib_init_fp_1                       0x080001f3   Thumb Code     0  libinit2.o(.ARM.Collect$$libinit$$00000002)
    __rt_lib_init_heap_2                     0x080001f3   Thumb Code     0  libinit2.o(.ARM.Collect$$libinit$$00000007)
    __rt_lib_init_preinit_1                  0x080001f3   Thumb Code     0  libinit2.o(.ARM.Collect$$libinit$$00000006)
    __rt_lib_init_relocate_pie_1             0x080001f3   Thumb Code     0  libinit2.o(.ARM.Collect$$libinit$$00000004)
    __rt_lib_init_heap_1                     0x080001fb   Thumb Code     0  libinit2.o(.ARM.Collect$$libinit$$0000000C)
    __rt_lib_init_rand_2                     0x080001fb   Thumb Code     0  libinit2.o(.ARM.Collect$$libinit$$0000000F)
    __rt_lib_init_user_alloc_1               0x080001fb   Thumb Code     0  libinit2.o(.ARM.Collect$$libinit$$0000000E)
    __rt_lib_init_lc_common                  0x080001ff   Thumb Code     0  libinit2.o(.ARM.Collect$$libinit$$00000011)
    __rt_lib_init_rand_1                     0x080001ff   Thumb Code     0  libinit2.o(.ARM.Collect$$libinit$$00000010)
    __rt_lib_init_lc_collate_1               0x08000205   Thumb Code     0  libinit2.o(.ARM.Collect$$libinit$$00000013)
    __rt_lib_init_lc_ctype_2                 0x08000205   Thumb Code     0  libinit2.o(.ARM.Collect$$libinit$$00000014)
    __rt_lib_init_lc_ctype_1                 0x08000211   Thumb Code     0  libinit2.o(.ARM.Collect$$libinit$$00000015)
    __rt_lib_init_lc_monetary_1              0x08000211   Thumb Code     0  libinit2.o(.ARM.Collect$$libinit$$00000017)
    __rt_lib_init_lc_numeric_2               0x08000211   Thumb Code     0  libinit2.o(.ARM.Collect$$libinit$$00000018)
    __rt_lib_init_alloca_1                   0x0800021b   Thumb Code     0  libinit2.o(.ARM.Collect$$libinit$$00000030)
    __rt_lib_init_argv_1                     0x0800021b   Thumb Code     0  libinit2.o(.ARM.Collect$$libinit$$0000002E)
    __rt_lib_init_atexit_1                   0x0800021b   Thumb Code     0  libinit2.o(.ARM.Collect$$libinit$$0000001D)
    __rt_lib_init_clock_1                    0x0800021b   Thumb Code     0  libinit2.o(.ARM.Collect$$libinit$$00000023)
    __rt_lib_init_cpp_1                      0x0800021b   Thumb Code     0  libinit2.o(.ARM.Collect$$libinit$$00000034)
    __rt_lib_init_exceptions_1               0x0800021b   Thumb Code     0  libinit2.o(.ARM.Collect$$libinit$$00000032)
    __rt_lib_init_fp_trap_1                  0x0800021b   Thumb Code     0  libinit2.o(.ARM.Collect$$libinit$$00000021)
    __rt_lib_init_getenv_1                   0x0800021b   Thumb Code     0  libinit2.o(.ARM.Collect$$libinit$$00000025)
    __rt_lib_init_lc_numeric_1               0x0800021b   Thumb Code     0  libinit2.o(.ARM.Collect$$libinit$$00000019)
    __rt_lib_init_lc_time_1                  0x0800021b   Thumb Code     0  libinit2.o(.ARM.Collect$$libinit$$0000001B)
    __rt_lib_init_return                     0x0800021b   Thumb Code     0  libinit2.o(.ARM.Collect$$libinit$$00000035)
    __rt_lib_init_signal_1                   0x0800021b   Thumb Code     0  libinit2.o(.ARM.Collect$$libinit$$0000001F)
    __rt_lib_init_stdio_1                    0x0800021b   Thumb Code     0  libinit2.o(.ARM.Collect$$libinit$$00000027)
    __rt_lib_shutdown                        0x0800021d   Thumb Code     0  libshutdown.o(.ARM.Collect$$libshutdown$$00000000)
    __rt_lib_shutdown_cpp_1                  0x0800021f   Thumb Code     0  libshutdown2.o(.ARM.Collect$$libshutdown$$00000002)
    __rt_lib_shutdown_fp_trap_1              0x0800021f   Thumb Code     0  libshutdown2.o(.ARM.Collect$$libshutdown$$00000007)
    __rt_lib_shutdown_heap_1                 0x0800021f   Thumb Code     0  libshutdown2.o(.ARM.Collect$$libshutdown$$0000000F)
    __rt_lib_shutdown_return                 0x0800021f   Thumb Code     0  libshutdown2.o(.ARM.Collect$$libshutdown$$00000010)
    __rt_lib_shutdown_signal_1               0x0800021f   Thumb Code     0  libshutdown2.o(.ARM.Collect$$libshutdown$$0000000A)
    __rt_lib_shutdown_stdio_1                0x0800021f   Thumb Code     0  libshutdown2.o(.ARM.Collect$$libshutdown$$00000004)
    __rt_lib_shutdown_user_alloc_1           0x0800021f   Thumb Code     0  libshutdown2.o(.ARM.Collect$$libshutdown$$0000000C)
    __rt_entry                               0x08000221   Thumb Code     0  __rtentry.o(.ARM.Collect$$rtentry$$00000000)
    __rt_entry_presh_1                       0x08000221   Thumb Code     0  __rtentry2.o(.ARM.Collect$$rtentry$$00000002)
    __rt_entry_sh                            0x08000221   Thumb Code     0  __rtentry4.o(.ARM.Collect$$rtentry$$00000004)
    __rt_entry_li                            0x08000227   Thumb Code     0  __rtentry2.o(.ARM.Collect$$rtentry$$0000000A)
    __rt_entry_postsh_1                      0x08000227   Thumb Code     0  __rtentry2.o(.ARM.Collect$$rtentry$$00000009)
    __rt_entry_main                          0x0800022b   Thumb Code     0  __rtentry2.o(.ARM.Collect$$rtentry$$0000000D)
    __rt_entry_postli_1                      0x0800022b   Thumb Code     0  __rtentry2.o(.ARM.Collect$$rtentry$$0000000C)
    __rt_exit                                0x08000233   Thumb Code     0  rtexit.o(.ARM.Collect$$rtexit$$00000000)
    __rt_exit_ls                             0x08000235   Thumb Code     0  rtexit2.o(.ARM.Collect$$rtexit$$00000003)
    __rt_exit_prels_1                        0x08000235   Thumb Code     0  rtexit2.o(.ARM.Collect$$rtexit$$00000002)
    __rt_exit_exit                           0x08000239   Thumb Code     0  rtexit2.o(.ARM.Collect$$rtexit$$00000004)
    rand                                     0x08000241   Thumb Code    48  rand.o(.emb_text)
    Reset_Handler                            0x08000275   Thumb Code     8  startup_stm32f10x_md.o(.text)
    ADC1_2_IRQHandler                        0x0800028f   Thumb Code     0  startup_stm32f10x_md.o(.text)
    CAN1_RX1_IRQHandler                      0x0800028f   Thumb Code     0  startup_stm32f10x_md.o(.text)
    CAN1_SCE_IRQHandler                      0x0800028f   Thumb Code     0  startup_stm32f10x_md.o(.text)
    DMA1_Channel1_IRQHandler                 0x0800028f   Thumb Code     0  startup_stm32f10x_md.o(.text)
    DMA1_Channel2_IRQHandler                 0x0800028f   Thumb Code     0  startup_stm32f10x_md.o(.text)
    DMA1_Channel3_IRQHandler                 0x0800028f   Thumb Code     0  startup_stm32f10x_md.o(.text)
    DMA1_Channel4_IRQHandler                 0x0800028f   Thumb Code     0  startup_stm32f10x_md.o(.text)
    DMA1_Channel5_IRQHandler                 0x0800028f   Thumb Code     0  startup_stm32f10x_md.o(.text)
    DMA1_Channel6_IRQHandler                 0x0800028f   Thumb Code     0  startup_stm32f10x_md.o(.text)
    DMA1_Channel7_IRQHandler                 0x0800028f   Thumb Code     0  startup_stm32f10x_md.o(.text)
    EXTI15_10_IRQHandler                     0x0800028f   Thumb Code     0  startup_stm32f10x_md.o(.text)
    EXTI2_IRQHandler                         0x0800028f   Thumb Code     0  startup_stm32f10x_md.o(.text)
    EXTI3_IRQHandler                         0x0800028f   Thumb Code     0  startup_stm32f10x_md.o(.text)
    EXTI4_IRQHandler                         0x0800028f   Thumb Code     0  startup_stm32f10x_md.o(.text)
    EXTI9_5_IRQHandler                       0x0800028f   Thumb Code     0  startup_stm32f10x_md.o(.text)
    FLASH_IRQHandler                         0x0800028f   Thumb Code     0  startup_stm32f10x_md.o(.text)
    I2C1_ER_IRQHandler                       0x0800028f   Thumb Code     0  startup_stm32f10x_md.o(.text)
    I2C1_EV_IRQHandler                       0x0800028f   Thumb Code     0  startup_stm32f10x_md.o(.text)
    I2C2_ER_IRQHandler                       0x0800028f   Thumb Code     0  startup_stm32f10x_md.o(.text)
    I2C2_EV_IRQHandler                       0x0800028f   Thumb Code     0  startup_stm32f10x_md.o(.text)
    PVD_IRQHandler                           0x0800028f   Thumb Code     0  startup_stm32f10x_md.o(.text)
    RCC_IRQHandler                           0x0800028f   Thumb Code     0  startup_stm32f10x_md.o(.text)
    RTCAlarm_IRQHandler                      0x0800028f   Thumb Code     0  startup_stm32f10x_md.o(.text)
    RTC_IRQHandler                           0x0800028f   Thumb Code     0  startup_stm32f10x_md.o(.text)
    SPI1_IRQHandler                          0x0800028f   Thumb Code     0  startup_stm32f10x_md.o(.text)
    SPI2_IRQHandler                          0x0800028f   Thumb Code     0  startup_stm32f10x_md.o(.text)
    TAMPER_IRQHandler                        0x0800028f   Thumb Code     0  startup_stm32f10x_md.o(.text)
    TIM1_BRK_IRQHandler                      0x0800028f   Thumb Code     0  startup_stm32f10x_md.o(.text)
    TIM1_CC_IRQHandler                       0x0800028f   Thumb Code     0  startup_stm32f10x_md.o(.text)
    TIM1_TRG_COM_IRQHandler                  0x0800028f   Thumb Code     0  startup_stm32f10x_md.o(.text)
    TIM1_UP_IRQHandler                       0x0800028f   Thumb Code     0  startup_stm32f10x_md.o(.text)
    TIM4_IRQHandler                          0x0800028f   Thumb Code     0  startup_stm32f10x_md.o(.text)
    USART3_IRQHandler                        0x0800028f   Thumb Code     0  startup_stm32f10x_md.o(.text)
    USBWakeUp_IRQHandler                     0x0800028f   Thumb Code     0  startup_stm32f10x_md.o(.text)
    USB_HP_CAN1_TX_IRQHandler                0x0800028f   Thumb Code     0  startup_stm32f10x_md.o(.text)
    USB_LP_CAN1_RX0_IRQHandler               0x0800028f   Thumb Code     0  startup_stm32f10x_md.o(.text)
    WWDG_IRQHandler                          0x0800028f   Thumb Code     0  startup_stm32f10x_md.o(.text)
    __user_initial_stackheap                 0x08000291   Thumb Code     0  startup_stm32f10x_md.o(.text)
    malloc                                   0x080002b5   Thumb Code    94  h1_alloc.o(.text)
    free                                     0x08000313   Thumb Code    78  h1_free.o(.text)
    vsnprintf                                0x08000361   Thumb Code    56  vsnprintf.o(.text)
    __2sprintf                               0x0800039d   Thumb Code    38  __2sprintf.o(.text)
    _printf_str                              0x080003c9   Thumb Code    82  _printf_str.o(.text)
    _printf_int_dec                          0x0800041d   Thumb Code   104  _printf_dec.o(.text)
    __printf                                 0x08000495   Thumb Code   388  __printf_flags_ss_wp.o(.text)
    srand                                    0x0800061d   Thumb Code    42  rand.o(.text)
    _rand_init                               0x08000647   Thumb Code     4  rand.o(.text)
    strchr                                   0x08000659   Thumb Code    20  strchr.o(.text)
    strncat                                  0x0800066d   Thumb Code    36  strncat.o(.text)
    strstr                                   0x08000691   Thumb Code    36  strstr.o(.text)
    strcpy                                   0x080006b5   Thumb Code    72  strcpy.o(.text)
    strlen                                   0x080006fd   Thumb Code    62  strlen.o(.text)
    __aeabi_memcpy                           0x0800073b   Thumb Code     0  rt_memcpy_v6.o(.text)
    __rt_memcpy                              0x0800073b   Thumb Code   138  rt_memcpy_v6.o(.text)
    _memcpy_lastbytes                        0x080007a1   Thumb Code     0  rt_memcpy_v6.o(.text)
    __aeabi_memclr                           0x080007c5   Thumb Code     0  rt_memclr.o(.text)
    __rt_memclr                              0x080007c5   Thumb Code     0  rt_memclr.o(.text)
    _memset                                  0x080007c9   Thumb Code    64  rt_memclr.o(.text)
    __aeabi_memclr4                          0x08000809   Thumb Code     0  rt_memclr_w.o(.text)
    __aeabi_memclr8                          0x08000809   Thumb Code     0  rt_memclr_w.o(.text)
    __rt_memclr_w                            0x08000809   Thumb Code     0  rt_memclr_w.o(.text)
    _memset_w                                0x0800080d   Thumb Code    74  rt_memclr_w.o(.text)
    __use_two_region_memory                  0x08000857   Thumb Code     2  heapauxi.o(.text)
    __rt_heap_escrow                         0x08000859   Thumb Code     2  heapauxi.o(.text)
    __rt_heap_expand                         0x0800085b   Thumb Code     2  heapauxi.o(.text)
    __rt_heap_descriptor                     0x0800085d   Thumb Code     8  rt_heap_descriptor_intlibspace.o(.text)
    __use_no_heap                            0x08000865   Thumb Code     2  hguard.o(.text)
    __heap$guard                             0x08000867   Thumb Code     2  hguard.o(.text)
    _terminate_user_alloc                    0x08000869   Thumb Code     2  init_alloc.o(.text)
    _init_user_alloc                         0x0800086b   Thumb Code     2  init_alloc.o(.text)
    __Heap_Full                              0x0800086d   Thumb Code    34  init_alloc.o(.text)
    __Heap_Broken                            0x0800088f   Thumb Code     6  init_alloc.o(.text)
    _init_alloc                              0x08000895   Thumb Code    94  init_alloc.o(.text)
    __Heap_Initialize                        0x080008f3   Thumb Code    10  h1_init.o(.text)
    __Heap_DescSize                          0x080008fd   Thumb Code     4  h1_init.o(.text)
    _printf_pre_padding                      0x08000901   Thumb Code    44  _printf_pad.o(.text)
    _printf_post_padding                     0x0800092d   Thumb Code    34  _printf_pad.o(.text)
    _printf_truncate_signed                  0x0800094f   Thumb Code    18  _printf_truncate.o(.text)
    _printf_truncate_unsigned                0x08000961   Thumb Code    18  _printf_truncate.o(.text)
    _printf_int_common                       0x08000973   Thumb Code   178  _printf_intcommon.o(.text)
    _printf_charcount                        0x08000a25   Thumb Code    40  _printf_charcount.o(.text)
    _printf_fp_dec_real                      0x08000bfd   Thumb Code   620  _printf_fp_dec.o(.text)
    _printf_char_common                      0x08000e73   Thumb Code    32  _printf_char_common.o(.text)
    _sputc                                   0x08000e99   Thumb Code    10  _sputc.o(.text)
    _snputc                                  0x08000ea3   Thumb Code    16  _snputc.o(.text)
    _printf_cs_common                        0x08000eb3   Thumb Code    20  _printf_char.o(.text)
    _printf_char                             0x08000ec7   Thumb Code    16  _printf_char.o(.text)
    _printf_string                           0x08000ed7   Thumb Code     8  _printf_char.o(.text)
    _printf_wctomb                           0x08000ee1   Thumb Code   182  _printf_wctomb.o(.text)
    _printf_longlong_dec                     0x08000f9d   Thumb Code   108  _printf_longlong_dec.o(.text)
    _printf_longlong_oct                     0x08001019   Thumb Code    68  _printf_oct_int_ll.o(.text)
    _printf_int_oct                          0x0800105d   Thumb Code    24  _printf_oct_int_ll.o(.text)
    _printf_ll_oct                           0x08001075   Thumb Code    12  _printf_oct_int_ll.o(.text)
    _printf_longlong_hex                     0x08001089   Thumb Code    86  _printf_hex_int_ll_ptr.o(.text)
    _printf_int_hex                          0x080010df   Thumb Code    28  _printf_hex_int_ll_ptr.o(.text)
    _printf_ll_hex                           0x080010fb   Thumb Code    12  _printf_hex_int_ll_ptr.o(.text)
    _printf_hex_ptr                          0x08001107   Thumb Code    18  _printf_hex_int_ll_ptr.o(.text)
    __aeabi_memcpy4                          0x0800111d   Thumb Code     0  rt_memcpy_w.o(.text)
    __aeabi_memcpy8                          0x0800111d   Thumb Code     0  rt_memcpy_w.o(.text)
    __rt_memcpy_w                            0x0800111d   Thumb Code   100  rt_memcpy_w.o(.text)
    _memcpy_lastbytes_aligned                0x08001165   Thumb Code     0  rt_memcpy_w.o(.text)
    __user_libspace                          0x08001181   Thumb Code     8  libspace.o(.text)
    __user_perproc_libspace                  0x08001181   Thumb Code     0  libspace.o(.text)
    __user_perthread_libspace                0x08001181   Thumb Code     0  libspace.o(.text)
    __rt_locale                              0x08001189   Thumb Code     8  rt_locale_intlibspace.o(.text)
    __Heap_ProvideMemory                     0x08001191   Thumb Code    52  h1_extend.o(.text)
    _maybe_terminate_alloc                   0x08001191   Thumb Code     0  maybetermalloc1.o(.text)
    _ll_udiv10                               0x080011c5   Thumb Code   138  lludiv10.o(.text)
    _printf_fp_hex_real                      0x08001251   Thumb Code   756  _printf_fp_hex.o(.text)
    _printf_fp_infnan                        0x0800154d   Thumb Code   112  _printf_fp_infnan.o(.text)
    _printf_lcs_common                       0x080015cd   Thumb Code    20  _printf_wchar.o(.text)
    _printf_wchar                            0x080015e1   Thumb Code    16  _printf_wchar.o(.text)
    _printf_wstring                          0x080015f1   Thumb Code     8  _printf_wchar.o(.text)
    _btod_etento                             0x080015f9   Thumb Code   224  bigflt0.o(.text)
    _c16rtomb                                0x080016dd   Thumb Code    72  _c16rtomb.o(.text)
    _wcrtomb                                 0x080016dd   Thumb Code     0  _c16rtomb.o(.text)
    __rt_SIGRTMEM                            0x08001725   Thumb Code    14  defsig_rtmem_outer.o(.text)
    __I$use$semihosting                      0x08001733   Thumb Code     0  use_no_semi.o(.text)
    __use_no_semihosting_swi                 0x08001733   Thumb Code     2  use_no_semi.o(.text)
    __semihosting_library_function           0x08001735   Thumb Code     0  indicate_semi.o(.text)
    __user_setup_stackheap                   0x08001735   Thumb Code    74  sys_stackheap_outer.o(.text)
    __rt_ctype_table                         0x08001781   Thumb Code    16  rt_ctype_table.o(.text)
    exit                                     0x08001791   Thumb Code    18  exit.o(.text)
    __sig_exit                               0x080017a3   Thumb Code    10  defsig_exit.o(.text)
    __rt_SIGRTMEM_inner                      0x080017ad   Thumb Code    22  defsig_rtmem_inner.o(.text)
    strcmp                                   0x080017fd   Thumb Code   128  strcmpv7m.o(.text)
    _sys_exit                                0x0800187d   Thumb Code     8  sys_exit.o(.text)
    __default_signal_display                 0x08001889   Thumb Code    50  defsig_general.o(.text)
    _ttywrch                                 0x080018bb   Thumb Code    14  sys_wrch.o(.text)
    BEEP_Init                                0x080018c9   Thumb Code    48  beep.o(.text.BEEP_Init)
    BH1750_Init                              0x080018f9   Thumb Code   346  bh1750.o(.text.BH1750_Init)
    BH1750_Read_Measure                      0x08001a55   Thumb Code   224  bh1750.o(.text.BH1750_Read_Measure)
    BusFault_Handler                         0x08001b35   Thumb Code     2  stm32f10x_it.o(.text.BusFault_Handler)
    DEBUG_LOG                                0x08001b39   Thumb Code   100  usart.o(.text.DEBUG_LOG)
    DHT11_Init                               0x08001bad   Thumb Code   204  dht11.o(.text.DHT11_Init)
    DHT11_Read_Data                          0x08001c79   Thumb Code   340  dht11.o(.text.DHT11_Read_Data)
    DebugMon_Handler                         0x08001dcd   Thumb Code     2  stm32f10x_it.o(.text.DebugMon_Handler)
    ESP8266_Clear                            0x08001dd1   Thumb Code    30  esp8266.o(.text.ESP8266_Clear)
    ESP8266_GetIPD                           0x08001df1   Thumb Code   104  esp8266.o(.text.ESP8266_GetIPD)
    ESP8266_Init                             0x08001e61   Thumb Code   796  esp8266.o(.text.ESP8266_Init)
    ESP8266_SendData                         0x08002221   Thumb Code   188  esp8266.o(.text.ESP8266_SendData)
    EXTI0_IRQHandler                         0x080022ed   Thumb Code    48  exti.o(.text.EXTI0_IRQHandler)
    EXTI1_IRQHandler                         0x0800231d   Thumb Code    60  exti.o(.text.EXTI1_IRQHandler)
    EXTIX_Init                               0x08002359   Thumb Code   112  exti.o(.text.EXTIX_Init)
    EXTI_ClearITPendingBit                   0x080023c9   Thumb Code    12  stm32f10x_exti.o(.text.EXTI_ClearITPendingBit)
    EXTI_Init                                0x080023d5   Thumb Code   104  stm32f10x_exti.o(.text.EXTI_Init)
    GPIO_EXTILineConfig                      0x0800243d   Thumb Code    46  stm32f10x_gpio.o(.text.GPIO_EXTILineConfig)
    GPIO_Init                                0x0800246d   Thumb Code   192  stm32f10x_gpio.o(.text.GPIO_Init)
    GPIO_ReadInputDataBit                    0x0800252d   Thumb Code    10  stm32f10x_gpio.o(.text.GPIO_ReadInputDataBit)
    GPIO_ResetBits                           0x08002539   Thumb Code     4  stm32f10x_gpio.o(.text.GPIO_ResetBits)
    GPIO_SetBits                             0x0800253d   Thumb Code     4  stm32f10x_gpio.o(.text.GPIO_SetBits)
    GPIO_WriteBit                            0x08002541   Thumb Code    12  stm32f10x_gpio.o(.text.GPIO_WriteBit)
    HardFault_Handler                        0x0800254d   Thumb Code     2  stm32f10x_it.o(.text.HardFault_Handler)
    KEY_Init                                 0x08002551   Thumb Code    64  key.o(.text.KEY_Init)
    LED_Init                                 0x08002591   Thumb Code    80  led.o(.text.LED_Init)
    LIght_Intensity                          0x080025e1   Thumb Code    24  bh1750.o(.text.LIght_Intensity)
    MQTT_DeleteBuffer                        0x080025f9   Thumb Code    28  mqttkit.o(.text.MQTT_DeleteBuffer)
    MQTT_PacketCmdResp                       0x08002615   Thumb Code   116  mqttkit.o(.text.MQTT_PacketCmdResp)
    MQTT_PacketConnect                       0x08002689   Thumb Code   856  mqttkit.o(.text.MQTT_PacketConnect)
    MQTT_PacketPublish                       0x080029e1   Thumb Code   706  mqttkit.o(.text.MQTT_PacketPublish)
    MQTT_PacketPublishAck                    0x08002ca5   Thumb Code   140  mqttkit.o(.text.MQTT_PacketPublishAck)
    MQTT_PacketPublishComp                   0x08002d31   Thumb Code   140  mqttkit.o(.text.MQTT_PacketPublishComp)
    MQTT_PacketPublishRec                    0x08002dbd   Thumb Code   140  mqttkit.o(.text.MQTT_PacketPublishRec)
    MQTT_PacketPublishRel                    0x08002e49   Thumb Code   140  mqttkit.o(.text.MQTT_PacketPublishRel)
    MQTT_PacketSubscribe                     0x08002ed5   Thumb Code   384  mqttkit.o(.text.MQTT_PacketSubscribe)
    MQTT_UnPacketCmd                         0x08003055   Thumb Code   186  mqttkit.o(.text.MQTT_UnPacketCmd)
    MQTT_UnPacketConnectAck                  0x08003111   Thumb Code    22  mqttkit.o(.text.MQTT_UnPacketConnectAck)
    MQTT_UnPacketPublish                     0x08003129   Thumb Code   414  mqttkit.o(.text.MQTT_UnPacketPublish)
    MQTT_UnPacketPublishAck                  0x080032c9   Thumb Code    24  mqttkit.o(.text.MQTT_UnPacketPublishAck)
    MQTT_UnPacketPublishComp                 0x080032e1   Thumb Code    24  mqttkit.o(.text.MQTT_UnPacketPublishComp)
    MQTT_UnPacketPublishRec                  0x080032f9   Thumb Code    24  mqttkit.o(.text.MQTT_UnPacketPublishRec)
    MQTT_UnPacketPublishRel                  0x08003311   Thumb Code    30  mqttkit.o(.text.MQTT_UnPacketPublishRel)
    MQTT_UnPacketRecv                        0x08003331   Thumb Code   176  mqttkit.o(.text.MQTT_UnPacketRecv)
    MQTT_UnPacketSubscribe                   0x080033e1   Thumb Code    34  mqttkit.o(.text.MQTT_UnPacketSubscribe)
    MQTT_UnPacketUnSubscribe                 0x08003405   Thumb Code    20  mqttkit.o(.text.MQTT_UnPacketUnSubscribe)
    MemManage_Handler                        0x08003419   Thumb Code     2  stm32f10x_it.o(.text.MemManage_Handler)
    NMI_Handler                              0x0800341d   Thumb Code     2  stm32f10x_it.o(.text.NMI_Handler)
    NVIC_Init                                0x08003421   Thumb Code    94  misc.o(.text.NVIC_Init)
    NVIC_PriorityGroupConfig                 0x08003481   Thumb Code    20  misc.o(.text.NVIC_PriorityGroupConfig)
    OLED_Clear                               0x08003495   Thumb Code    52  oled.o(.text.OLED_Clear)
    OLED_ColorTurn                           0x080034c9   Thumb Code    24  oled.o(.text.OLED_ColorTurn)
    OLED_DisplayTurn                         0x080034e1   Thumb Code    38  oled.o(.text.OLED_DisplayTurn)
    OLED_Init                                0x08003509   Thumb Code   330  oled.o(.text.OLED_Init)
    OLED_Refresh                             0x08003655   Thumb Code   398  oled.o(.text.OLED_Refresh)
    OLED_Refresh_Line                        0x080037e5   Thumb Code  1880  oled.o(.text.OLED_Refresh_Line)
    OLED_ShowChar                            0x08003f4d   Thumb Code   316  oled.o(.text.OLED_ShowChar)
    OLED_ShowChinese                         0x08004089   Thumb Code   290  oled.o(.text.OLED_ShowChinese)
    OLED_ShowString                          0x080041ad   Thumb Code    84  oled.o(.text.OLED_ShowString)
    OLED_WR_Byte                             0x08004201   Thumb Code   364  oled.o(.text.OLED_WR_Byte)
    OneNet_DevLink                           0x0800436d   Thumb Code   248  onenet.o(.text.OneNet_DevLink)
    OneNet_Publish                           0x080044f1   Thumb Code   100  onenet.o(.text.OneNet_Publish)
    OneNet_RevPro                            0x08004575   Thumb Code   592  onenet.o(.text.OneNet_RevPro)
    OneNet_Subscribe                         0x08004851   Thumb Code   104  onenet.o(.text.OneNet_Subscribe)
    PendSV_Handler                           0x080048d1   Thumb Code     2  stm32f10x_it.o(.text.PendSV_Handler)
    RCC_APB1PeriphClockCmd                   0x080048d5   Thumb Code    24  stm32f10x_rcc.o(.text.RCC_APB1PeriphClockCmd)
    RCC_APB2PeriphClockCmd                   0x080048ed   Thumb Code    24  stm32f10x_rcc.o(.text.RCC_APB2PeriphClockCmd)
    RCC_GetClocksFreq                        0x08004905   Thumb Code   160  stm32f10x_rcc.o(.text.RCC_GetClocksFreq)
    SVC_Handler                              0x080049a5   Thumb Code     2  stm32f10x_it.o(.text.SVC_Handler)
    SysTick_CLKSourceConfig                  0x080049a9   Thumb Code    24  misc.o(.text.SysTick_CLKSourceConfig)
    SysTick_Handler                          0x080049c1   Thumb Code     2  stm32f10x_it.o(.text.SysTick_Handler)
    SystemInit                               0x080049c5   Thumb Code   272  system_stm32f10x.o(.text.SystemInit)
    TIM2_IRQHandler                          0x08004ad5   Thumb Code   212  timer.o(.text.TIM2_IRQHandler)
    TIM2_Int_Init                            0x08004bd9   Thumb Code    84  timer.o(.text.TIM2_Int_Init)
    TIM3_IRQHandler                          0x08004c2d   Thumb Code    90  timer.o(.text.TIM3_IRQHandler)
    TIM3_Int_Init                            0x08004c89   Thumb Code    86  timer.o(.text.TIM3_Int_Init)
    TIM_ClearITPendingBit                    0x08004ce1   Thumb Code     6  stm32f10x_tim.o(.text.TIM_ClearITPendingBit)
    TIM_Cmd                                  0x08004ce9   Thumb Code    18  stm32f10x_tim.o(.text.TIM_Cmd)
    TIM_GetITStatus                          0x08004cfd   Thumb Code    24  stm32f10x_tim.o(.text.TIM_GetITStatus)
    TIM_ITConfig                             0x08004d15   Thumb Code    16  stm32f10x_tim.o(.text.TIM_ITConfig)
    TIM_TimeBaseInit                         0x08004d25   Thumb Code   170  stm32f10x_tim.o(.text.TIM_TimeBaseInit)
    USART1_IRQHandler                        0x08004dd1   Thumb Code    38  usart.o(.text.USART1_IRQHandler)
    USART2_IRQHandler                        0x08004df9   Thumb Code    76  esp8266.o(.text.USART2_IRQHandler)
    USART_ClearFlag                          0x08004e45   Thumb Code     6  stm32f10x_usart.o(.text.USART_ClearFlag)
    USART_Cmd                                0x08004e4d   Thumb Code    20  stm32f10x_usart.o(.text.USART_Cmd)
    USART_GetFlagStatus                      0x08004e61   Thumb Code    10  stm32f10x_usart.o(.text.USART_GetFlagStatus)
    USART_GetITStatus                        0x08004e6d   Thumb Code    48  stm32f10x_usart.o(.text.USART_GetITStatus)
    USART_ITConfig                           0x08004e9d   Thumb Code    46  stm32f10x_usart.o(.text.USART_ITConfig)
    USART_Init                               0x08004ecd   Thumb Code   182  stm32f10x_usart.o(.text.USART_Init)
    USART_SendData                           0x08004f85   Thumb Code     8  stm32f10x_usart.o(.text.USART_SendData)
    UsageFault_Handler                       0x08004f8d   Thumb Code     2  stm32f10x_it.o(.text.UsageFault_Handler)
    Usart1_Init                              0x08004f91   Thumb Code   134  usart.o(.text.Usart1_Init)
    Usart2_Init                              0x08005019   Thumb Code   130  usart.o(.text.Usart2_Init)
    UsartPrintf                              0x0800509d   Thumb Code    78  usart.o(.text.UsartPrintf)
    Usart_SendString                         0x080050ed   Thumb Code    36  usart.o(.text.Usart_SendString)
    delay_init                               0x08005111   Thumb Code    66  delay.o(.text.delay_init)
    delay_ms                                 0x08005155   Thumb Code    60  delay.o(.text.delay_ms)
    delay_us                                 0x08005191   Thumb Code    60  delay.o(.text.delay_us)
    i2c_CheckDevice                          0x080051cd   Thumb Code   104  bh1750.o(.text.i2c_CheckDevice)
    main                                     0x08005235   Thumb Code  1208  main.o(.text.main)
    _btod_d2e                                0x080057a1   Thumb Code    62  btod.o(CL$$btod_d2e)
    _d2e_denorm_low                          0x080057df   Thumb Code    70  btod.o(CL$$btod_d2e_denorm_low)
    _d2e_norm_op1                            0x08005825   Thumb Code    96  btod.o(CL$$btod_d2e_norm_op1)
    __btod_div_common                        0x08005885   Thumb Code   696  btod.o(CL$$btod_div_common)
    _e2e                                     0x08005bbd   Thumb Code   220  btod.o(CL$$btod_e2e)
    _btod_ediv                               0x08005c99   Thumb Code    42  btod.o(CL$$btod_ediv)
    _btod_emul                               0x08005cc3   Thumb Code    42  btod.o(CL$$btod_emul)
    __btod_mult_common                       0x08005ced   Thumb Code   580  btod.o(CL$$btod_mult_common)
    __ARM_fpclassify                         0x08005f31   Thumb Code    40  fpclassify.o(i.__ARM_fpclassify)
    _is_digit                                0x08005f59   Thumb Code    14  __printf_wp.o(i._is_digit)
    _get_lc_numeric                          0x08005f69   Thumb Code    44  lc_numeric_c.o(locale$$code)
    _get_lc_ctype                            0x08005f95   Thumb Code    44  lc_ctype_c.o(locale$$code)
    __fpl_dretinf                            0x08005fc1   Thumb Code    12  dretinf.o(x$fpl$dretinf)
    __aeabi_f2d                              0x08005fcd   Thumb Code     0  f2d.o(x$fpl$f2d)
    _f2d                                     0x08005fcd   Thumb Code    86  f2d.o(x$fpl$f2d)
    __aeabi_fcmpeq                           0x08006023   Thumb Code     0  fcmp.o(x$fpl$fcmp)
    _feq                                     0x08006023   Thumb Code    14  fcmp.o(x$fpl$fcmp)
    _fneq                                    0x08006031   Thumb Code    14  fcmp.o(x$fpl$fcmp)
    __aeabi_fcmpgt                           0x0800603f   Thumb Code     0  fcmp.o(x$fpl$fcmp)
    _fgr                                     0x0800603f   Thumb Code    14  fcmp.o(x$fpl$fcmp)
    __aeabi_fcmpge                           0x0800604d   Thumb Code     0  fcmp.o(x$fpl$fcmp)
    _fgeq                                    0x0800604d   Thumb Code    14  fcmp.o(x$fpl$fcmp)
    __aeabi_fcmple                           0x0800605b   Thumb Code     0  fcmp.o(x$fpl$fcmp)
    _fleq                                    0x0800605b   Thumb Code    14  fcmp.o(x$fpl$fcmp)
    __aeabi_fcmplt                           0x08006069   Thumb Code     0  fcmp.o(x$fpl$fcmp)
    _fls                                     0x08006069   Thumb Code    14  fcmp.o(x$fpl$fcmp)
    __fpl_fcmp_Inf                           0x08006077   Thumb Code    24  fcmpi.o(x$fpl$fcmpinf)
    __aeabi_fdiv                             0x08006091   Thumb Code     0  fdiv.o(x$fpl$fdiv)
    _fdiv                                    0x08006091   Thumb Code   384  fdiv.o(x$fpl$fdiv)
    __aeabi_cfcmpeq                          0x08006215   Thumb Code     0  feqf.o(x$fpl$feqf)
    _fcmpeq                                  0x08006215   Thumb Code   104  feqf.o(x$fpl$feqf)
    __aeabi_ui2f                             0x0800627d   Thumb Code     0  fflt_clz.o(x$fpl$ffltu)
    _ffltu                                   0x0800627d   Thumb Code    38  fflt_clz.o(x$fpl$ffltu)
    _fcmpge                                  0x080062a5   Thumb Code   104  fgeqf.o(x$fpl$fgeqf)
    __aeabi_cfcmple                          0x0800630d   Thumb Code     0  fleqf.o(x$fpl$fleqf)
    _fcmple                                  0x0800630d   Thumb Code   104  fleqf.o(x$fpl$fleqf)
    __fpl_fcmple_InfNaN                      0x0800635f   Thumb Code     0  fleqf.o(x$fpl$fleqf)
    __fpl_fnaninf                            0x08006375   Thumb Code   140  fnaninf.o(x$fpl$fnaninf)
    __fpl_fretinf                            0x08006401   Thumb Code    10  fretinf.o(x$fpl$fretinf)
    _printf_fp_dec                           0x0800640b   Thumb Code     4  printf1.o(x$fpl$printf1)
    _printf_fp_hex                           0x0800640f   Thumb Code     4  printf2.o(x$fpl$printf2)
    __I$use$fp                               0x08006412   Number         0  usenofp.o(x$fpl$usenofp)
    Hzk1                                     0x08006524   Data         928  oled.o(.rodata.Hzk1)
    Hzk2                                     0x080068c4   Data          72  oled.o(.rodata.Hzk2)
    Hzk3                                     0x0800690c   Data         128  oled.o(.rodata.Hzk3)
    Hzk4                                     0x0800698c   Data         512  oled.o(.rodata.Hzk4)
    asc2_0806                                0x08006b8c   Data         552  oled.o(.rodata.asc2_0806)
    asc2_1206                                0x08006db4   Data        1140  oled.o(.rodata.asc2_1206)
    asc2_1608                                0x08007228   Data        1520  oled.o(.rodata.asc2_1608)
    asc2_2412                                0x08007818   Data        3420  oled.o(.rodata.asc2_2412)
    devPubTopic                              0x08008574   Data          17  main.o(.rodata.devPubTopic)
    Region$$Table$$Base                      0x08008968   Number         0  anon$$obj.o(Region$$Table)
    Region$$Table$$Limit                     0x08008988   Number         0  anon$$obj.o(Region$$Table)
    __ctype                                  0x080089b1   Data           0  lc_ctype_c.o(locale$$data)
    SystemCoreClock                          0x20000000   Data           4  system_stm32f10x.o(.data.SystemCoreClock)
    alarm_is_free                            0x20000004   Data           1  main.o(.data.alarm_is_free)
    devSubTopic                              0x20000008   Data           4  main.o(.data.devSubTopic)
    _random_number_data                      0x20000010   Data         228  rand.o(.bss)
    __libspace_start                         0x200000f4   Data          96  libspace.o(.bss)
    ESP8266_INIT_OK                          0x20000154   Data           1  main.o(.bss.ESP8266_INIT_OK)
    __temporary_stack_top$libspace           0x20000154   Data           0  libspace.o(.bss)
    Led_Status                               0x20000155   Data           1  main.o(.bss.Led_Status)
    Light                                    0x20000158   Data           4  main.o(.bss.Light)
    OLED_GRAM                                0x2000015c   Data        1152  oled.o(.bss.OLED_GRAM)
    PUB_BUF                                  0x20000620   Data         256  main.o(.bss.PUB_BUF)
    alarmFlag                                0x20000720   Data           1  main.o(.bss.alarmFlag)
    esp8266_buf                              0x20000724   Data         128  esp8266.o(.bss.esp8266_buf)
    esp8266_cnt                              0x200007a4   Data           2  esp8266.o(.bss.esp8266_cnt)
    esp8266_cntPre                           0x200007a6   Data           2  esp8266.o(.bss.esp8266_cntPre)
    humidityH                                0x200007ab   Data           1  main.o(.bss.humidityH)
    humidityL                                0x200007ac   Data           1  main.o(.bss.humidityL)
    oledBuf                                  0x200007b0   Data          20  timer.o(.bss.oledBuf)
    temperatureH                             0x200007c4   Data           1  main.o(.bss.temperatureH)
    temperatureL                             0x200007c5   Data           1  main.o(.bss.temperatureL)



==============================================================================

Memory Map of the image

  Image Entry point : 0x080000ed

  Load Region LR_IROM1 (Base: 0x08000000, Size: 0x00008ac8, Max: 0x00010000, ABSOLUTE)

    Execution Region ER_IROM1 (Exec base: 0x08000000, Load base: 0x08000000, Size: 0x00008ab4, Max: 0x00010000, ABSOLUTE)

    Exec Addr    Load Addr    Size         Type   Attr      Idx    E Section Name        Object

    0x08000000   0x08000000   0x000000ec   Data   RO            3    RESET               startup_stm32f10x_md.o
    0x080000ec   0x080000ec   0x00000008   Code   RO         1684  * !!!main             c_w.l(__main.o)
    0x080000f4   0x080000f4   0x00000034   Code   RO         2089    !!!scatter          c_w.l(__scatter.o)
    0x08000128   0x08000128   0x0000001a   Code   RO         2091    !!handler_copy      c_w.l(__scatter_copy.o)
    0x08000142   0x08000142   0x00000002   PAD
    0x08000144   0x08000144   0x0000001c   Code   RO         2093    !!handler_zi        c_w.l(__scatter_zi.o)
    0x08000160   0x08000160   0x00000000   Code   RO         1660    .ARM.Collect$$_printf_percent$$00000000  c_w.l(_printf_percent.o)
    0x08000160   0x08000160   0x00000006   Code   RO         1803    .ARM.Collect$$_printf_percent$$00000001  c_w.l(_printf_n.o)
    0x08000166   0x08000166   0x00000006   Code   RO         1805    .ARM.Collect$$_printf_percent$$00000002  c_w.l(_printf_p.o)
    0x0800016c   0x0800016c   0x00000006   Code   RO         1659    .ARM.Collect$$_printf_percent$$00000003  c_w.l(_printf_f.o)
    0x08000172   0x08000172   0x00000006   Code   RO         1809    .ARM.Collect$$_printf_percent$$00000004  c_w.l(_printf_e.o)
    0x08000178   0x08000178   0x00000006   Code   RO         1810    .ARM.Collect$$_printf_percent$$00000005  c_w.l(_printf_g.o)
    0x0800017e   0x0800017e   0x00000006   Code   RO         1811    .ARM.Collect$$_printf_percent$$00000006  c_w.l(_printf_a.o)
    0x08000184   0x08000184   0x0000000a   Code   RO         1816    .ARM.Collect$$_printf_percent$$00000007  c_w.l(_printf_ll.o)
    0x0800018e   0x0800018e   0x00000006   Code   RO         1807    .ARM.Collect$$_printf_percent$$00000008  c_w.l(_printf_i.o)
    0x08000194   0x08000194   0x00000006   Code   RO         1658    .ARM.Collect$$_printf_percent$$00000009  c_w.l(_printf_d.o)
    0x0800019a   0x0800019a   0x00000006   Code   RO         1808    .ARM.Collect$$_printf_percent$$0000000A  c_w.l(_printf_u.o)
    0x080001a0   0x080001a0   0x00000006   Code   RO         1806    .ARM.Collect$$_printf_percent$$0000000B  c_w.l(_printf_o.o)
    0x080001a6   0x080001a6   0x00000006   Code   RO         1804    .ARM.Collect$$_printf_percent$$0000000C  c_w.l(_printf_x.o)
    0x080001ac   0x080001ac   0x00000006   Code   RO         1813    .ARM.Collect$$_printf_percent$$0000000D  c_w.l(_printf_lli.o)
    0x080001b2   0x080001b2   0x00000006   Code   RO         1814    .ARM.Collect$$_printf_percent$$0000000E  c_w.l(_printf_lld.o)
    0x080001b8   0x080001b8   0x00000006   Code   RO         1815    .ARM.Collect$$_printf_percent$$0000000F  c_w.l(_printf_llu.o)
    0x080001be   0x080001be   0x00000006   Code   RO         1820    .ARM.Collect$$_printf_percent$$00000010  c_w.l(_printf_llo.o)
    0x080001c4   0x080001c4   0x00000006   Code   RO         1821    .ARM.Collect$$_printf_percent$$00000011  c_w.l(_printf_llx.o)
    0x080001ca   0x080001ca   0x0000000a   Code   RO         1817    .ARM.Collect$$_printf_percent$$00000012  c_w.l(_printf_l.o)
    0x080001d4   0x080001d4   0x00000006   Code   RO         1802    .ARM.Collect$$_printf_percent$$00000013  c_w.l(_printf_c.o)
    0x080001da   0x080001da   0x00000006   Code   RO         1657    .ARM.Collect$$_printf_percent$$00000014  c_w.l(_printf_s.o)
    0x080001e0   0x080001e0   0x00000006   Code   RO         1818    .ARM.Collect$$_printf_percent$$00000015  c_w.l(_printf_lc.o)
    0x080001e6   0x080001e6   0x00000006   Code   RO         1819    .ARM.Collect$$_printf_percent$$00000016  c_w.l(_printf_ls.o)
    0x080001ec   0x080001ec   0x00000004   Code   RO         1812    .ARM.Collect$$_printf_percent$$00000017  c_w.l(_printf_percent_end.o)
    0x080001f0   0x080001f0   0x00000002   Code   RO         2019    .ARM.Collect$$libinit$$00000000  c_w.l(libinit.o)
    0x080001f2   0x080001f2   0x00000000   Code   RO         1827    .ARM.Collect$$libinit$$00000002  c_w.l(libinit2.o)
    0x080001f2   0x080001f2   0x00000000   Code   RO         1829    .ARM.Collect$$libinit$$00000004  c_w.l(libinit2.o)
    0x080001f2   0x080001f2   0x00000000   Code   RO         1831    .ARM.Collect$$libinit$$00000006  c_w.l(libinit2.o)
    0x080001f2   0x080001f2   0x00000008   Code   RO         1832    .ARM.Collect$$libinit$$00000007  c_w.l(libinit2.o)
    0x080001fa   0x080001fa   0x00000000   Code   RO         1834    .ARM.Collect$$libinit$$0000000C  c_w.l(libinit2.o)
    0x080001fa   0x080001fa   0x00000000   Code   RO         1836    .ARM.Collect$$libinit$$0000000E  c_w.l(libinit2.o)
    0x080001fa   0x080001fa   0x00000004   Code   RO         1837    .ARM.Collect$$libinit$$0000000F  c_w.l(libinit2.o)
    0x080001fe   0x080001fe   0x00000000   Code   RO         1838    .ARM.Collect$$libinit$$00000010  c_w.l(libinit2.o)
    0x080001fe   0x080001fe   0x00000006   Code   RO         1839    .ARM.Collect$$libinit$$00000011  c_w.l(libinit2.o)
    0x08000204   0x08000204   0x00000000   Code   RO         1841    .ARM.Collect$$libinit$$00000013  c_w.l(libinit2.o)
    0x08000204   0x08000204   0x0000000c   Code   RO         1842    .ARM.Collect$$libinit$$00000014  c_w.l(libinit2.o)
    0x08000210   0x08000210   0x00000000   Code   RO         1843    .ARM.Collect$$libinit$$00000015  c_w.l(libinit2.o)
    0x08000210   0x08000210   0x00000000   Code   RO         1845    .ARM.Collect$$libinit$$00000017  c_w.l(libinit2.o)
    0x08000210   0x08000210   0x0000000a   Code   RO         1846    .ARM.Collect$$libinit$$00000018  c_w.l(libinit2.o)
    0x0800021a   0x0800021a   0x00000000   Code   RO         1847    .ARM.Collect$$libinit$$00000019  c_w.l(libinit2.o)
    0x0800021a   0x0800021a   0x00000000   Code   RO         1849    .ARM.Collect$$libinit$$0000001B  c_w.l(libinit2.o)
    0x0800021a   0x0800021a   0x00000000   Code   RO         1851    .ARM.Collect$$libinit$$0000001D  c_w.l(libinit2.o)
    0x0800021a   0x0800021a   0x00000000   Code   RO         1853    .ARM.Collect$$libinit$$0000001F  c_w.l(libinit2.o)
    0x0800021a   0x0800021a   0x00000000   Code   RO         1855    .ARM.Collect$$libinit$$00000021  c_w.l(libinit2.o)
    0x0800021a   0x0800021a   0x00000000   Code   RO         1857    .ARM.Collect$$libinit$$00000023  c_w.l(libinit2.o)
    0x0800021a   0x0800021a   0x00000000   Code   RO         1859    .ARM.Collect$$libinit$$00000025  c_w.l(libinit2.o)
    0x0800021a   0x0800021a   0x00000000   Code   RO         1861    .ARM.Collect$$libinit$$00000027  c_w.l(libinit2.o)
    0x0800021a   0x0800021a   0x00000000   Code   RO         1865    .ARM.Collect$$libinit$$0000002E  c_w.l(libinit2.o)
    0x0800021a   0x0800021a   0x00000000   Code   RO         1867    .ARM.Collect$$libinit$$00000030  c_w.l(libinit2.o)
    0x0800021a   0x0800021a   0x00000000   Code   RO         1869    .ARM.Collect$$libinit$$00000032  c_w.l(libinit2.o)
    0x0800021a   0x0800021a   0x00000000   Code   RO         1871    .ARM.Collect$$libinit$$00000034  c_w.l(libinit2.o)
    0x0800021a   0x0800021a   0x00000002   Code   RO         1872    .ARM.Collect$$libinit$$00000035  c_w.l(libinit2.o)
    0x0800021c   0x0800021c   0x00000002   Code   RO         2086    .ARM.Collect$$libshutdown$$00000000  c_w.l(libshutdown.o)
    0x0800021e   0x0800021e   0x00000000   Code   RO         2040    .ARM.Collect$$libshutdown$$00000002  c_w.l(libshutdown2.o)
    0x0800021e   0x0800021e   0x00000000   Code   RO         2042    .ARM.Collect$$libshutdown$$00000004  c_w.l(libshutdown2.o)
    0x0800021e   0x0800021e   0x00000000   Code   RO         2045    .ARM.Collect$$libshutdown$$00000007  c_w.l(libshutdown2.o)
    0x0800021e   0x0800021e   0x00000000   Code   RO         2048    .ARM.Collect$$libshutdown$$0000000A  c_w.l(libshutdown2.o)
    0x0800021e   0x0800021e   0x00000000   Code   RO         2050    .ARM.Collect$$libshutdown$$0000000C  c_w.l(libshutdown2.o)
    0x0800021e   0x0800021e   0x00000000   Code   RO         2053    .ARM.Collect$$libshutdown$$0000000F  c_w.l(libshutdown2.o)
    0x0800021e   0x0800021e   0x00000002   Code   RO         2054    .ARM.Collect$$libshutdown$$00000010  c_w.l(libshutdown2.o)
    0x08000220   0x08000220   0x00000000   Code   RO         1726    .ARM.Collect$$rtentry$$00000000  c_w.l(__rtentry.o)
    0x08000220   0x08000220   0x00000000   Code   RO         1902    .ARM.Collect$$rtentry$$00000002  c_w.l(__rtentry2.o)
    0x08000220   0x08000220   0x00000006   Code   RO         1914    .ARM.Collect$$rtentry$$00000004  c_w.l(__rtentry4.o)
    0x08000226   0x08000226   0x00000000   Code   RO         1904    .ARM.Collect$$rtentry$$00000009  c_w.l(__rtentry2.o)
    0x08000226   0x08000226   0x00000004   Code   RO         1905    .ARM.Collect$$rtentry$$0000000A  c_w.l(__rtentry2.o)
    0x0800022a   0x0800022a   0x00000000   Code   RO         1907    .ARM.Collect$$rtentry$$0000000C  c_w.l(__rtentry2.o)
    0x0800022a   0x0800022a   0x00000008   Code   RO         1908    .ARM.Collect$$rtentry$$0000000D  c_w.l(__rtentry2.o)
    0x08000232   0x08000232   0x00000002   Code   RO         2024    .ARM.Collect$$rtexit$$00000000  c_w.l(rtexit.o)
    0x08000234   0x08000234   0x00000000   Code   RO         2060    .ARM.Collect$$rtexit$$00000002  c_w.l(rtexit2.o)
    0x08000234   0x08000234   0x00000004   Code   RO         2061    .ARM.Collect$$rtexit$$00000003  c_w.l(rtexit2.o)
    0x08000238   0x08000238   0x00000006   Code   RO         2062    .ARM.Collect$$rtexit$$00000004  c_w.l(rtexit2.o)
    0x0800023e   0x0800023e   0x00000002   PAD
    0x08000240   0x08000240   0x00000034   Code   RO         1661    .emb_text           c_w.l(rand.o)
    0x08000274   0x08000274   0x00000040   Code   RO            4    .text               startup_stm32f10x_md.o
    0x080002b4   0x080002b4   0x0000005e   Code   RO         1567    .text               c_w.l(h1_alloc.o)
    0x08000312   0x08000312   0x0000004e   Code   RO         1569    .text               c_w.l(h1_free.o)
    0x08000360   0x08000360   0x0000003c   Code   RO         1625    .text               c_w.l(vsnprintf.o)
    0x0800039c   0x0800039c   0x0000002c   Code   RO         1627    .text               c_w.l(__2sprintf.o)
    0x080003c8   0x080003c8   0x00000052   Code   RO         1633    .text               c_w.l(_printf_str.o)
    0x0800041a   0x0800041a   0x00000002   PAD
    0x0800041c   0x0800041c   0x00000078   Code   RO         1635    .text               c_w.l(_printf_dec.o)
    0x08000494   0x08000494   0x00000188   Code   RO         1654    .text               c_w.l(__printf_flags_ss_wp.o)
    0x0800061c   0x0800061c   0x0000003c   Code   RO         1662    .text               c_w.l(rand.o)
    0x08000658   0x08000658   0x00000014   Code   RO         1666    .text               c_w.l(strchr.o)
    0x0800066c   0x0800066c   0x00000024   Code   RO         1668    .text               c_w.l(strncat.o)
    0x08000690   0x08000690   0x00000024   Code   RO         1670    .text               c_w.l(strstr.o)
    0x080006b4   0x080006b4   0x00000048   Code   RO         1672    .text               c_w.l(strcpy.o)
    0x080006fc   0x080006fc   0x0000003e   Code   RO         1674    .text               c_w.l(strlen.o)
    0x0800073a   0x0800073a   0x0000008a   Code   RO         1676    .text               c_w.l(rt_memcpy_v6.o)
    0x080007c4   0x080007c4   0x00000044   Code   RO         1678    .text               c_w.l(rt_memclr.o)
    0x08000808   0x08000808   0x0000004e   Code   RO         1680    .text               c_w.l(rt_memclr_w.o)
    0x08000856   0x08000856   0x00000006   Code   RO         1682    .text               c_w.l(heapauxi.o)
    0x0800085c   0x0800085c   0x00000008   Code   RO         1730    .text               c_w.l(rt_heap_descriptor_intlibspace.o)
    0x08000864   0x08000864   0x00000004   Code   RO         1732    .text               c_w.l(hguard.o)
    0x08000868   0x08000868   0x0000008a   Code   RO         1734    .text               c_w.l(init_alloc.o)
    0x080008f2   0x080008f2   0x0000000e   Code   RO         1738    .text               c_w.l(h1_init.o)
    0x08000900   0x08000900   0x0000004e   Code   RO         1750    .text               c_w.l(_printf_pad.o)
    0x0800094e   0x0800094e   0x00000024   Code   RO         1752    .text               c_w.l(_printf_truncate.o)
    0x08000972   0x08000972   0x000000b2   Code   RO         1754    .text               c_w.l(_printf_intcommon.o)
    0x08000a24   0x08000a24   0x00000028   Code   RO         1756    .text               c_w.l(_printf_charcount.o)
    0x08000a4c   0x08000a4c   0x0000041c   Code   RO         1758    .text               c_w.l(_printf_fp_dec.o)
    0x08000e68   0x08000e68   0x00000030   Code   RO         1762    .text               c_w.l(_printf_char_common.o)
    0x08000e98   0x08000e98   0x0000000a   Code   RO         1764    .text               c_w.l(_sputc.o)
    0x08000ea2   0x08000ea2   0x00000010   Code   RO         1766    .text               c_w.l(_snputc.o)
    0x08000eb2   0x08000eb2   0x0000002c   Code   RO         1768    .text               c_w.l(_printf_char.o)
    0x08000ede   0x08000ede   0x00000002   PAD
    0x08000ee0   0x08000ee0   0x000000bc   Code   RO         1770    .text               c_w.l(_printf_wctomb.o)
    0x08000f9c   0x08000f9c   0x0000007c   Code   RO         1773    .text               c_w.l(_printf_longlong_dec.o)
    0x08001018   0x08001018   0x00000070   Code   RO         1779    .text               c_w.l(_printf_oct_int_ll.o)
    0x08001088   0x08001088   0x00000094   Code   RO         1799    .text               c_w.l(_printf_hex_int_ll_ptr.o)
    0x0800111c   0x0800111c   0x00000064   Code   RO         1822    .text               c_w.l(rt_memcpy_w.o)
    0x08001180   0x08001180   0x00000008   Code   RO         1898    .text               c_w.l(libspace.o)
    0x08001188   0x08001188   0x00000008   Code   RO         1919    .text               c_w.l(rt_locale_intlibspace.o)
    0x08001190   0x08001190   0x00000000   Code   RO         1923    .text               c_w.l(maybetermalloc1.o)
    0x08001190   0x08001190   0x00000034   Code   RO         1925    .text               c_w.l(h1_extend.o)
    0x080011c4   0x080011c4   0x0000008a   Code   RO         1929    .text               c_w.l(lludiv10.o)
    0x0800124e   0x0800124e   0x00000002   PAD
    0x08001250   0x08001250   0x000002fc   Code   RO         1931    .text               c_w.l(_printf_fp_hex.o)
    0x0800154c   0x0800154c   0x00000080   Code   RO         1934    .text               c_w.l(_printf_fp_infnan.o)
    0x080015cc   0x080015cc   0x0000002c   Code   RO         1938    .text               c_w.l(_printf_wchar.o)
    0x080015f8   0x080015f8   0x000000e4   Code   RO         1940    .text               c_w.l(bigflt0.o)
    0x080016dc   0x080016dc   0x00000048   Code   RO         1967    .text               c_w.l(_c16rtomb.o)
    0x08001724   0x08001724   0x0000000e   Code   RO         1972    .text               c_w.l(defsig_rtmem_outer.o)
    0x08001732   0x08001732   0x00000002   Code   RO         1989    .text               c_w.l(use_no_semi.o)
    0x08001734   0x08001734   0x00000000   Code   RO         1991    .text               c_w.l(indicate_semi.o)
    0x08001734   0x08001734   0x0000004a   Code   RO         1992    .text               c_w.l(sys_stackheap_outer.o)
    0x0800177e   0x0800177e   0x00000002   PAD
    0x08001780   0x08001780   0x00000010   Code   RO         1994    .text               c_w.l(rt_ctype_table.o)
    0x08001790   0x08001790   0x00000012   Code   RO         2002    .text               c_w.l(exit.o)
    0x080017a2   0x080017a2   0x0000000a   Code   RO         2004    .text               c_w.l(defsig_exit.o)
    0x080017ac   0x080017ac   0x00000050   Code   RO         2006    .text               c_w.l(defsig_rtmem_inner.o)
    0x080017fc   0x080017fc   0x00000080   Code   RO         2008    .text               c_w.l(strcmpv7m.o)
    0x0800187c   0x0800187c   0x0000000c   Code   RO         2020    .text               c_w.l(sys_exit.o)
    0x08001888   0x08001888   0x00000032   Code   RO         2037    .text               c_w.l(defsig_general.o)
    0x080018ba   0x080018ba   0x0000000e   Code   RO         2055    .text               c_w.l(sys_wrch.o)
    0x080018c8   0x080018c8   0x00000030   Code   RO           95    .text.BEEP_Init     beep.o
    0x080018f8   0x080018f8   0x0000015a   Code   RO          243    .text.BH1750_Init   bh1750.o
    0x08001a52   0x08001a52   0x00000002   PAD
    0x08001a54   0x08001a54   0x000000e0   Code   RO          235    .text.BH1750_Read_Measure  bh1750.o
    0x08001b34   0x08001b34   0x00000002   Code   RO           54    .text.BusFault_Handler  stm32f10x_it.o
    0x08001b36   0x08001b36   0x00000002   PAD
    0x08001b38   0x08001b38   0x00000074   Code   RO          292    .text.DEBUG_LOG     usart.o
    0x08001bac   0x08001bac   0x000000cc   Code   RO          113    .text.DHT11_Init    dht11.o
    0x08001c78   0x08001c78   0x00000154   Code   RO          111    .text.DHT11_Read_Data  dht11.o
    0x08001dcc   0x08001dcc   0x00000002   Code   RO           60    .text.DebugMon_Handler  stm32f10x_it.o
    0x08001dce   0x08001dce   0x00000002   PAD
    0x08001dd0   0x08001dd0   0x0000001e   Code   RO         1455    .text.ESP8266_Clear  esp8266.o
    0x08001dee   0x08001dee   0x00000002   PAD
    0x08001df0   0x08001df0   0x00000070   Code   RO         1463    .text.ESP8266_GetIPD  esp8266.o
    0x08001e60   0x08001e60   0x000003c0   Code   RO         1465    .text.ESP8266_Init  esp8266.o
    0x08002220   0x08002220   0x000000cc   Code   RO         1461    .text.ESP8266_SendData  esp8266.o
    0x080022ec   0x080022ec   0x00000030   Code   RO          323    .text.EXTI0_IRQHandler  exti.o
    0x0800231c   0x0800231c   0x0000003c   Code   RO          325    .text.EXTI1_IRQHandler  exti.o
    0x08002358   0x08002358   0x00000070   Code   RO          321    .text.EXTIX_Init    exti.o
    0x080023c8   0x080023c8   0x0000000c   Code   RO          666    .text.EXTI_ClearITPendingBit  stm32f10x_exti.o
    0x080023d4   0x080023d4   0x00000068   Code   RO          654    .text.EXTI_Init     stm32f10x_exti.o
    0x0800243c   0x0800243c   0x0000002e   Code   RO          818    .text.GPIO_EXTILineConfig  stm32f10x_gpio.o
    0x0800246a   0x0800246a   0x00000002   PAD
    0x0800246c   0x0800246c   0x000000c0   Code   RO          790    .text.GPIO_Init     stm32f10x_gpio.o
    0x0800252c   0x0800252c   0x0000000a   Code   RO          794    .text.GPIO_ReadInputDataBit  stm32f10x_gpio.o
    0x08002536   0x08002536   0x00000002   PAD
    0x08002538   0x08002538   0x00000004   Code   RO          804    .text.GPIO_ResetBits  stm32f10x_gpio.o
    0x0800253c   0x0800253c   0x00000004   Code   RO          802    .text.GPIO_SetBits  stm32f10x_gpio.o
    0x08002540   0x08002540   0x0000000c   Code   RO          806    .text.GPIO_WriteBit  stm32f10x_gpio.o
    0x0800254c   0x0800254c   0x00000002   Code   RO           50    .text.HardFault_Handler  stm32f10x_it.o
    0x0800254e   0x0800254e   0x00000002   PAD
    0x08002550   0x08002550   0x00000040   Code   RO          123    .text.KEY_Init      key.o
    0x08002590   0x08002590   0x00000050   Code   RO          136    .text.LED_Init      led.o
    0x080025e0   0x080025e0   0x00000018   Code   RO          245    .text.LIght_Intensity  bh1750.o
    0x080025f8   0x080025f8   0x0000001c   Code   RO         1483    .text.MQTT_DeleteBuffer  mqttkit.o
    0x08002614   0x08002614   0x00000074   Code   RO         1505    .text.MQTT_PacketCmdResp  mqttkit.o
    0x08002688   0x08002688   0x00000358   Code   RO         1491    .text.MQTT_PacketConnect  mqttkit.o
    0x080029e0   0x080029e0   0x000002c2   Code   RO         1499    .text.MQTT_PacketPublish  mqttkit.o
    0x08002ca2   0x08002ca2   0x00000002   PAD
    0x08002ca4   0x08002ca4   0x0000008c   Code   RO         1517    .text.MQTT_PacketPublishAck  mqttkit.o
    0x08002d30   0x08002d30   0x0000008c   Code   RO         1529    .text.MQTT_PacketPublishComp  mqttkit.o
    0x08002dbc   0x08002dbc   0x0000008c   Code   RO         1521    .text.MQTT_PacketPublishRec  mqttkit.o
    0x08002e48   0x08002e48   0x0000008c   Code   RO         1525    .text.MQTT_PacketPublishRel  mqttkit.o
    0x08002ed4   0x08002ed4   0x00000180   Code   RO         1507    .text.MQTT_PacketSubscribe  mqttkit.o
    0x08003054   0x08003054   0x000000ba   Code   RO         1503    .text.MQTT_UnPacketCmd  mqttkit.o
    0x0800310e   0x0800310e   0x00000002   PAD
    0x08003110   0x08003110   0x00000016   Code   RO         1495    .text.MQTT_UnPacketConnectAck  mqttkit.o
    0x08003126   0x08003126   0x00000002   PAD
    0x08003128   0x08003128   0x0000019e   Code   RO         1515    .text.MQTT_UnPacketPublish  mqttkit.o
    0x080032c6   0x080032c6   0x00000002   PAD
    0x080032c8   0x080032c8   0x00000018   Code   RO         1519    .text.MQTT_UnPacketPublishAck  mqttkit.o
    0x080032e0   0x080032e0   0x00000018   Code   RO         1531    .text.MQTT_UnPacketPublishComp  mqttkit.o
    0x080032f8   0x080032f8   0x00000018   Code   RO         1523    .text.MQTT_UnPacketPublishRec  mqttkit.o
    0x08003310   0x08003310   0x0000001e   Code   RO         1527    .text.MQTT_UnPacketPublishRel  mqttkit.o
    0x0800332e   0x0800332e   0x00000002   PAD
    0x08003330   0x08003330   0x000000b0   Code   RO         1489    .text.MQTT_UnPacketRecv  mqttkit.o
    0x080033e0   0x080033e0   0x00000022   Code   RO         1509    .text.MQTT_UnPacketSubscribe  mqttkit.o
    0x08003402   0x08003402   0x00000002   PAD
    0x08003404   0x08003404   0x00000014   Code   RO         1513    .text.MQTT_UnPacketUnSubscribe  mqttkit.o
    0x08003418   0x08003418   0x00000002   Code   RO           52    .text.MemManage_Handler  stm32f10x_it.o
    0x0800341a   0x0800341a   0x00000002   PAD
    0x0800341c   0x0800341c   0x00000002   Code   RO           48    .text.NMI_Handler   stm32f10x_it.o
    0x0800341e   0x0800341e   0x00000002   PAD
    0x08003420   0x08003420   0x0000005e   Code   RO          336    .text.NVIC_Init     misc.o
    0x0800347e   0x0800347e   0x00000002   PAD
    0x08003480   0x08003480   0x00000014   Code   RO          334    .text.NVIC_PriorityGroupConfig  misc.o
    0x08003494   0x08003494   0x00000034   Code   RO          166    .text.OLED_Clear    oled.o
    0x080034c8   0x080034c8   0x00000018   Code   RO          144    .text.OLED_ColorTurn  oled.o
    0x080034e0   0x080034e0   0x00000026   Code   RO          148    .text.OLED_DisplayTurn  oled.o
    0x08003506   0x08003506   0x00000002   PAD
    0x08003508   0x08003508   0x0000014a   Code   RO          188    .text.OLED_Init     oled.o
    0x08003652   0x08003652   0x00000002   PAD
    0x08003654   0x08003654   0x0000018e   Code   RO          164    .text.OLED_Refresh  oled.o
    0x080037e2   0x080037e2   0x00000002   PAD
    0x080037e4   0x080037e4   0x00000768   Code   RO          192    .text.OLED_Refresh_Line  oled.o
    0x08003f4c   0x08003f4c   0x0000013c   Code   RO          174    .text.OLED_ShowChar  oled.o
    0x08004088   0x08004088   0x00000122   Code   RO          182    .text.OLED_ShowChinese  oled.o
    0x080041aa   0x080041aa   0x00000002   PAD
    0x080041ac   0x080041ac   0x00000054   Code   RO          176    .text.OLED_ShowString  oled.o
    0x08004200   0x08004200   0x0000016c   Code   RO          146    .text.OLED_WR_Byte  oled.o
    0x0800436c   0x0800436c   0x00000184   Code   RO         1544    .text.OneNet_DevLink  onenet.o
    0x080044f0   0x080044f0   0x00000084   Code   RO         1548    .text.OneNet_Publish  onenet.o
    0x08004574   0x08004574   0x000002dc   Code   RO         1550    .text.OneNet_RevPro  onenet.o
    0x08004850   0x08004850   0x00000080   Code   RO         1546    .text.OneNet_Subscribe  onenet.o
    0x080048d0   0x080048d0   0x00000002   Code   RO           62    .text.PendSV_Handler  stm32f10x_it.o
    0x080048d2   0x080048d2   0x00000002   PAD
    0x080048d4   0x080048d4   0x00000018   Code   RO          997    .text.RCC_APB1PeriphClockCmd  stm32f10x_rcc.o
    0x080048ec   0x080048ec   0x00000018   Code   RO          995    .text.RCC_APB2PeriphClockCmd  stm32f10x_rcc.o
    0x08004904   0x08004904   0x000000a0   Code   RO          991    .text.RCC_GetClocksFreq  stm32f10x_rcc.o
    0x080049a4   0x080049a4   0x00000002   Code   RO           58    .text.SVC_Handler   stm32f10x_it.o
    0x080049a6   0x080049a6   0x00000002   PAD
    0x080049a8   0x080049a8   0x00000018   Code   RO          342    .text.SysTick_CLKSourceConfig  misc.o
    0x080049c0   0x080049c0   0x00000002   Code   RO           64    .text.SysTick_Handler  stm32f10x_it.o
    0x080049c2   0x080049c2   0x00000002   PAD
    0x080049c4   0x080049c4   0x00000110   Code   RO           11    .text.SystemInit    system_stm32f10x.o
    0x08004ad4   0x08004ad4   0x00000104   Code   RO          310    .text.TIM2_IRQHandler  timer.o
    0x08004bd8   0x08004bd8   0x00000054   Code   RO          308    .text.TIM2_Int_Init  timer.o
    0x08004c2c   0x08004c2c   0x0000005a   Code   RO          306    .text.TIM3_IRQHandler  timer.o
    0x08004c86   0x08004c86   0x00000002   PAD
    0x08004c88   0x08004c88   0x00000056   Code   RO          304    .text.TIM3_Int_Init  timer.o
    0x08004cde   0x08004cde   0x00000002   PAD
    0x08004ce0   0x08004ce0   0x00000006   Code   RO         1355    .text.TIM_ClearITPendingBit  stm32f10x_tim.o
    0x08004ce6   0x08004ce6   0x00000002   PAD
    0x08004ce8   0x08004ce8   0x00000012   Code   RO         1217    .text.TIM_Cmd       stm32f10x_tim.o
    0x08004cfa   0x08004cfa   0x00000002   PAD
    0x08004cfc   0x08004cfc   0x00000018   Code   RO         1353    .text.TIM_GetITStatus  stm32f10x_tim.o
    0x08004d14   0x08004d14   0x00000010   Code   RO         1221    .text.TIM_ITConfig  stm32f10x_tim.o
    0x08004d24   0x08004d24   0x000000aa   Code   RO         1185    .text.TIM_TimeBaseInit  stm32f10x_tim.o
    0x08004dce   0x08004dce   0x00000002   PAD
    0x08004dd0   0x08004dd0   0x00000026   Code   RO          294    .text.USART1_IRQHandler  usart.o
    0x08004df6   0x08004df6   0x00000002   PAD
    0x08004df8   0x08004df8   0x0000004c   Code   RO         1467    .text.USART2_IRQHandler  esp8266.o
    0x08004e44   0x08004e44   0x00000006   Code   RO         1417    .text.USART_ClearFlag  stm32f10x_usart.o
    0x08004e4a   0x08004e4a   0x00000002   PAD
    0x08004e4c   0x08004e4c   0x00000014   Code   RO         1375    .text.USART_Cmd     stm32f10x_usart.o
    0x08004e60   0x08004e60   0x0000000a   Code   RO         1415    .text.USART_GetFlagStatus  stm32f10x_usart.o
    0x08004e6a   0x08004e6a   0x00000002   PAD
    0x08004e6c   0x08004e6c   0x00000030   Code   RO         1419    .text.USART_GetITStatus  stm32f10x_usart.o
    0x08004e9c   0x08004e9c   0x0000002e   Code   RO         1377    .text.USART_ITConfig  stm32f10x_usart.o
    0x08004eca   0x08004eca   0x00000002   PAD
    0x08004ecc   0x08004ecc   0x000000b6   Code   RO         1367    .text.USART_Init    stm32f10x_usart.o
    0x08004f82   0x08004f82   0x00000002   PAD
    0x08004f84   0x08004f84   0x00000008   Code   RO         1391    .text.USART_SendData  stm32f10x_usart.o
    0x08004f8c   0x08004f8c   0x00000002   Code   RO           56    .text.UsageFault_Handler  stm32f10x_it.o
    0x08004f8e   0x08004f8e   0x00000002   PAD
    0x08004f90   0x08004f90   0x00000086   Code   RO          284    .text.Usart1_Init   usart.o
    0x08005016   0x08005016   0x00000002   PAD
    0x08005018   0x08005018   0x00000082   Code   RO          286    .text.Usart2_Init   usart.o
    0x0800509a   0x0800509a   0x00000002   PAD
    0x0800509c   0x0800509c   0x0000004e   Code   RO          290    .text.UsartPrintf   usart.o
    0x080050ea   0x080050ea   0x00000002   PAD
    0x080050ec   0x080050ec   0x00000024   Code   RO          288    .text.Usart_SendString  usart.o
    0x08005110   0x08005110   0x00000042   Code   RO          255    .text.delay_init    delay.o
    0x08005152   0x08005152   0x00000002   PAD
    0x08005154   0x08005154   0x0000003c   Code   RO          259    .text.delay_ms      delay.o
    0x08005190   0x08005190   0x0000003c   Code   RO          257    .text.delay_us      delay.o
    0x080051cc   0x080051cc   0x00000068   Code   RO          231    .text.i2c_CheckDevice  bh1750.o
    0x08005234   0x08005234   0x0000056c   Code   RO           25    .text.main          main.o
    0x080057a0   0x080057a0   0x0000003e   Code   RO         1943    CL$$btod_d2e        c_w.l(btod.o)
    0x080057de   0x080057de   0x00000046   Code   RO         1945    CL$$btod_d2e_denorm_low  c_w.l(btod.o)
    0x08005824   0x08005824   0x00000060   Code   RO         1944    CL$$btod_d2e_norm_op1  c_w.l(btod.o)
    0x08005884   0x08005884   0x00000338   Code   RO         1953    CL$$btod_div_common  c_w.l(btod.o)
    0x08005bbc   0x08005bbc   0x000000dc   Code   RO         1950    CL$$btod_e2e        c_w.l(btod.o)
    0x08005c98   0x08005c98   0x0000002a   Code   RO         1947    CL$$btod_ediv       c_w.l(btod.o)
    0x08005cc2   0x08005cc2   0x0000002a   Code   RO         1946    CL$$btod_emul       c_w.l(btod.o)
    0x08005cec   0x08005cec   0x00000244   Code   RO         1952    CL$$btod_mult_common  c_w.l(btod.o)
    0x08005f30   0x08005f30   0x00000028   Code   RO         1987    i.__ARM_fpclassify  m_ws.l(fpclassify.o)
    0x08005f58   0x08005f58   0x0000000e   Code   RO         1647    i._is_digit         c_w.l(__printf_wp.o)
    0x08005f66   0x08005f66   0x00000002   PAD
    0x08005f68   0x08005f68   0x0000002c   Code   RO         1970    locale$$code        c_w.l(lc_numeric_c.o)
    0x08005f94   0x08005f94   0x0000002c   Code   RO         2033    locale$$code        c_w.l(lc_ctype_c.o)
    0x08005fc0   0x08005fc0   0x0000000c   Code   RO         1875    x$fpl$dretinf       fz_ws.l(dretinf.o)
    0x08005fcc   0x08005fcc   0x00000056   Code   RO         1708    x$fpl$f2d           fz_ws.l(f2d.o)
    0x08006022   0x08006022   0x00000054   Code   RO         1710    x$fpl$fcmp          fz_ws.l(fcmp.o)
    0x08006076   0x08006076   0x00000018   Code   RO         1981    x$fpl$fcmpinf       fz_ws.l(fcmpi.o)
    0x0800608e   0x0800608e   0x00000002   PAD
    0x08006090   0x08006090   0x00000184   Code   RO         1713    x$fpl$fdiv          fz_ws.l(fdiv.o)
    0x08006214   0x08006214   0x00000068   Code   RO         1877    x$fpl$feqf          fz_ws.l(feqf.o)
    0x0800627c   0x0800627c   0x00000026   Code   RO         1716    x$fpl$ffltu         fz_ws.l(fflt_clz.o)
    0x080062a2   0x080062a2   0x00000002   PAD
    0x080062a4   0x080062a4   0x00000068   Code   RO         1879    x$fpl$fgeqf         fz_ws.l(fgeqf.o)
    0x0800630c   0x0800630c   0x00000068   Code   RO         1881    x$fpl$fleqf         fz_ws.l(fleqf.o)
    0x08006374   0x08006374   0x0000008c   Code   RO         1883    x$fpl$fnaninf       fz_ws.l(fnaninf.o)
    0x08006400   0x08006400   0x0000000a   Code   RO         1885    x$fpl$fretinf       fz_ws.l(fretinf.o)
    0x0800640a   0x0800640a   0x00000004   Code   RO         1722    x$fpl$printf1       fz_ws.l(printf1.o)
    0x0800640e   0x0800640e   0x00000004   Code   RO         1887    x$fpl$printf2       fz_ws.l(printf2.o)
    0x08006412   0x08006412   0x00000000   Code   RO         1893    x$fpl$usenofp       fz_ws.l(usenofp.o)
    0x08006412   0x08006412   0x00000011   Data   RO         1655    .constdata          c_w.l(__printf_flags_ss_wp.o)
    0x08006423   0x08006423   0x00000001   PAD
    0x08006424   0x08006424   0x00000008   Data   RO         1771    .constdata          c_w.l(_printf_wctomb.o)
    0x0800642c   0x0800642c   0x00000028   Data   RO         1800    .constdata          c_w.l(_printf_hex_int_ll_ptr.o)
    0x08006454   0x08006454   0x00000026   Data   RO         1932    .constdata          c_w.l(_printf_fp_hex.o)
    0x0800647a   0x0800647a   0x00000002   PAD
    0x0800647c   0x0800647c   0x00000094   Data   RO         1941    .constdata          c_w.l(bigflt0.o)
    0x08006510   0x08006510   0x00000004   Data   RO         1016    .rodata.ADCPrescTable  stm32f10x_rcc.o
    0x08006514   0x08006514   0x00000010   Data   RO         1015    .rodata.APBAHBPrescTable  stm32f10x_rcc.o
    0x08006524   0x08006524   0x000003a0   Data   RO          198    .rodata.Hzk1        oled.o
    0x080068c4   0x080068c4   0x00000048   Data   RO          199    .rodata.Hzk2        oled.o
    0x0800690c   0x0800690c   0x00000080   Data   RO          200    .rodata.Hzk3        oled.o
    0x0800698c   0x0800698c   0x00000200   Data   RO          201    .rodata.Hzk4        oled.o
    0x08006b8c   0x08006b8c   0x00000228   Data   RO          194    .rodata.asc2_0806   oled.o
    0x08006db4   0x08006db4   0x00000474   Data   RO          195    .rodata.asc2_1206   oled.o
    0x08007228   0x08007228   0x000005f0   Data   RO          196    .rodata.asc2_1608   oled.o
    0x08007818   0x08007818   0x00000d5c   Data   RO          197    .rodata.asc2_2412   oled.o
    0x08008574   0x08008574   0x00000011   Data   RO           33    .rodata.devPubTopic  main.o
    0x08008585   0x08008585   0x000001bf   Data   RO           31    .rodata.str1.1      main.o
    0x08008744   0x08008744   0x00000011   Data   RO          203    .rodata.str1.1      oled.o
    0x08008755   0x08008755   0x00000041   Data   RO         1472    .rodata.str1.1      esp8266.o
    0x08008796   0x08008796   0x00000006   Data   RO         1535    .rodata.str1.1      mqttkit.o
    0x0800879c   0x0800879c   0x000001cc   Data   RO         1552    .rodata.str1.1      onenet.o
    0x08008968   0x08008968   0x00000020   Data   RO         2088    Region$$Table       anon$$obj.o
    0x08008988   0x08008988   0x0000001c   Data   RO         1969    locale$$data        c_w.l(lc_numeric_c.o)
    0x080089a4   0x080089a4   0x00000110   Data   RO         2032    locale$$data        c_w.l(lc_ctype_c.o)


    Execution Region RW_IRAM1 (Exec base: 0x20000000, Load base: 0x08008ab8, Size: 0x00000dc8, Max: 0x00005000, ABSOLUTE)

    Exec Addr    Load Addr    Size         Type   Attr      Idx    E Section Name        Object

    0x20000000   0x08008ab8   0x00000004   Data   RW           15    .data.SystemCoreClock  system_stm32f10x.o
    0x20000004   0x08008abc   0x00000001   Data   RW           28    .data.alarm_is_free  main.o
    0x20000005   0x08008abd   0x00000003   PAD
    0x20000008   0x08008ac0   0x00000004   Data   RW           32    .data.devSubTopic   main.o
    0x2000000c   0x08008ac4   0x00000004   PAD
    0x20000010        -       0x000000e4   Zero   RW         1663    .bss                c_w.l(rand.o)
    0x200000f4        -       0x00000060   Zero   RW         1899    .bss                c_w.l(libspace.o)
    0x20000154        -       0x00000001   Zero   RW           34    .bss.ESP8266_INIT_OK  main.o
    0x20000155        -       0x00000001   Zero   RW           30    .bss.Led_Status     main.o
    0x20000156   0x08008ac4   0x00000002   PAD
    0x20000158        -       0x00000004   Zero   RW           29    .bss.Light          main.o
    0x2000015c        -       0x00000480   Zero   RW          202    .bss.OLED_GRAM      oled.o
    0x200005dc        -       0x00000010   Zero   RW          205    .bss.OLED_Refresh_Line.Display_line_0  oled.o
    0x200005ec        -       0x00000010   Zero   RW          206    .bss.OLED_Refresh_Line.Display_line_1  oled.o
    0x200005fc        -       0x00000010   Zero   RW          207    .bss.OLED_Refresh_Line.Display_line_2  oled.o
    0x2000060c        -       0x00000010   Zero   RW          208    .bss.OLED_Refresh_Line.Display_line_3  oled.o
    0x2000061c        -       0x00000001   Zero   RW          204    .bss.OLED_Refresh_Line.line  oled.o
    0x2000061d   0x08008ac4   0x00000001   PAD
    0x2000061e        -       0x00000002   Zero   RW         1553    .bss.OneNet_RevPro.pkt_id  onenet.o
    0x20000620        -       0x00000100   Zero   RW           39    .bss.PUB_BUF        main.o
    0x20000720        -       0x00000001   Zero   RW           27    .bss.alarmFlag      main.o
    0x20000721   0x08008ac4   0x00000003   PAD
    0x20000724        -       0x00000080   Zero   RW         1471    .bss.esp8266_buf    esp8266.o
    0x200007a4        -       0x00000002   Zero   RW         1469    .bss.esp8266_cnt    esp8266.o
    0x200007a6        -       0x00000002   Zero   RW         1470    .bss.esp8266_cntPre  esp8266.o
    0x200007a8        -       0x00000002   Zero   RW          262    .bss.fac_ms         delay.o
    0x200007aa        -       0x00000001   Zero   RW          261    .bss.fac_us         delay.o
    0x200007ab        -       0x00000001   Zero   RW           35    .bss.humidityH      main.o
    0x200007ac        -       0x00000001   Zero   RW           36    .bss.humidityL      main.o
    0x200007ad   0x08008ac4   0x00000003   PAD
    0x200007b0        -       0x00000014   Zero   RW          312    .bss.oledBuf        timer.o
    0x200007c4        -       0x00000001   Zero   RW           37    .bss.temperatureH   main.o
    0x200007c5        -       0x00000001   Zero   RW           38    .bss.temperatureL   main.o
    0x200007c6   0x08008ac4   0x00000002   PAD
    0x200007c8        -       0x00000200   Zero   RW            2    HEAP                startup_stm32f10x_md.o
    0x200009c8        -       0x00000400   Zero   RW            1    STACK               startup_stm32f10x_md.o


==============================================================================

Image component sizes


      Code (inc. data)   RO Data    RW Data    ZI Data      Debug   Object Name

        48          0          0          0          0       1372   beep.o
       698          0          0          0          0       6947   bh1750.o
       186          0          0          0          3       1378   delay.o
       544          0          0          0          0       4258   dht11.o
      1382        188         65          0        132       6114   esp8266.o
       220          0          0          0          0       2847   exti.o
        64          0          0          0          0       1793   key.o
        80          0          0          0          0       1388   led.o
      1388        180        464          5        267       2585   main.o
       138          0          0          0          0       3263   misc.o
      3604          0          6          0          0      22155   mqttkit.o
      3792         16       8289          0       1217      22590   oled.o
      1380        356        460          0          2       4979   onenet.o
        64         26        236          0       1536        788   startup_stm32f10x_md.o
       116          0          0          0          0       2707   stm32f10x_exti.o
       268          0          0          0          0       5893   stm32f10x_gpio.o
        18          0          0          0          0        973   stm32f10x_it.o
       208          0         20          0          0       8237   stm32f10x_rcc.o
       234          0          0          0          0      28898   stm32f10x_tim.o
       320          0          0          0          0       8503   stm32f10x_usart.o
       272          0          0          4          0       2691   system_stm32f10x.o
       520         48          0          0         20       4365   timer.o
       532         16          0          0          0       5233   usart.o

    ----------------------------------------------------------------------
     16152        830       9572         12       3192     149957   Object Totals
         0          0         32          0          0          0   (incl. Generated)
        76          0          0          3         15          0   (incl. Padding)

    ----------------------------------------------------------------------

      Code (inc. data)   RO Data    RW Data    ZI Data      Debug   Library Member Name

        44          6          0          0          0         84   __2sprintf.o
         8          0          0          0          0         68   __main.o
       392          4         17          0          0         92   __printf_flags_ss_wp.o
        14          0          0          0          0         68   __printf_wp.o
         0          0          0          0          0          0   __rtentry.o
        12          0          0          0          0          0   __rtentry2.o
         6          0          0          0          0          0   __rtentry4.o
        52          8          0          0          0          0   __scatter.o
        26          0          0          0          0          0   __scatter_copy.o
        28          0          0          0          0          0   __scatter_zi.o
        72          0          0          0          0         96   _c16rtomb.o
         6          0          0          0          0          0   _printf_a.o
         6          0          0          0          0          0   _printf_c.o
        44          0          0          0          0        108   _printf_char.o
        48          6          0          0          0         96   _printf_char_common.o
        40          0          0          0          0         68   _printf_charcount.o
         6          0          0          0          0          0   _printf_d.o
       120         16          0          0          0         92   _printf_dec.o
         6          0          0          0          0          0   _printf_e.o
         6          0          0          0          0          0   _printf_f.o
      1052          0          0          0          0        148   _printf_fp_dec.o
       764          8         38          0          0        100   _printf_fp_hex.o
       128         16          0          0          0         84   _printf_fp_infnan.o
         6          0          0          0          0          0   _printf_g.o
       148          4         40          0          0        160   _printf_hex_int_ll_ptr.o
         6          0          0          0          0          0   _printf_i.o
       178          0          0          0          0         88   _printf_intcommon.o
        10          0          0          0          0          0   _printf_l.o
         6          0          0          0          0          0   _printf_lc.o
        10          0          0          0          0          0   _printf_ll.o
         6          0          0          0          0          0   _printf_lld.o
         6          0          0          0          0          0   _printf_lli.o
         6          0          0          0          0          0   _printf_llo.o
         6          0          0          0          0          0   _printf_llu.o
         6          0          0          0          0          0   _printf_llx.o
       124         16          0          0          0         92   _printf_longlong_dec.o
         6          0          0          0          0          0   _printf_ls.o
         6          0          0          0          0          0   _printf_n.o
         6          0          0          0          0          0   _printf_o.o
       112          8          0          0          0        124   _printf_oct_int_ll.o
         6          0          0          0          0          0   _printf_p.o
        78          0          0          0          0        108   _printf_pad.o
         0          0          0          0          0          0   _printf_percent.o
         4          0          0          0          0          0   _printf_percent_end.o
         6          0          0          0          0          0   _printf_s.o
        82          0          0          0          0         80   _printf_str.o
        36          0          0          0          0         84   _printf_truncate.o
         6          0          0          0          0          0   _printf_u.o
        44          0          0          0          0        108   _printf_wchar.o
       188          6          8          0          0         92   _printf_wctomb.o
         6          0          0          0          0          0   _printf_x.o
        16          0          0          0          0         68   _snputc.o
        10          0          0          0          0         68   _sputc.o
       228          4        148          0          0         96   bigflt0.o
      1936        128          0          0          0        668   btod.o
        10          0          0          0          0         68   defsig_exit.o
        50          0          0          0          0         88   defsig_general.o
        80         58          0          0          0         76   defsig_rtmem_inner.o
        14          0          0          0          0         80   defsig_rtmem_outer.o
        18          0          0          0          0         80   exit.o
        94          0          0          0          0         80   h1_alloc.o
        52          0          0          0          0         68   h1_extend.o
        78          0          0          0          0         80   h1_free.o
        14          0          0          0          0         84   h1_init.o
         6          0          0          0          0        152   heapauxi.o
         4          0          0          0          0        136   hguard.o
         0          0          0          0          0          0   indicate_semi.o
       138          0          0          0          0        168   init_alloc.o
        44         10        272          0          0         76   lc_ctype_c.o
        44         10         28          0          0         76   lc_numeric_c.o
         2          0          0          0          0          0   libinit.o
        42          0          0          0          0          0   libinit2.o
         2          0          0          0          0          0   libshutdown.o
         2          0          0          0          0          0   libshutdown2.o
         8          4          0          0         96         68   libspace.o
       138          0          0          0          0         80   lludiv10.o
         0          0          0          0          0          0   maybetermalloc1.o
       112         18          0          0        228        160   rand.o
        16          4          0          0          0         76   rt_ctype_table.o
         8          4          0          0          0         68   rt_heap_descriptor_intlibspace.o
         8          4          0          0          0         68   rt_locale_intlibspace.o
        68          0          0          0          0         68   rt_memclr.o
        78          0          0          0          0         80   rt_memclr_w.o
       138          0          0          0          0         68   rt_memcpy_v6.o
       100          0          0          0          0         80   rt_memcpy_w.o
         2          0          0          0          0          0   rtexit.o
        10          0          0          0          0          0   rtexit2.o
        20          0          0          0          0         68   strchr.o
       128          0          0          0          0         68   strcmpv7m.o
        72          0          0          0          0         80   strcpy.o
        62          0          0          0          0         76   strlen.o
        36          0          0          0          0         76   strncat.o
        36          0          0          0          0         80   strstr.o
        12          4          0          0          0         68   sys_exit.o
        74          0          0          0          0         80   sys_stackheap_outer.o
        14          0          0          0          0         76   sys_wrch.o
         2          0          0          0          0         68   use_no_semi.o
        60          4          0          0          0         80   vsnprintf.o
        12          0          0          0          0         68   dretinf.o
        86          4          0          0          0         84   f2d.o
        84          0          0          0          0        196   fcmp.o
        24          0          0          0          0         68   fcmpi.o
       388         76          0          0          0         96   fdiv.o
       104          4          0          0          0         84   feqf.o
        38          0          0          0          0         68   fflt_clz.o
       104          4          0          0          0         84   fgeqf.o
       104          4          0          0          0         84   fleqf.o
       140          4          0          0          0         84   fnaninf.o
        10          0          0          0          0         68   fretinf.o
         4          0          0          0          0         68   printf1.o
         4          0          0          0          0         68   printf2.o
         0          0          0          0          0          0   usenofp.o
        40          0          0          0          0         68   fpclassify.o

    ----------------------------------------------------------------------
      9230        446        554          0        324       7076   Library Totals
        18          0          3          0          0          0   (incl. Padding)

    ----------------------------------------------------------------------

      Code (inc. data)   RO Data    RW Data    ZI Data      Debug   Library Name

      8070        350        551          0        324       5888   c_w.l
      1102         96          0          0          0       1120   fz_ws.l
        40          0          0          0          0         68   m_ws.l

    ----------------------------------------------------------------------
      9230        446        554          0        324       7076   Library Totals

    ----------------------------------------------------------------------

==============================================================================


      Code (inc. data)   RO Data    RW Data    ZI Data      Debug   

     25382       1276      10126         12       3516     152553   Grand Totals
     25382       1276      10126         12       3516     152553   ELF Image Totals
     25382       1276      10126         12          0          0   ROM Totals

==============================================================================

    Total RO  Size (Code + RO Data)                35508 (  34.68kB)
    Total RW  Size (RW Data + ZI Data)              3528 (   3.45kB)
    Total ROM Size (Code + RO Data + RW Data)      35520 (  34.69kB)

==============================================================================

