Component: Arm Compiler for Embedded 6.19 Tool: armlink [5e73cb00]

==============================================================================

Section Cross References

    startup_stm32f10x_md.o(STACK) refers (Special) to heapauxi.o(.text) for __use_two_region_memory
    startup_stm32f10x_md.o(HEAP) refers (Special) to heapauxi.o(.text) for __use_two_region_memory
    startup_stm32f10x_md.o(RESET) refers (Special) to heapauxi.o(.text) for __use_two_region_memory
    startup_stm32f10x_md.o(RESET) refers to startup_stm32f10x_md.o(STACK) for __initial_sp
    startup_stm32f10x_md.o(RESET) refers to startup_stm32f10x_md.o(.text) for Reset_Handler
    startup_stm32f10x_md.o(RESET) refers to stm32f10x_it.o(.text.NMI_Handler) for NMI_Handler
    startup_stm32f10x_md.o(RESET) refers to stm32f10x_it.o(.text.HardFault_Handler) for HardFault_Handler
    startup_stm32f10x_md.o(RESET) refers to stm32f10x_it.o(.text.MemManage_Handler) for MemManage_Handler
    startup_stm32f10x_md.o(RESET) refers to stm32f10x_it.o(.text.BusFault_Handler) for BusFault_Handler
    startup_stm32f10x_md.o(RESET) refers to stm32f10x_it.o(.text.UsageFault_Handler) for UsageFault_Handler
    startup_stm32f10x_md.o(RESET) refers to stm32f10x_it.o(.text.SVC_Handler) for SVC_Handler
    startup_stm32f10x_md.o(RESET) refers to stm32f10x_it.o(.text.DebugMon_Handler) for DebugMon_Handler
    startup_stm32f10x_md.o(RESET) refers to stm32f10x_it.o(.text.PendSV_Handler) for PendSV_Handler
    startup_stm32f10x_md.o(RESET) refers to stm32f10x_it.o(.text.SysTick_Handler) for SysTick_Handler
    startup_stm32f10x_md.o(RESET) refers to timer.o(.text.TIM2_IRQHandler) for TIM2_IRQHandler
    startup_stm32f10x_md.o(RESET) refers to timer.o(.text.TIM3_IRQHandler) for TIM3_IRQHandler
    startup_stm32f10x_md.o(RESET) refers to usart.o(.text.USART1_IRQHandler) for USART1_IRQHandler
    startup_stm32f10x_md.o(RESET) refers to esp8266.o(.text.USART2_IRQHandler) for USART2_IRQHandler
    startup_stm32f10x_md.o(.text) refers (Special) to heapauxi.o(.text) for __use_two_region_memory
    startup_stm32f10x_md.o(.text) refers to system_stm32f10x.o(.text.SystemInit) for SystemInit
    startup_stm32f10x_md.o(.text) refers to __main.o(!!!main) for __main
    startup_stm32f10x_md.o(.text) refers to startup_stm32f10x_md.o(HEAP) for Heap_Mem
    startup_stm32f10x_md.o(.text) refers to startup_stm32f10x_md.o(STACK) for Stack_Mem
    system_stm32f10x.o(.ARM.exidx.text.SystemInit) refers to system_stm32f10x.o(.text.SystemInit) for [Anonymous Symbol]
    system_stm32f10x.o(.text.SystemCoreClockUpdate) refers to system_stm32f10x.o(.data.SystemCoreClock) for SystemCoreClock
    system_stm32f10x.o(.text.SystemCoreClockUpdate) refers to system_stm32f10x.o(.rodata.AHBPrescTable) for AHBPrescTable
    system_stm32f10x.o(.ARM.exidx.text.SystemCoreClockUpdate) refers to system_stm32f10x.o(.text.SystemCoreClockUpdate) for [Anonymous Symbol]
    main.o(.text.main) refers to delay.o(.text.delay_init) for delay_init
    main.o(.text.main) refers to led.o(.text.LED_Init) for LED_Init
    main.o(.text.main) refers to timer.o(.text.TIM2_Int_Init) for TIM2_Int_Init
    main.o(.text.main) refers to timer.o(.text.TIM3_Int_Init) for TIM3_Int_Init
    main.o(.text.main) refers to dht11.o(.text.DHT11_Init) for DHT11_Init
    main.o(.text.main) refers to beep.o(.text.BEEP_Init) for BEEP_Init
    main.o(.text.main) refers to usart.o(.text.Usart1_Init) for Usart1_Init
    main.o(.text.main) refers to main.o(.bss.humidityH) for humidityH
    main.o(.text.main) refers to main.o(.bss.humidityL) for humidityL
    main.o(.text.main) refers to main.o(.bss.temperatureH) for temperatureH
    main.o(.text.main) refers to main.o(.bss.temperatureL) for temperatureL
    main.o(.text.main) refers to dht11.o(.text.DHT11_Read_Data) for DHT11_Read_Data
    main.o(.text.main) refers to usart.o(.text.UsartPrintf) for UsartPrintf
    main.o(.ARM.exidx.text.main) refers to main.o(.text.main) for [Anonymous Symbol]
    stm32f10x_it.o(.ARM.exidx.text.NMI_Handler) refers to stm32f10x_it.o(.text.NMI_Handler) for [Anonymous Symbol]
    stm32f10x_it.o(.ARM.exidx.text.HardFault_Handler) refers to stm32f10x_it.o(.text.HardFault_Handler) for [Anonymous Symbol]
    stm32f10x_it.o(.ARM.exidx.text.MemManage_Handler) refers to stm32f10x_it.o(.text.MemManage_Handler) for [Anonymous Symbol]
    stm32f10x_it.o(.ARM.exidx.text.BusFault_Handler) refers to stm32f10x_it.o(.text.BusFault_Handler) for [Anonymous Symbol]
    stm32f10x_it.o(.ARM.exidx.text.UsageFault_Handler) refers to stm32f10x_it.o(.text.UsageFault_Handler) for [Anonymous Symbol]
    stm32f10x_it.o(.ARM.exidx.text.SVC_Handler) refers to stm32f10x_it.o(.text.SVC_Handler) for [Anonymous Symbol]
    stm32f10x_it.o(.ARM.exidx.text.DebugMon_Handler) refers to stm32f10x_it.o(.text.DebugMon_Handler) for [Anonymous Symbol]
[...]
    stm32f10x_crc.c                          0x00000000   Number         0  stm32f10x_crc.o ABSOLUTE
    stm32f10x_dac.c                          0x00000000   Number         0  stm32f10x_dac.o ABSOLUTE
    stm32f10x_dbgmcu.c                       0x00000000   Number         0  stm32f10x_dbgmcu.o ABSOLUTE
    stm32f10x_dma.c                          0x00000000   Number         0  stm32f10x_dma.o ABSOLUTE
    stm32f10x_exti.c                         0x00000000   Number         0  stm32f10x_exti.o ABSOLUTE
    stm32f10x_flash.c                        0x00000000   Number         0  stm32f10x_flash.o ABSOLUTE
    stm32f10x_fsmc.c                         0x00000000   Number         0  stm32f10x_fsmc.o ABSOLUTE
    stm32f10x_gpio.c                         0x00000000   Number         0  stm32f10x_gpio.o ABSOLUTE
    stm32f10x_i2c.c                          0x00000000   Number         0  stm32f10x_i2c.o ABSOLUTE
    stm32f10x_it.c                           0x00000000   Number         0  stm32f10x_it.o ABSOLUTE
    stm32f10x_iwdg.c                         0x00000000   Number         0  stm32f10x_iwdg.o ABSOLUTE
    stm32f10x_pwr.c                          0x00000000   Number         0  stm32f10x_pwr.o ABSOLUTE
    stm32f10x_rcc.c                          0x00000000   Number         0  stm32f10x_rcc.o ABSOLUTE
    stm32f10x_rtc.c                          0x00000000   Number         0  stm32f10x_rtc.o ABSOLUTE
    stm32f10x_sdio.c                         0x00000000   Number         0  stm32f10x_sdio.o ABSOLUTE
    stm32f10x_spi.c                          0x00000000   Number         0  stm32f10x_spi.o ABSOLUTE
    stm32f10x_tim.c                          0x00000000   Number         0  stm32f10x_tim.o ABSOLUTE
    stm32f10x_usart.c                        0x00000000   Number         0  stm32f10x_usart.o ABSOLUTE
    stm32f10x_wwdg.c                         0x00000000   Number         0  stm32f10x_wwdg.o ABSOLUTE
    sys.c                                    0x00000000   Number         0  sys.o ABSOLUTE
    system_stm32f10x.c                       0x00000000   Number         0  system_stm32f10x.o ABSOLUTE
    timer.c                                  0x00000000   Number         0  timer.o ABSOLUTE
    usart.c                                  0x00000000   Number         0  usart.o ABSOLUTE
    RESET                                    0x08000000   Section      236  startup_stm32f10x_md.o(RESET)
    !!!main                                  0x080000ec   Section        8  __main.o(!!!main)
    !!!scatter                               0x080000f4   Section       52  __scatter.o(!!!scatter)
    !!handler_copy                           0x08000128   Section       26  __scatter_copy.o(!!handler_copy)
    !!handler_zi                             0x08000144   Section       28  __scatter_zi.o(!!handler_zi)
    .ARM.Collect$$_printf_percent$$00000000  0x08000160   Section        0  _printf_percent.o(.ARM.Collect$$_printf_percent$$00000000)
    .ARM.Collect$$_printf_percent$$00000001  0x08000160   Section        6  _printf_n.o(.ARM.Collect$$_printf_percent$$00000001)
    .ARM.Collect$$_printf_percent$$00000002  0x08000166   Section        6  _printf_p.o(.ARM.Collect$$_printf_percent$$00000002)
    .ARM.Collect$$_printf_percent$$00000003  0x0800016c   Section        6  _printf_f.o(.ARM.Collect$$_printf_percent$$00000003)
    .ARM.Collect$$_printf_percent$$00000004  0x08000172   Section        6  _printf_e.o(.ARM.Collect$$_printf_percent$$00000004)
    .ARM.Collect$$_printf_percent$$00000005  0x08000178   Section        6  _printf_g.o(.ARM.Collect$$_printf_percent$$00000005)
    .ARM.Collect$$_printf_percent$$00000006  0x0800017e   Section        6  _printf_a.o(.ARM.Collect$$_printf_percent$$00000006)
    .ARM.Collect$$_printf_percent$$00000007  0x08000184   Section       10  _printf_ll.o(.ARM.Collect$$_printf_percent$$00000007)
    .ARM.Collect$$_printf_percent$$00000008  0x0800018e   Section        6  _printf_i.o(.ARM.Collect$$_printf_percent$$00000008)
    .ARM.Collect$$_printf_percent$$00000009  0x08000194   Section        6  _printf_d.o(.ARM.Collect$$_printf_percent$$00000009)
    .ARM.Collect$$_printf_percent$$0000000A  0x0800019a   Section        6  _printf_u.o(.ARM.Collect$$_printf_percent$$0000000A)
    .ARM.Collect$$_printf_percent$$0000000B  0x080001a0   Section        6  _printf_o.o(.ARM.Collect$$_printf_percent$$0000000B)
    .ARM.Collect$$_printf_percent$$0000000C  0x080001a6   Section        6  _printf_x.o(.ARM.Collect$$_printf_percent$$0000000C)
    .ARM.Collect$$_printf_percent$$0000000D  0x080001ac   Section        6  _printf_lli.o(.ARM.Collect$$_printf_percent$$0000000D)
    .ARM.Collect$$_printf_percent$$0000000E  0x080001b2   Section        6  _printf_lld.o(.ARM.Collect$$_printf_percent$$0000000E)
    .ARM.Collect$$_printf_percent$$0000000F  0x080001b8   Section        6  _printf_llu.o(.ARM.Collect$$_printf_percent$$0000000F)
    .ARM.Collect$$_printf_percent$$00000010  0x080001be   Section        6  _printf_llo.o(.ARM.Collect$$_printf_percent$$00000010)
    .ARM.Collect$$_printf_percent$$00000011  0x080001c4   Section        6  _printf_llx.o(.ARM.Collect$$_printf_percent$$00000011)
    .ARM.Collect$$_printf_percent$$00000012  0x080001ca   Section       10  _printf_l.o(.ARM.Collect$$_printf_percent$$00000012)
    .ARM.Collect$$_printf_percent$$00000013  0x080001d4   Section        6  _printf_c.o(.ARM.Collect$$_printf_percent$$00000013)
    .ARM.Collect$$_printf_percent$$00000014  0x080001da   Section        6  _printf_s.o(.ARM.Collect$$_printf_percent$$00000014)
    .ARM.Collect$$_printf_percent$$00000015  0x080001e0   Section        6  _printf_lc.o(.ARM.Collect$$_printf_percent$$00000015)
    .ARM.Collect$$_printf_percent$$00000016  0x080001e6   Section        6  _printf_ls.o(.ARM.Collect$$_printf_percent$$00000016)
    .ARM.Collect$$_printf_percent$$00000017  0x080001ec   Section        4  _printf_percent_end.o(.ARM.Collect$$_printf_percent$$00000017)
    .ARM.Collect$$libinit$$00000000          0x080001f0   Section        2  libinit.o(.ARM.Collect$$libinit$$00000000)
    .ARM.Collect$$libinit$$00000002          0x080001f2   Section        0  libinit2.o(.ARM.Collect$$libinit$$00000002)
    .ARM.Collect$$libinit$$00000004          0x080001f2   Section        0  libinit2.o(.ARM.Collect$$libinit$$00000004)
    .ARM.Collect$$libinit$$00000006          0x080001f2   Section        0  libinit2.o(.ARM.Collect$$libinit$$00000006)
    .ARM.Collect$$libinit$$0000000C          0x080001f2   Section        0  libinit2.o(.ARM.Collect$$libinit$$0000000C)
    .ARM.Collect$$libinit$$0000000E          0x080001f2   Section        0  libinit2.o(.ARM.Collect$$libinit$$0000000E)
    .ARM.Collect$$libinit$$00000010          0x080001f2   Section        0  libinit2.o(.ARM.Collect$$libinit$$00000010)
    .ARM.Collect$$libinit$$00000011          0x080001f2   Section        6  libinit2.o(.ARM.Collect$$libinit$$00000011)
    .ARM.Collect$$libinit$$00000013          0x080001f8   Section        0  libinit2.o(.ARM.Collect$$libinit$$00000013)
    .ARM.Collect$$libinit$$00000014          0x080001f8   Section       12  libinit2.o(.ARM.Collect$$libinit$$00000014)
    .ARM.Collect$$libinit$$00000015          0x08000204   Section        0  libinit2.o(.ARM.Collect$$libinit$$00000015)
    .ARM.Collect$$libinit$$00000017          0x08000204   Section        0  libinit2.o(.ARM.Collect$$libinit$$00000017)
    .ARM.Collect$$libinit$$00000018          0x08000204   Section       10  libinit2.o(.ARM.Collect$$libinit$$00000018)
    .ARM.Collect$$libinit$$00000019          0x0800020e   Section        0  libinit2.o(.ARM.Collect$$libinit$$00000019)
    .ARM.Collect$$libinit$$0000001B          0x0800020e   Section        0  libinit2.o(.ARM.Collect$$libinit$$0000001B)
    .ARM.Collect$$libinit$$0000001D          0x0800020e   Section        0  libinit2.o(.ARM.Collect$$libinit$$0000001D)
    .ARM.Collect$$libinit$$0000001F          0x0800020e   Section        0  libinit2.o(.ARM.Collect$$libinit$$0000001F)
    .ARM.Collect$$libinit$$00000021          0x0800020e   Section        0  libinit2.o(.ARM.Collect$$libinit$$00000021)
    .ARM.Collect$$libinit$$00000023          0x0800020e   Section        0  libinit2.o(.ARM.Collect$$libinit$$00000023)
    .ARM.Collect$$libinit$$00000025          0x0800020e   Section        0  libinit2.o(.ARM.Collect$$libinit$$00000025)
    .ARM.Collect$$libinit$$00000027          0x0800020e   Section        0  libinit2.o(.ARM.Collect$$libinit$$00000027)
    .ARM.Collect$$libinit$$0000002E          0x0800020e   Section        0  libinit2.o(.ARM.Collect$$libinit$$0000002E)
    .ARM.Collect$$libinit$$00000030          0x0800020e   Section        0  libinit2.o(.ARM.Collect$$libinit$$00000030)
    .ARM.Collect$$libinit$$00000032          0x0800020e   Section        0  libinit2.o(.ARM.Collect$$libinit$$00000032)
    .ARM.Collect$$libinit$$00000034          0x0800020e   Section        0  libinit2.o(.ARM.Collect$$libinit$$00000034)
    .ARM.Collect$$libinit$$00000035          0x0800020e   Section        2  libinit2.o(.ARM.Collect$$libinit$$00000035)
    .ARM.Collect$$libshutdown$$00000000      0x08000210   Section        2  libshutdown.o(.ARM.Collect$$libshutdown$$00000000)
    .ARM.Collect$$libshutdown$$00000002      0x08000212   Section        0  libshutdown2.o(.ARM.Collect$$libshutdown$$00000002)
    .ARM.Collect$$libshutdown$$00000004      0x08000212   Section        0  libshutdown2.o(.ARM.Collect$$libshutdown$$00000004)
    .ARM.Collect$$libshutdown$$00000007      0x08000212   Section        0  libshutdown2.o(.ARM.Collect$$libshutdown$$00000007)
    .ARM.Collect$$libshutdown$$0000000A      0x08000212   Section        0  libshutdown2.o(.ARM.Collect$$libshutdown$$0000000A)
    .ARM.Collect$$libshutdown$$0000000C      0x08000212   Section        0  libshutdown2.o(.ARM.Collect$$libshutdown$$0000000C)
    .ARM.Collect$$libshutdown$$0000000F      0x08000212   Section        0  libshutdown2.o(.ARM.Collect$$libshutdown$$0000000F)
    .ARM.Collect$$libshutdown$$00000010      0x08000212   Section        2  libshutdown2.o(.ARM.Collect$$libshutdown$$00000010)
    .ARM.Collect$$rtentry$$00000000          0x08000214   Section        0  __rtentry.o(.ARM.Collect$$rtentry$$00000000)
    .ARM.Collect$$rtentry$$00000002          0x08000214   Section        0  __rtentry2.o(.ARM.Collect$$rtentry$$00000002)
    .ARM.Collect$$rtentry$$00000004          0x08000214   Section        6  __rtentry4.o(.ARM.Collect$$rtentry$$00000004)
    .ARM.Collect$$rtentry$$00000009          0x0800021a   Section        0  __rtentry2.o(.ARM.Collect$$rtentry$$00000009)
    .ARM.Collect$$rtentry$$0000000A          0x0800021a   Section        4  __rtentry2.o(.ARM.Collect$$rtentry$$0000000A)
    .ARM.Collect$$rtentry$$0000000C          0x0800021e   Section        0  __rtentry2.o(.ARM.Collect$$rtentry$$0000000C)
    .ARM.Collect$$rtentry$$0000000D          0x0800021e   Section        8  __rtentry2.o(.ARM.Collect$$rtentry$$0000000D)
    .ARM.Collect$$rtexit$$00000000           0x08000226   Section        2  rtexit.o(.ARM.Collect$$rtexit$$00000000)
    .ARM.Collect$$rtexit$$00000002           0x08000228   Section        0  rtexit2.o(.ARM.Collect$$rtexit$$00000002)
    .ARM.Collect$$rtexit$$00000003           0x08000228   Section        4  rtexit2.o(.ARM.Collect$$rtexit$$00000003)
    .ARM.Collect$$rtexit$$00000004           0x0800022c   Section        6  rtexit2.o(.ARM.Collect$$rtexit$$00000004)
    .text                                    0x08000234   Section       64  startup_stm32f10x_md.o(.text)
    .text                                    0x08000274   Section        0  vsnprintf.o(.text)
    .text                                    0x080002b0   Section        0  __2sprintf.o(.text)
    .text                                    0x080002dc   Section        0  _printf_str.o(.text)
    .text                                    0x08000330   Section        0  _printf_dec.o(.text)
    .text                                    0x080003a8   Section        0  __printf_flags_ss_wp.o(.text)
    .text                                    0x08000530   Section        0  heapauxi.o(.text)
    .text                                    0x08000536   Section        0  _printf_pad.o(.text)
    .text                                    0x08000584   Section        0  _printf_truncate.o(.text)
    .text                                    0x080005a8   Section        0  _printf_intcommon.o(.text)
    .text                                    0x0800065a   Section        0  _printf_charcount.o(.text)
    _fp_digits                               0x08000683   Thumb Code   432  _printf_fp_dec.o(.text)
    .text                                    0x08000682   Section        0  _printf_fp_dec.o(.text)
    _printf_input_char                       0x08000aa1   Thumb Code    10  _printf_char_common.o(.text)
    .text                                    0x08000aa0   Section        0  _printf_char_common.o(.text)
    .text                                    0x08000ad0   Section        0  _sputc.o(.text)
    .text                                    0x08000ada   Section        0  _snputc.o(.text)
    .text                                    0x08000aea   Section        0  _printf_char.o(.text)
    .text                                    0x08000b18   Section        0  _printf_wctomb.o(.text)
    .text                                    0x08000bd4   Section        0  _printf_longlong_dec.o(.text)
    _printf_longlong_oct_internal            0x08000c51   Thumb Code     0  _printf_oct_int_ll.o(.text)
    .text                                    0x08000c50   Section        0  _printf_oct_int_ll.o(.text)
    _printf_hex_common                       0x08000cc1   Thumb Code     0  _printf_hex_int_ll_ptr.o(.text)
    .text                                    0x08000cc0   Section        0  _printf_hex_int_ll_ptr.o(.text)
    .text                                    0x08000d54   Section        8  libspace.o(.text)
    .text                                    0x08000d5c   Section        8  rt_locale_intlibspace.o(.text)
    .text                                    0x08000d64   Section      138  lludiv10.o(.text)
    .text                                    0x08000df0   Section        0  _printf_fp_hex.o(.text)
    .text                                    0x080010ec   Section        0  _printf_fp_infnan.o(.text)
    .text                                    0x0800116c   Section        0  _printf_wchar.o(.text)
    .text                                    0x08001198   Section        0  bigflt0.o(.text)
    .text                                    0x0800127c   Section        0  _c16rtomb.o(.text)
    .text                                    0x080012c4   Section        2  use_no_semi.o(.text)
    .text                                    0x080012c6   Section        0  indicate_semi.o(.text)
    .text                                    0x080012c6   Section       74  sys_stackheap_outer.o(.text)
    .text                                    0x08001310   Section       16  rt_ctype_table.o(.text)
    .text                                    0x08001320   Section        0  exit.o(.text)
    .text                                    0x08001334   Section      128  strcmpv7m.o(.text)
    .text                                    0x080013b4   Section        0  sys_exit.o(.text)
    [Anonymous Symbol]                       0x080013c0   Section        0  beep.o(.text.BEEP_Init)
    [Anonymous Symbol]                       0x080013f0   Section        0  stm32f10x_it.o(.text.BusFault_Handler)
    [Anonymous Symbol]                       0x080013f4   Section        0  dht11.o(.text.DHT11_Init)
    [Anonymous Symbol]                       0x080014c0   Section        0  dht11.o(.text.DHT11_Read_Data)
    [Anonymous Symbol]                       0x08001614   Section        0  stm32f10x_it.o(.text.DebugMon_Handler)
    [Anonymous Symbol]                       0x08001618   Section        0  stm32f10x_gpio.o(.text.GPIO_Init)
    [Anonymous Symbol]                       0x080016d8   Section        0  stm32f10x_gpio.o(.text.GPIO_ResetBits)
    [Anonymous Symbol]                       0x080016dc   Section        0  stm32f10x_gpio.o(.text.GPIO_SetBits)
    [Anonymous Symbol]                       0x080016e0   Section        0  stm32f10x_it.o(.text.HardFault_Handler)
    [Anonymous Symbol]                       0x080016e4   Section        0  led.o(.text.LED_Init)
    [Anonymous Symbol]                       0x08001734   Section        0  stm32f10x_it.o(.text.MemManage_Handler)
    [Anonymous Symbol]                       0x08001738   Section        0  stm32f10x_it.o(.text.NMI_Handler)
    [Anonymous Symbol]                       0x0800173c   Section        0  misc.o(.text.NVIC_Init)
    [Anonymous Symbol]                       0x0800179c   Section        0  oled.o(.text.OLED_Refresh)
    [Anonymous Symbol]                       0x0800192c   Section        0  oled.o(.text.OLED_ShowChar)
    [Anonymous Symbol]                       0x08001a68   Section        0  oled.o(.text.OLED_ShowString)
    [Anonymous Symbol]                       0x08001abc   Section        0  oled.o(.text.OLED_WR_Byte)
    [Anonymous Symbol]                       0x08001c28   Section        0  stm32f10x_it.o(.text.PendSV_Handler)
    [Anonymous Symbol]                       0x08001c2c   Section        0  stm32f10x_rcc.o(.text.RCC_APB1PeriphClockCmd)
    [Anonymous Symbol]                       0x08001c44   Section        0  stm32f10x_rcc.o(.text.RCC_APB2PeriphClockCmd)
    [Anonymous Symbol]                       0x08001c5c   Section        0  stm32f10x_rcc.o(.text.RCC_GetClocksFreq)
    [Anonymous Symbol]                       0x08001cfc   Section        0  stm32f10x_it.o(.text.SVC_Handler)
    [Anonymous Symbol]                       0x08001d00   Section        0  misc.o(.text.SysTick_CLKSourceConfig)
    [Anonymous Symbol]                       0x08001d18   Section        0  stm32f10x_it.o(.text.SysTick_Handler)
    [Anonymous Symbol]                       0x08001d1c   Section        0  system_stm32f10x.o(.text.SystemInit)
    [Anonymous Symbol]                       0x08001e2c   Section        0  timer.o(.text.TIM2_IRQHandler)
    [Anonymous Symbol]                       0x08001f30   Section        0  timer.o(.text.TIM2_Int_Init)
    [Anonymous Symbol]                       0x08001f84   Section        0  timer.o(.text.TIM3_IRQHandler)
    [Anonymous Symbol]                       0x08001fe0   Section        0  timer.o(.text.TIM3_Int_Init)
    [Anonymous Symbol]                       0x08002038   Section        0  stm32f10x_tim.o(.text.TIM_ClearITPendingBit)
    [Anonymous Symbol]                       0x08002040   Section        0  stm32f10x_tim.o(.text.TIM_Cmd)
    [Anonymous Symbol]                       0x08002054   Section        0  stm32f10x_tim.o(.text.TIM_GetITStatus)
    [Anonymous Symbol]                       0x0800206c   Section        0  stm32f10x_tim.o(.text.TIM_ITConfig)
    [Anonymous Symbol]                       0x0800207c   Section        0  stm32f10x_tim.o(.text.TIM_TimeBaseInit)
    [Anonymous Symbol]                       0x08002128   Section        0  usart.o(.text.USART1_IRQHandler)
    [Anonymous Symbol]                       0x08002150   Section        0  esp8266.o(.text.USART2_IRQHandler)
    [Anonymous Symbol]                       0x0800219c   Section        0  stm32f10x_usart.o(.text.USART_ClearFlag)
    [Anonymous Symbol]                       0x080021a4   Section        0  stm32f10x_usart.o(.text.USART_Cmd)
    [Anonymous Symbol]                       0x080021b8   Section        0  stm32f10x_usart.o(.text.USART_GetFlagStatus)
    [Anonymous Symbol]                       0x080021c4   Section        0  stm32f10x_usart.o(.text.USART_GetITStatus)
    [Anonymous Symbol]                       0x080021f4   Section        0  stm32f10x_usart.o(.text.USART_ITConfig)
    [Anonymous Symbol]                       0x08002224   Section        0  stm32f10x_usart.o(.text.USART_Init)
    [Anonymous Symbol]                       0x080022dc   Section        0  stm32f10x_usart.o(.text.USART_SendData)
    [Anonymous Symbol]                       0x080022e4   Section        0  stm32f10x_it.o(.text.UsageFault_Handler)
    [Anonymous Symbol]                       0x080022e8   Section        0  usart.o(.text.Usart1_Init)
    [Anonymous Symbol]                       0x08002370   Section        0  usart.o(.text.UsartPrintf)
    [Anonymous Symbol]                       0x080023c0   Section        0  delay.o(.text.delay_init)
    [Anonymous Symbol]                       0x08002404   Section        0  delay.o(.text.delay_ms)
    [Anonymous Symbol]                       0x08002440   Section        0  delay.o(.text.delay_us)
    [Anonymous Symbol]                       0x0800247c   Section        0  main.o(.text.main)
    CL$$btod_d2e                             0x080024f4   Section       62  btod.o(CL$$btod_d2e)
    CL$$btod_d2e_denorm_low                  0x08002532   Section       70  btod.o(CL$$btod_d2e_denorm_low)
    CL$$btod_d2e_norm_op1                    0x08002578   Section       96  btod.o(CL$$btod_d2e_norm_op1)
    CL$$btod_div_common                      0x080025d8   Section      824  btod.o(CL$$btod_div_common)
    CL$$btod_e2e                             0x08002910   Section      220  btod.o(CL$$btod_e2e)
    CL$$btod_ediv                            0x080029ec   Section       42  btod.o(CL$$btod_ediv)
    CL$$btod_emul                            0x08002a16   Section       42  btod.o(CL$$btod_emul)
    CL$$btod_mult_common                     0x08002a40   Section      580  btod.o(CL$$btod_mult_common)
    i.__ARM_fpclassify                       0x08002c84   Section        0  fpclassify.o(i.__ARM_fpclassify)
    i._is_digit                              0x08002cac   Section        0  __printf_wp.o(i._is_digit)
    locale$$code                             0x08002cbc   Section       44  lc_numeric_c.o(locale$$code)
    locale$$code                             0x08002ce8   Section       44  lc_ctype_c.o(locale$$code)
    x$fpl$dretinf                            0x08002d14   Section       12  dretinf.o(x$fpl$dretinf)
    x$fpl$f2d                                0x08002d20   Section       86  f2d.o(x$fpl$f2d)
    x$fpl$fnaninf                            0x08002d76   Section      140  fnaninf.o(x$fpl$fnaninf)
    x$fpl$printf1                            0x08002e02   Section        4  printf1.o(x$fpl$printf1)
    x$fpl$printf2                            0x08002e06   Section        4  printf2.o(x$fpl$printf2)
    maptable                                 0x08002e0a   Data          17  __printf_flags_ss_wp.o(.constdata)
    .constdata                               0x08002e0a   Section       17  __printf_flags_ss_wp.o(.constdata)
    x$fpl$usenofp                            0x08002e0a   Section        0  usenofp.o(x$fpl$usenofp)
    initial_mbstate                          0x08002e1c   Data           8  _printf_wctomb.o(.constdata)
    .constdata                               0x08002e1c   Section        8  _printf_wctomb.o(.constdata)
    uc_hextab                                0x08002e24   Data          20  _printf_hex_int_ll_ptr.o(.constdata)
    .constdata                               0x08002e24   Section       40  _printf_hex_int_ll_ptr.o(.constdata)
    lc_hextab                                0x08002e38   Data          20  _printf_hex_int_ll_ptr.o(.constdata)
    lc_hextab                                0x08002e4c   Data          19  _printf_fp_hex.o(.constdata)
    .constdata                               0x08002e4c   Section       38  _printf_fp_hex.o(.constdata)
    uc_hextab                                0x08002e5f   Data          19  _printf_fp_hex.o(.constdata)
    tenpwrs_x                                0x08002e74   Data          60  bigflt0.o(.constdata)
    .constdata                               0x08002e74   Section      148  bigflt0.o(.constdata)
    tenpwrs_i                                0x08002eb0   Data          64  bigflt0.o(.constdata)
    ADCPrescTable                            0x08002f08   Data           4  stm32f10x_rcc.o(.rodata.ADCPrescTable)
    [Anonymous Symbol]                       0x08002f08   Section        0  stm32f10x_rcc.o(.rodata.ADCPrescTable)
    APBAHBPrescTable                         0x08002f0c   Data          16  stm32f10x_rcc.o(.rodata.APBAHBPrescTable)
    [Anonymous Symbol]                       0x08002f0c   Section        0  stm32f10x_rcc.o(.rodata.APBAHBPrescTable)
    locale$$data                             0x08004924   Section       28  lc_numeric_c.o(locale$$data)
    __lcnum_c_name                           0x08004928   Data           2  lc_numeric_c.o(locale$$data)
    __lcnum_c_start                          0x08004930   Data           0  lc_numeric_c.o(locale$$data)
    __lcnum_c_point                          0x0800493c   Data           0  lc_numeric_c.o(locale$$data)
    __lcnum_c_thousands                      0x0800493e   Data           0  lc_numeric_c.o(locale$$data)
    __lcnum_c_grouping                       0x0800493f   Data           0  lc_numeric_c.o(locale$$data)
    __lcnum_c_end                            0x08004940   Data           0  lc_numeric_c.o(locale$$data)
    locale$$data                             0x08004940   Section      272  lc_ctype_c.o(locale$$data)
    __lcctype_c_name                         0x08004944   Data           2  lc_ctype_c.o(locale$$data)
    __lcctype_c_start                        0x0800494c   Data           0  lc_ctype_c.o(locale$$data)
    __lcctype_c_end                          0x08004a50   Data           0  lc_ctype_c.o(locale$$data)
    .bss                                     0x20000008   Section       96  libspace.o(.bss)
    fac_ms                                   0x2000056e   Data           2  delay.o(.bss.fac_ms)
    [Anonymous Symbol]                       0x2000056e   Section        0  delay.o(.bss.fac_ms)
    fac_us                                   0x20000570   Data           1  delay.o(.bss.fac_us)
    [Anonymous Symbol]                       0x20000570   Section        0  delay.o(.bss.fac_us)
    Heap_Mem                                 0x20000590   Data         512  startup_stm32f10x_md.o(HEAP)
    HEAP                                     0x20000590   Section      512  startup_stm32f10x_md.o(HEAP)
    Stack_Mem                                0x20000790   Data        1024  startup_stm32f10x_md.o(STACK)
    STACK                                    0x20000790   Section     1024  startup_stm32f10x_md.o(STACK)
    __initial_sp                             0x20000b90   Data           0  startup_stm32f10x_md.o(STACK)

    Global Symbols

    Symbol Name                              Value     Ov Type        Size  Object(Section)

    BuildAttributes$$THM_ISAv4$P$D$K$B$S$PE$A:L22UL41UL21$X:L11$S22US41US21$IEEE1$IW$~IW$USESV6$~STKCKD$USESV7$~SHL$OTIME$ROPI$IEEEJ$EBA8$UX$STANDARDLIB$REQ8$PRES8$EABIv2 0x00000000   Number         0  anon$$obj.o ABSOLUTE
    __fp_init_empty                          0x00000000   Number         0  fpinit_empty.o ABSOLUTE
    _printf_flags                            0x00000000   Number         0  printf_stubs.o ABSOLUTE
    _printf_return_value                     0x00000000   Number         0  printf_stubs.o ABSOLUTE
    _printf_sizespec                         0x00000000   Number         0  printf_stubs.o ABSOLUTE
    _printf_widthprec                        0x00000000   Number         0  printf_stubs.o ABSOLUTE
    __ARM_exceptions_init                     - Undefined Weak Reference
    __alloca_initialize                       - Undefined Weak Reference
    __arm_preinit_                            - Undefined Weak Reference
    __arm_relocate_pie_                       - Undefined Weak Reference
    __cpp_initialize__aeabi_                  - Undefined Weak Reference
    __cxa_finalize                            - Undefined Weak Reference
    __sigvec_lookup                           - Undefined Weak Reference
    __user_heap_extent                        - Undefined Weak Reference
    _atexit_init                              - Undefined Weak Reference
    _call_atexit_fns                          - Undefined Weak Reference
    _clock_init                               - Undefined Weak Reference
    _fp_trap_init                             - Undefined Weak Reference
    _fp_trap_shutdown                         - Undefined Weak Reference
    _get_lc_collate                           - Undefined Weak Reference
    _get_lc_monetary                          - Undefined Weak Reference
    _get_lc_time                              - Undefined Weak Reference
    _getenv_init                              - Undefined Weak Reference
    _handle_redirection                       - Undefined Weak Reference
    _initio                                   - Undefined Weak Reference
    _mutex_acquire                            - Undefined Weak Reference
    _mutex_free                               - Undefined Weak Reference
    _mutex_release                            - Undefined Weak Reference
    _printf_mbtowc                            - Undefined Weak Reference
    _printf_wc                                - Undefined Weak Reference
    _signal_finish                            - Undefined Weak Reference
    _signal_init                              - Undefined Weak Reference
    _terminateio                              - Undefined Weak Reference
    __Vectors_Size                           0x000000ec   Number         0  startup_stm32f10x_md.o ABSOLUTE
    __Vectors                                0x08000000   Data           4  startup_stm32f10x_md.o(RESET)
    __Vectors_End                            0x080000ec   Data           0  startup_stm32f10x_md.o(RESET)
    __main                                   0x080000ed   Thumb Code     8  __main.o(!!!main)
    __scatterload                            0x080000f5   Thumb Code     0  __scatter.o(!!!scatter)
    __scatterload_rt2                        0x080000f5   Thumb Code    44  __scatter.o(!!!scatter)
    __scatterload_rt2_thumb_only             0x080000f5   Thumb Code     0  __scatter.o(!!!scatter)
    __scatterload_null                       0x08000103   Thumb Code     0  __scatter.o(!!!scatter)
    __scatterload_copy                       0x08000129   Thumb Code    26  __scatter_copy.o(!!handler_copy)
    __scatterload_zeroinit                   0x08000145   Thumb Code    28  __scatter_zi.o(!!handler_zi)
    _printf_n                                0x08000161   Thumb Code     0  _printf_n.o(.ARM.Collect$$_printf_percent$$00000001)
    _printf_percent                          0x08000161   Thumb Code     0  _printf_percent.o(.ARM.Collect$$_printf_percent$$00000000)
    _printf_p                                0x08000167   Thumb Code     0  _printf_p.o(.ARM.Collect$$_printf_percent$$00000002)
    _printf_f                                0x0800016d   Thumb Code     0  _printf_f.o(.ARM.Collect$$_printf_percent$$00000003)
    _printf_e                                0x08000173   Thumb Code     0  _printf_e.o(.ARM.Collect$$_printf_percent$$00000004)
    _printf_g                                0x08000179   Thumb Code     0  _printf_g.o(.ARM.Collect$$_printf_percent$$00000005)
    _printf_a                                0x0800017f   Thumb Code     0  _printf_a.o(.ARM.Collect$$_printf_percent$$00000006)
    _printf_ll                               0x08000185   Thumb Code     0  _printf_ll.o(.ARM.Collect$$_printf_percent$$00000007)
    _printf_i                                0x0800018f   Thumb Code     0  _printf_i.o(.ARM.Collect$$_printf_percent$$00000008)
    _printf_d                                0x08000195   Thumb Code     0  _printf_d.o(.ARM.Collect$$_printf_percent$$00000009)
    _printf_u                                0x0800019b   Thumb Code     0  _printf_u.o(.ARM.Collect$$_printf_percent$$0000000A)
    _printf_o                                0x080001a1   Thumb Code     0  _printf_o.o(.ARM.Collect$$_printf_percent$$0000000B)
    _printf_x                                0x080001a7   Thumb Code     0  _printf_x.o(.ARM.Collect$$_printf_percent$$0000000C)
    _printf_lli                              0x080001ad   Thumb Code     0  _printf_lli.o(.ARM.Collect$$_printf_percent$$0000000D)
    _printf_lld                              0x080001b3   Thumb Code     0  _printf_lld.o(.ARM.Collect$$_printf_percent$$0000000E)
    _printf_llu                              0x080001b9   Thumb Code     0  _printf_llu.o(.ARM.Collect$$_printf_percent$$0000000F)
    _printf_llo                              0x080001bf   Thumb Code     0  _printf_llo.o(.ARM.Collect$$_printf_percent$$00000010)
    _printf_llx                              0x080001c5   Thumb Code     0  _printf_llx.o(.ARM.Collect$$_printf_percent$$00000011)
    _printf_l                                0x080001cb   Thumb Code     0  _printf_l.o(.ARM.Collect$$_printf_percent$$00000012)
    _printf_c                                0x080001d5   Thumb Code     0  _printf_c.o(.ARM.Collect$$_printf_percent$$00000013)
    _printf_s                                0x080001db   Thumb Code     0  _printf_s.o(.ARM.Collect$$_printf_percent$$00000014)
    _printf_lc                               0x080001e1   Thumb Code     0  _printf_lc.o(.ARM.Collect$$_printf_percent$$00000015)
    _printf_ls                               0x080001e7   Thumb Code     0  _printf_ls.o(.ARM.Collect$$_printf_percent$$00000016)
    _printf_percent_end                      0x080001ed   Thumb Code     0  _printf_percent_end.o(.ARM.Collect$$_printf_percent$$00000017)
    __rt_lib_init                            0x080001f1   Thumb Code     0  libinit.o(.ARM.Collect$$libinit$$00000000)
    __rt_lib_init_fp_1                       0x080001f3   Thumb Code     0  libinit2.o(.ARM.Collect$$libinit$$00000002)
    __rt_lib_init_heap_1                     0x080001f3   Thumb Code     0  libinit2.o(.ARM.Collect$$libinit$$0000000C)
    __rt_lib_init_lc_common                  0x080001f3   Thumb Code     0  libinit2.o(.ARM.Collect$$libinit$$00000011)
    __rt_lib_init_preinit_1                  0x080001f3   Thumb Code     0  libinit2.o(.ARM.Collect$$libinit$$00000006)
    __rt_lib_init_rand_1                     0x080001f3   Thumb Code     0  libinit2.o(.ARM.Collect$$libinit$$00000010)
    __rt_lib_init_relocate_pie_1             0x080001f3   Thumb Code     0  libinit2.o(.ARM.Collect$$libinit$$00000004)
    __rt_lib_init_user_alloc_1               0x080001f3   Thumb Code     0  libinit2.o(.ARM.Collect$$libinit$$0000000E)
    __rt_lib_init_lc_collate_1               0x080001f9   Thumb Code     0  libinit2.o(.ARM.Collect$$libinit$$00000013)
    __rt_lib_init_lc_ctype_2                 0x080001f9   Thumb Code     0  libinit2.o(.ARM.Collect$$libinit$$00000014)
    __rt_lib_init_lc_ctype_1                 0x08000205   Thumb Code     0  libinit2.o(.ARM.Collect$$libinit$$00000015)
    __rt_lib_init_lc_monetary_1              0x08000205   Thumb Code     0  libinit2.o(.ARM.Collect$$libinit$$00000017)
    __rt_lib_init_lc_numeric_2               0x08000205   Thumb Code     0  libinit2.o(.ARM.Collect$$libinit$$00000018)
    __rt_lib_init_alloca_1                   0x0800020f   Thumb Code     0  libinit2.o(.ARM.Collect$$libinit$$00000030)
    __rt_lib_init_argv_1                     0x0800020f   Thumb Code     0  libinit2.o(.ARM.Collect$$libinit$$0000002E)
    __rt_lib_init_atexit_1                   0x0800020f   Thumb Code     0  libinit2.o(.ARM.Collect$$libinit$$0000001D)
    __rt_lib_init_clock_1                    0x0800020f   Thumb Code     0  libinit2.o(.ARM.Collect$$libinit$$00000023)
    __rt_lib_init_cpp_1                      0x0800020f   Thumb Code     0  libinit2.o(.ARM.Collect$$libinit$$00000034)
    __rt_lib_init_exceptions_1               0x0800020f   Thumb Code     0  libinit2.o(.ARM.Collect$$libinit$$00000032)
    __rt_lib_init_fp_trap_1                  0x0800020f   Thumb Code     0  libinit2.o(.ARM.Collect$$libinit$$00000021)
    __rt_lib_init_getenv_1                   0x0800020f   Thumb Code     0  libinit2.o(.ARM.Collect$$libinit$$00000025)
    __rt_lib_init_lc_numeric_1               0x0800020f   Thumb Code     0  libinit2.o(.ARM.Collect$$libinit$$00000019)
    __rt_lib_init_lc_time_1                  0x0800020f   Thumb Code     0  libinit2.o(.ARM.Collect$$libinit$$0000001B)
    __rt_lib_init_return                     0x0800020f   Thumb Code     0  libinit2.o(.ARM.Collect$$libinit$$00000035)
    __rt_lib_init_signal_1                   0x0800020f   Thumb Code     0  libinit2.o(.ARM.Collect$$libinit$$0000001F)
    __rt_lib_init_stdio_1                    0x0800020f   Thumb Code     0  libinit2.o(.ARM.Collect$$libinit$$00000027)
    __rt_lib_shutdown                        0x08000211   Thumb Code     0  libshutdown.o(.ARM.Collect$$libshutdown$$00000000)
    __rt_lib_shutdown_cpp_1                  0x08000213   Thumb Code     0  libshutdown2.o(.ARM.Collect$$libshutdown$$00000002)
    __rt_lib_shutdown_fp_trap_1              0x08000213   Thumb Code     0  libshutdown2.o(.ARM.Collect$$libshutdown$$00000007)
    __rt_lib_shutdown_heap_1                 0x08000213   Thumb Code     0  libshutdown2.o(.ARM.Collect$$libshutdown$$0000000F)
    __rt_lib_shutdown_return                 0x08000213   Thumb Code     0  libshutdown2.o(.ARM.Collect$$libshutdown$$00000010)
    __rt_lib_shutdown_signal_1               0x08000213   Thumb Code     0  libshutdown2.o(.ARM.Collect$$libshutdown$$0000000A)
    __rt_lib_shutdown_stdio_1                0x08000213   Thumb Code     0  libshutdown2.o(.ARM.Collect$$libshutdown$$00000004)
    __rt_lib_shutdown_user_alloc_1           0x08000213   Thumb Code     0  libshutdown2.o(.ARM.Collect$$libshutdown$$0000000C)
    __rt_entry                               0x08000215   Thumb Code     0  __rtentry.o(.ARM.Collect$$rtentry$$00000000)
    __rt_entry_presh_1                       0x08000215   Thumb Code     0  __rtentry2.o(.ARM.Collect$$rtentry$$00000002)
    __rt_entry_sh                            0x08000215   Thumb Code     0  __rtentry4.o(.ARM.Collect$$rtentry$$00000004)
    __rt_entry_li                            0x0800021b   Thumb Code     0  __rtentry2.o(.ARM.Collect$$rtentry$$0000000A)
    __rt_entry_postsh_1                      0x0800021b   Thumb Code     0  __rtentry2.o(.ARM.Collect$$rtentry$$00000009)
    __rt_entry_main                          0x0800021f   Thumb Code     0  __rtentry2.o(.ARM.Collect$$rtentry$$0000000D)
    __rt_entry_postli_1                      0x0800021f   Thumb Code     0  __rtentry2.o(.ARM.Collect$$rtentry$$0000000C)
    __rt_exit                                0x08000227   Thumb Code     0  rtexit.o(.ARM.Collect$$rtexit$$00000000)
    __rt_exit_ls                             0x08000229   Thumb Code     0  rtexit2.o(.ARM.Collect$$rtexit$$00000003)
    __rt_exit_prels_1                        0x08000229   Thumb Code     0  rtexit2.o(.ARM.Collect$$rtexit$$00000002)
    __rt_exit_exit                           0x0800022d   Thumb Code     0  rtexit2.o(.ARM.Collect$$rtexit$$00000004)
    Reset_Handler                            0x08000235   Thumb Code     8  startup_stm32f10x_md.o(.text)
    ADC1_2_IRQHandler                        0x0800024f   Thumb Code     0  startup_stm32f10x_md.o(.text)
    CAN1_RX1_IRQHandler                      0x0800024f   Thumb Code     0  startup_stm32f10x_md.o(.text)
    CAN1_SCE_IRQHandler                      0x0800024f   Thumb Code     0  startup_stm32f10x_md.o(.text)
    DMA1_Channel1_IRQHandler                 0x0800024f   Thumb Code     0  startup_stm32f10x_md.o(.text)
    DMA1_Channel2_IRQHandler                 0x0800024f   Thumb Code     0  startup_stm32f10x_md.o(.text)
    DMA1_Channel3_IRQHandler                 0x0800024f   Thumb Code     0  startup_stm32f10x_md.o(.text)
    DMA1_Channel4_IRQHandler                 0x0800024f   Thumb Code     0  startup_stm32f10x_md.o(.text)
    DMA1_Channel5_IRQHandler                 0x0800024f   Thumb Code     0  startup_stm32f10x_md.o(.text)
    DMA1_Channel6_IRQHandler                 0x0800024f   Thumb Code     0  startup_stm32f10x_md.o(.text)
    DMA1_Channel7_IRQHandler                 0x0800024f   Thumb Code     0  startup_stm32f10x_md.o(.text)
    EXTI0_IRQHandler                         0x0800024f   Thumb Code     0  startup_stm32f10x_md.o(.text)
    EXTI15_10_IRQHandler                     0x0800024f   Thumb Code     0  startup_stm32f10x_md.o(.text)
    EXTI1_IRQHandler                         0x0800024f   Thumb Code     0  startup_stm32f10x_md.o(.text)
    EXTI2_IRQHandler                         0x0800024f   Thumb Code     0  startup_stm32f10x_md.o(.text)
    EXTI3_IRQHandler                         0x0800024f   Thumb Code     0  startup_stm32f10x_md.o(.text)
    EXTI4_IRQHandler                         0x0800024f   Thumb Code     0  startup_stm32f10x_md.o(.text)
    EXTI9_5_IRQHandler                       0x0800024f   Thumb Code     0  startup_stm32f10x_md.o(.text)
    FLASH_IRQHandler                         0x0800024f   Thumb Code     0  startup_stm32f10x_md.o(.text)
    I2C1_ER_IRQHandler                       0x0800024f   Thumb Code     0  startup_stm32f10x_md.o(.text)
    I2C1_EV_IRQHandler                       0x0800024f   Thumb Code     0  startup_stm32f10x_md.o(.text)
    I2C2_ER_IRQHandler                       0x0800024f   Thumb Code     0  startup_stm32f10x_md.o(.text)
    I2C2_EV_IRQHandler                       0x0800024f   Thumb Code     0  startup_stm32f10x_md.o(.text)
    PVD_IRQHandler                           0x0800024f   Thumb Code     0  startup_stm32f10x_md.o(.text)
    RCC_IRQHandler                           0x0800024f   Thumb Code     0  startup_stm32f10x_md.o(.text)
    RTCAlarm_IRQHandler                      0x0800024f   Thumb Code     0  startup_stm32f10x_md.o(.text)
    RTC_IRQHandler                           0x0800024f   Thumb Code     0  startup_stm32f10x_md.o(.text)
    SPI1_IRQHandler                          0x0800024f   Thumb Code     0  startup_stm32f10x_md.o(.text)
    SPI2_IRQHandler                          0x0800024f   Thumb Code     0  startup_stm32f10x_md.o(.text)
    TAMPER_IRQHandler                        0x0800024f   Thumb Code     0  startup_stm32f10x_md.o(.text)
    TIM1_BRK_IRQHandler                      0x0800024f   Thumb Code     0  startup_stm32f10x_md.o(.text)
    TIM1_CC_IRQHandler                       0x0800024f   Thumb Code     0  startup_stm32f10x_md.o(.text)
    TIM1_TRG_COM_IRQHandler                  0x0800024f   Thumb Code     0  startup_stm32f10x_md.o(.text)
    TIM1_UP_IRQHandler                       0x0800024f   Thumb Code     0  startup_stm32f10x_md.o(.text)
    TIM4_IRQHandler                          0x0800024f   Thumb Code     0  startup_stm32f10x_md.o(.text)
    USART3_IRQHandler                        0x0800024f   Thumb Code     0  startup_stm32f10x_md.o(.text)
    USBWakeUp_IRQHandler                     0x0800024f   Thumb Code     0  startup_stm32f10x_md.o(.text)
    USB_HP_CAN1_TX_IRQHandler                0x0800024f   Thumb Code     0  startup_stm32f10x_md.o(.text)
    USB_LP_CAN1_RX0_IRQHandler               0x0800024f   Thumb Code     0  startup_stm32f10x_md.o(.text)
    WWDG_IRQHandler                          0x0800024f   Thumb Code     0  startup_stm32f10x_md.o(.text)
    __user_initial_stackheap                 0x08000251   Thumb Code     0  startup_stm32f10x_md.o(.text)
    vsnprintf                                0x08000275   Thumb Code    56  vsnprintf.o(.text)
    __2sprintf                               0x080002b1   Thumb Code    38  __2sprintf.o(.text)
    _printf_str                              0x080002dd   Thumb Code    82  _printf_str.o(.text)
    _printf_int_dec                          0x08000331   Thumb Code   104  _printf_dec.o(.text)
    __printf                                 0x080003a9   Thumb Code   388  __printf_flags_ss_wp.o(.text)
    __use_two_region_memory                  0x08000531   Thumb Code     2  heapauxi.o(.text)
    __rt_heap_escrow                         0x08000533   Thumb Code     2  heapauxi.o(.text)
    __rt_heap_expand                         0x08000535   Thumb Code     2  heapauxi.o(.text)
    _printf_pre_padding                      0x08000537   Thumb Code    44  _printf_pad.o(.text)
    _printf_post_padding                     0x08000563   Thumb Code    34  _printf_pad.o(.text)
    _printf_truncate_signed                  0x08000585   Thumb Code    18  _printf_truncate.o(.text)
    _printf_truncate_unsigned                0x08000597   Thumb Code    18  _printf_truncate.o(.text)
    _printf_int_common                       0x080005a9   Thumb Code   178  _printf_intcommon.o(.text)
    _printf_charcount                        0x0800065b   Thumb Code    40  _printf_charcount.o(.text)
    _printf_fp_dec_real                      0x08000833   Thumb Code   620  _printf_fp_dec.o(.text)
    _printf_char_common                      0x08000aab   Thumb Code    32  _printf_char_common.o(.text)
    _sputc                                   0x08000ad1   Thumb Code    10  _sputc.o(.text)
    _snputc                                  0x08000adb   Thumb Code    16  _snputc.o(.text)
    _printf_cs_common                        0x08000aeb   Thumb Code    20  _printf_char.o(.text)
    _printf_char                             0x08000aff   Thumb Code    16  _printf_char.o(.text)
    _printf_string                           0x08000b0f   Thumb Code     8  _printf_char.o(.text)
    _printf_wctomb                           0x08000b19   Thumb Code   182  _printf_wctomb.o(.text)
    _printf_longlong_dec                     0x08000bd5   Thumb Code   108  _printf_longlong_dec.o(.text)
    _printf_longlong_oct                     0x08000c51   Thumb Code    68  _printf_oct_int_ll.o(.text)
    _printf_int_oct                          0x08000c95   Thumb Code    24  _printf_oct_int_ll.o(.text)
    _printf_ll_oct                           0x08000cad   Thumb Code    12  _printf_oct_int_ll.o(.text)
    _printf_longlong_hex                     0x08000cc1   Thumb Code    86  _printf_hex_int_ll_ptr.o(.text)
    _printf_int_hex                          0x08000d17   Thumb Code    28  _printf_hex_int_ll_ptr.o(.text)
    _printf_ll_hex                           0x08000d33   Thumb Code    12  _printf_hex_int_ll_ptr.o(.text)
    _printf_hex_ptr                          0x08000d3f   Thumb Code    18  _printf_hex_int_ll_ptr.o(.text)
    __user_libspace                          0x08000d55   Thumb Code     8  libspace.o(.text)
    __user_perproc_libspace                  0x08000d55   Thumb Code     0  libspace.o(.text)
    __user_perthread_libspace                0x08000d55   Thumb Code     0  libspace.o(.text)
    __rt_locale                              0x08000d5d   Thumb Code     8  rt_locale_intlibspace.o(.text)
    _ll_udiv10                               0x08000d65   Thumb Code   138  lludiv10.o(.text)
    _printf_fp_hex_real                      0x08000df1   Thumb Code   756  _printf_fp_hex.o(.text)
    _printf_fp_infnan                        0x080010ed   Thumb Code   112  _printf_fp_infnan.o(.text)
    _printf_lcs_common                       0x0800116d   Thumb Code    20  _printf_wchar.o(.text)
    _printf_wchar                            0x08001181   Thumb Code    16  _printf_wchar.o(.text)
    _printf_wstring                          0x08001191   Thumb Code     8  _printf_wchar.o(.text)
    _btod_etento                             0x08001199   Thumb Code   224  bigflt0.o(.text)
    _c16rtomb                                0x0800127d   Thumb Code    72  _c16rtomb.o(.text)
    _wcrtomb                                 0x0800127d   Thumb Code     0  _c16rtomb.o(.text)
    __I$use$semihosting                      0x080012c5   Thumb Code     0  use_no_semi.o(.text)
    __use_no_semihosting_swi                 0x080012c5   Thumb Code     2  use_no_semi.o(.text)
    __semihosting_library_function           0x080012c7   Thumb Code     0  indicate_semi.o(.text)
    __user_setup_stackheap                   0x080012c7   Thumb Code    74  sys_stackheap_outer.o(.text)
    __rt_ctype_table                         0x08001311   Thumb Code    16  rt_ctype_table.o(.text)
    exit                                     0x08001321   Thumb Code    18  exit.o(.text)
    strcmp                                   0x08001335   Thumb Code   128  strcmpv7m.o(.text)
    _sys_exit                                0x080013b5   Thumb Code     8  sys_exit.o(.text)
    BEEP_Init                                0x080013c1   Thumb Code    48  beep.o(.text.BEEP_Init)
    BusFault_Handler                         0x080013f1   Thumb Code     2  stm32f10x_it.o(.text.BusFault_Handler)
    DHT11_Init                               0x080013f5   Thumb Code   204  dht11.o(.text.DHT11_Init)
    DHT11_Read_Data                          0x080014c1   Thumb Code   340  dht11.o(.text.DHT11_Read_Data)
    DebugMon_Handler                         0x08001615   Thumb Code     2  stm32f10x_it.o(.text.DebugMon_Handler)
    GPIO_Init                                0x08001619   Thumb Code   192  stm32f10x_gpio.o(.text.GPIO_Init)
    GPIO_ResetBits                           0x080016d9   Thumb Code     4  stm32f10x_gpio.o(.text.GPIO_ResetBits)
    GPIO_SetBits                             0x080016dd   Thumb Code     4  stm32f10x_gpio.o(.text.GPIO_SetBits)
    HardFault_Handler                        0x080016e1   Thumb Code     2  stm32f10x_it.o(.text.HardFault_Handler)
    LED_Init                                 0x080016e5   Thumb Code    80  led.o(.text.LED_Init)
    MemManage_Handler                        0x08001735   Thumb Code     2  stm32f10x_it.o(.text.MemManage_Handler)
    NMI_Handler                              0x08001739   Thumb Code     2  stm32f10x_it.o(.text.NMI_Handler)
    NVIC_Init                                0x0800173d   Thumb Code    94  misc.o(.text.NVIC_Init)
    OLED_Refresh                             0x0800179d   Thumb Code   398  oled.o(.text.OLED_Refresh)
    OLED_ShowChar                            0x0800192d   Thumb Code   316  oled.o(.text.OLED_ShowChar)
    OLED_ShowString                          0x08001a69   Thumb Code    84  oled.o(.text.OLED_ShowString)
    OLED_WR_Byte                             0x08001abd   Thumb Code   364  oled.o(.text.OLED_WR_Byte)
    PendSV_Handler                           0x08001c29   Thumb Code     2  stm32f10x_it.o(.text.PendSV_Handler)
    RCC_APB1PeriphClockCmd                   0x08001c2d   Thumb Code    24  stm32f10x_rcc.o(.text.RCC_APB1PeriphClockCmd)
    RCC_APB2PeriphClockCmd                   0x08001c45   Thumb Code    24  stm32f10x_rcc.o(.text.RCC_APB2PeriphClockCmd)
    RCC_GetClocksFreq                        0x08001c5d   Thumb Code   160  stm32f10x_rcc.o(.text.RCC_GetClocksFreq)
    SVC_Handler                              0x08001cfd   Thumb Code     2  stm32f10x_it.o(.text.SVC_Handler)
    SysTick_CLKSourceConfig                  0x08001d01   Thumb Code    24  misc.o(.text.SysTick_CLKSourceConfig)
    SysTick_Handler                          0x08001d19   Thumb Code     2  stm32f10x_it.o(.text.SysTick_Handler)
    SystemInit                               0x08001d1d   Thumb Code   272  system_stm32f10x.o(.text.SystemInit)
    TIM2_IRQHandler                          0x08001e2d   Thumb Code   212  timer.o(.text.TIM2_IRQHandler)
    TIM2_Int_Init                            0x08001f31   Thumb Code    84  timer.o(.text.TIM2_Int_Init)
    TIM3_IRQHandler                          0x08001f85   Thumb Code    90  timer.o(.text.TIM3_IRQHandler)
    TIM3_Int_Init                            0x08001fe1   Thumb Code    86  timer.o(.text.TIM3_Int_Init)
    TIM_ClearITPendingBit                    0x08002039   Thumb Code     6  stm32f10x_tim.o(.text.TIM_ClearITPendingBit)
    TIM_Cmd                                  0x08002041   Thumb Code    18  stm32f10x_tim.o(.text.TIM_Cmd)
    TIM_GetITStatus                          0x08002055   Thumb Code    24  stm32f10x_tim.o(.text.TIM_GetITStatus)
    TIM_ITConfig                             0x0800206d   Thumb Code    16  stm32f10x_tim.o(.text.TIM_ITConfig)
    TIM_TimeBaseInit                         0x0800207d   Thumb Code   170  stm32f10x_tim.o(.text.TIM_TimeBaseInit)
    USART1_IRQHandler                        0x08002129   Thumb Code    38  usart.o(.text.USART1_IRQHandler)
    USART2_IRQHandler                        0x08002151   Thumb Code    76  esp8266.o(.text.USART2_IRQHandler)
    USART_ClearFlag                          0x0800219d   Thumb Code     6  stm32f10x_usart.o(.text.USART_ClearFlag)
    USART_Cmd                                0x080021a5   Thumb Code    20  stm32f10x_usart.o(.text.USART_Cmd)
    USART_GetFlagStatus                      0x080021b9   Thumb Code    10  stm32f10x_usart.o(.text.USART_GetFlagStatus)
    USART_GetITStatus                        0x080021c5   Thumb Code    48  stm32f10x_usart.o(.text.USART_GetITStatus)
    USART_ITConfig                           0x080021f5   Thumb Code    46  stm32f10x_usart.o(.text.USART_ITConfig)
    USART_Init                               0x08002225   Thumb Code   182  stm32f10x_usart.o(.text.USART_Init)
    USART_SendData                           0x080022dd   Thumb Code     8  stm32f10x_usart.o(.text.USART_SendData)
    UsageFault_Handler                       0x080022e5   Thumb Code     2  stm32f10x_it.o(.text.UsageFault_Handler)
    Usart1_Init                              0x080022e9   Thumb Code   134  usart.o(.text.Usart1_Init)
    UsartPrintf                              0x08002371   Thumb Code    78  usart.o(.text.UsartPrintf)
    delay_init                               0x080023c1   Thumb Code    66  delay.o(.text.delay_init)
    delay_ms                                 0x08002405   Thumb Code    60  delay.o(.text.delay_ms)
    delay_us                                 0x08002441   Thumb Code    60  delay.o(.text.delay_us)
    main                                     0x0800247d   Thumb Code   116  main.o(.text.main)
    _btod_d2e                                0x080024f5   Thumb Code    62  btod.o(CL$$btod_d2e)
    _d2e_denorm_low                          0x08002533   Thumb Code    70  btod.o(CL$$btod_d2e_denorm_low)
    _d2e_norm_op1                            0x08002579   Thumb Code    96  btod.o(CL$$btod_d2e_norm_op1)
    __btod_div_common                        0x080025d9   Thumb Code   696  btod.o(CL$$btod_div_common)
    _e2e                                     0x08002911   Thumb Code   220  btod.o(CL$$btod_e2e)
    _btod_ediv                               0x080029ed   Thumb Code    42  btod.o(CL$$btod_ediv)
    _btod_emul                               0x08002a17   Thumb Code    42  btod.o(CL$$btod_emul)
    __btod_mult_common                       0x08002a41   Thumb Code   580  btod.o(CL$$btod_mult_common)
    __ARM_fpclassify                         0x08002c85   Thumb Code    40  fpclassify.o(i.__ARM_fpclassify)
    _is_digit                                0x08002cad   Thumb Code    14  __printf_wp.o(i._is_digit)
    _get_lc_numeric                          0x08002cbd   Thumb Code    44  lc_numeric_c.o(locale$$code)
    _get_lc_ctype                            0x08002ce9   Thumb Code    44  lc_ctype_c.o(locale$$code)
    __fpl_dretinf                            0x08002d15   Thumb Code    12  dretinf.o(x$fpl$dretinf)
    __aeabi_f2d                              0x08002d21   Thumb Code     0  f2d.o(x$fpl$f2d)
    _f2d                                     0x08002d21   Thumb Code    86  f2d.o(x$fpl$f2d)
    __fpl_fnaninf                            0x08002d77   Thumb Code   140  fnaninf.o(x$fpl$fnaninf)
    _printf_fp_dec                           0x08002e03   Thumb Code     4  printf1.o(x$fpl$printf1)
    _printf_fp_hex                           0x08002e07   Thumb Code     4  printf2.o(x$fpl$printf2)
    __I$use$fp                               0x08002e0a   Number         0  usenofp.o(x$fpl$usenofp)
    asc2_0806                                0x08002f1c   Data         552  oled.o(.rodata.asc2_0806)
    asc2_1206                                0x08003144   Data        1140  oled.o(.rodata.asc2_1206)
    asc2_1608                                0x080035b8   Data        1520  oled.o(.rodata.asc2_1608)
    asc2_2412                                0x08003ba8   Data        3420  oled.o(.rodata.asc2_2412)
    Region$$Table$$Base                      0x08004904   Number         0  anon$$obj.o(Region$$Table)
    Region$$Table$$Limit                     0x08004924   Number         0  anon$$obj.o(Region$$Table)
    __ctype                                  0x0800494d   Data           0  lc_ctype_c.o(locale$$data)
    SystemCoreClock                          0x20000000   Data           4  system_stm32f10x.o(.data.SystemCoreClock)
    __libspace_start                         0x20000008   Data          96  libspace.o(.bss)
    Light                                    0x20000068   Data           1  main.o(.bss.Light)
    __temporary_stack_top$libspace           0x20000068   Data           0  libspace.o(.bss)
    OLED_GRAM                                0x20000069   Data        1152  oled.o(.bss.OLED_GRAM)
    alarmFlag                                0x200004e9   Data           1  main.o(.bss.alarmFlag)
    esp8266_buf                              0x200004ec   Data         128  esp8266.o(.bss.esp8266_buf)
    esp8266_cnt                              0x2000056c   Data           2  esp8266.o(.bss.esp8266_cnt)
    humidityH                                0x20000571   Data           1  main.o(.bss.humidityH)
    humidityL                                0x20000572   Data           1  main.o(.bss.humidityL)
    oledBuf                                  0x20000578   Data          20  timer.o(.bss.oledBuf)
    temperatureH                             0x2000058c   Data           1  main.o(.bss.temperatureH)
    temperatureL                             0x2000058d   Data           1  main.o(.bss.temperatureL)



==============================================================================

Memory Map of the image

  Image Entry point : 0x080000ed

  Load Region LR_IROM1 (Base: 0x08000000, Size: 0x00004a58, Max: 0x00010000, ABSOLUTE)

    Execution Region ER_IROM1 (Exec base: 0x08000000, Load base: 0x08000000, Size: 0x00004a50, Max: 0x00010000, ABSOLUTE)

    Exec Addr    Load Addr    Size         Type   Attr      Idx    E Section Name        Object

    0x08000000   0x08000000   0x000000ec   Data   RO            3    RESET               startup_stm32f10x_md.o
    0x080000ec   0x080000ec   0x00000008   Code   RO         1663  * !!!main             c_w.l(__main.o)
    0x080000f4   0x080000f4   0x00000034   Code   RO         2058    !!!scatter          c_w.l(__scatter.o)
    0x08000128   0x08000128   0x0000001a   Code   RO         2060    !!handler_copy      c_w.l(__scatter_copy.o)
    0x08000142   0x08000142   0x00000002   PAD
    0x08000144   0x08000144   0x0000001c   Code   RO         2062    !!handler_zi        c_w.l(__scatter_zi.o)
    0x08000160   0x08000160   0x00000000   Code   RO         1639    .ARM.Collect$$_printf_percent$$00000000  c_w.l(_printf_percent.o)
    0x08000160   0x08000160   0x00000006   Code   RO         1780    .ARM.Collect$$_printf_percent$$00000001  c_w.l(_printf_n.o)
    0x08000166   0x08000166   0x00000006   Code   RO         1782    .ARM.Collect$$_printf_percent$$00000002  c_w.l(_printf_p.o)
    0x0800016c   0x0800016c   0x00000006   Code   RO         1638    .ARM.Collect$$_printf_percent$$00000003  c_w.l(_printf_f.o)
    0x08000172   0x08000172   0x00000006   Code   RO         1786    .ARM.Collect$$_printf_percent$$00000004  c_w.l(_printf_e.o)
    0x08000178   0x08000178   0x00000006   Code   RO         1787    .ARM.Collect$$_printf_percent$$00000005  c_w.l(_printf_g.o)
    0x0800017e   0x0800017e   0x00000006   Code   RO         1788    .ARM.Collect$$_printf_percent$$00000006  c_w.l(_printf_a.o)
    0x08000184   0x08000184   0x0000000a   Code   RO         1793    .ARM.Collect$$_printf_percent$$00000007  c_w.l(_printf_ll.o)
    0x0800018e   0x0800018e   0x00000006   Code   RO         1784    .ARM.Collect$$_printf_percent$$00000008  c_w.l(_printf_i.o)
    0x08000194   0x08000194   0x00000006   Code   RO         1637    .ARM.Collect$$_printf_percent$$00000009  c_w.l(_printf_d.o)
    0x0800019a   0x0800019a   0x00000006   Code   RO         1785    .ARM.Collect$$_printf_percent$$0000000A  c_w.l(_printf_u.o)
    0x080001a0   0x080001a0   0x00000006   Code   RO         1783    .ARM.Collect$$_printf_percent$$0000000B  c_w.l(_printf_o.o)
    0x080001a6   0x080001a6   0x00000006   Code   RO         1781    .ARM.Collect$$_printf_percent$$0000000C  c_w.l(_printf_x.o)
    0x080001ac   0x080001ac   0x00000006   Code   RO         1790    .ARM.Collect$$_printf_percent$$0000000D  c_w.l(_printf_lli.o)
    0x080001b2   0x080001b2   0x00000006   Code   RO         1791    .ARM.Collect$$_printf_percent$$0000000E  c_w.l(_printf_lld.o)
    0x080001b8   0x080001b8   0x00000006   Code   RO         1792    .ARM.Collect$$_printf_percent$$0000000F  c_w.l(_printf_llu.o)
    0x080001be   0x080001be   0x00000006   Code   RO         1797    .ARM.Collect$$_printf_percent$$00000010  c_w.l(_printf_llo.o)
    0x080001c4   0x080001c4   0x00000006   Code   RO         1798    .ARM.Collect$$_printf_percent$$00000011  c_w.l(_printf_llx.o)
    0x080001ca   0x080001ca   0x0000000a   Code   RO         1794    .ARM.Collect$$_printf_percent$$00000012  c_w.l(_printf_l.o)
    0x080001d4   0x080001d4   0x00000006   Code   RO         1779    .ARM.Collect$$_printf_percent$$00000013  c_w.l(_printf_c.o)
    0x080001da   0x080001da   0x00000006   Code   RO         1636    .ARM.Collect$$_printf_percent$$00000014  c_w.l(_printf_s.o)
    0x080001e0   0x080001e0   0x00000006   Code   RO         1795    .ARM.Collect$$_printf_percent$$00000015  c_w.l(_printf_lc.o)
    0x080001e6   0x080001e6   0x00000006   Code   RO         1796    .ARM.Collect$$_printf_percent$$00000016  c_w.l(_printf_ls.o)
    0x080001ec   0x080001ec   0x00000004   Code   RO         1789    .ARM.Collect$$_printf_percent$$00000017  c_w.l(_printf_percent_end.o)
    0x080001f0   0x080001f0   0x00000002   Code   RO         1988    .ARM.Collect$$libinit$$00000000  c_w.l(libinit.o)
    0x080001f2   0x080001f2   0x00000000   Code   RO         1804    .ARM.Collect$$libinit$$00000002  c_w.l(libinit2.o)
    0x080001f2   0x080001f2   0x00000000   Code   RO         1806    .ARM.Collect$$libinit$$00000004  c_w.l(libinit2.o)
    0x080001f2   0x080001f2   0x00000000   Code   RO         1808    .ARM.Collect$$libinit$$00000006  c_w.l(libinit2.o)
    0x080001f2   0x080001f2   0x00000000   Code   RO         1811    .ARM.Collect$$libinit$$0000000C  c_w.l(libinit2.o)
    0x080001f2   0x080001f2   0x00000000   Code   RO         1813    .ARM.Collect$$libinit$$0000000E  c_w.l(libinit2.o)
    0x080001f2   0x080001f2   0x00000000   Code   RO         1815    .ARM.Collect$$libinit$$00000010  c_w.l(libinit2.o)
    0x080001f2   0x080001f2   0x00000006   Code   RO         1816    .ARM.Collect$$libinit$$00000011  c_w.l(libinit2.o)
    0x080001f8   0x080001f8   0x00000000   Code   RO         1818    .ARM.Collect$$libinit$$00000013  c_w.l(libinit2.o)
    0x080001f8   0x080001f8   0x0000000c   Code   RO         1819    .ARM.Collect$$libinit$$00000014  c_w.l(libinit2.o)
    0x08000204   0x08000204   0x00000000   Code   RO         1820    .ARM.Collect$$libinit$$00000015  c_w.l(libinit2.o)
    0x08000204   0x08000204   0x00000000   Code   RO         1822    .ARM.Collect$$libinit$$00000017  c_w.l(libinit2.o)
    0x08000204   0x08000204   0x0000000a   Code   RO         1823    .ARM.Collect$$libinit$$00000018  c_w.l(libinit2.o)
    0x0800020e   0x0800020e   0x00000000   Code   RO         1824    .ARM.Collect$$libinit$$00000019  c_w.l(libinit2.o)
    0x0800020e   0x0800020e   0x00000000   Code   RO         1826    .ARM.Collect$$libinit$$0000001B  c_w.l(libinit2.o)
    0x0800020e   0x0800020e   0x00000000   Code   RO         1828    .ARM.Collect$$libinit$$0000001D  c_w.l(libinit2.o)
    0x0800020e   0x0800020e   0x00000000   Code   RO         1830    .ARM.Collect$$libinit$$0000001F  c_w.l(libinit2.o)
    0x0800020e   0x0800020e   0x00000000   Code   RO         1832    .ARM.Collect$$libinit$$00000021  c_w.l(libinit2.o)
    0x0800020e   0x0800020e   0x00000000   Code   RO         1834    .ARM.Collect$$libinit$$00000023  c_w.l(libinit2.o)
    0x0800020e   0x0800020e   0x00000000   Code   RO         1836    .ARM.Collect$$libinit$$00000025  c_w.l(libinit2.o)
    0x0800020e   0x0800020e   0x00000000   Code   RO         1838    .ARM.Collect$$libinit$$00000027  c_w.l(libinit2.o)
    0x0800020e   0x0800020e   0x00000000   Code   RO         1842    .ARM.Collect$$libinit$$0000002E  c_w.l(libinit2.o)
    0x0800020e   0x0800020e   0x00000000   Code   RO         1844    .ARM.Collect$$libinit$$00000030  c_w.l(libinit2.o)
    0x0800020e   0x0800020e   0x00000000   Code   RO         1846    .ARM.Collect$$libinit$$00000032  c_w.l(libinit2.o)
    0x0800020e   0x0800020e   0x00000000   Code   RO         1848    .ARM.Collect$$libinit$$00000034  c_w.l(libinit2.o)
    0x0800020e   0x0800020e   0x00000002   Code   RO         1849    .ARM.Collect$$libinit$$00000035  c_w.l(libinit2.o)
    0x08000210   0x08000210   0x00000002   Code   RO         2055    .ARM.Collect$$libshutdown$$00000000  c_w.l(libshutdown.o)
    0x08000212   0x08000212   0x00000000   Code   RO         2009    .ARM.Collect$$libshutdown$$00000002  c_w.l(libshutdown2.o)
    0x08000212   0x08000212   0x00000000   Code   RO         2011    .ARM.Collect$$libshutdown$$00000004  c_w.l(libshutdown2.o)
    0x08000212   0x08000212   0x00000000   Code   RO         2014    .ARM.Collect$$libshutdown$$00000007  c_w.l(libshutdown2.o)
    0x08000212   0x08000212   0x00000000   Code   RO         2017    .ARM.Collect$$libshutdown$$0000000A  c_w.l(libshutdown2.o)
    0x08000212   0x08000212   0x00000000   Code   RO         2019    .ARM.Collect$$libshutdown$$0000000C  c_w.l(libshutdown2.o)
    0x08000212   0x08000212   0x00000000   Code   RO         2022    .ARM.Collect$$libshutdown$$0000000F  c_w.l(libshutdown2.o)
    0x08000212   0x08000212   0x00000002   Code   RO         2023    .ARM.Collect$$libshutdown$$00000010  c_w.l(libshutdown2.o)
    0x08000214   0x08000214   0x00000000   Code   RO         1703    .ARM.Collect$$rtentry$$00000000  c_w.l(__rtentry.o)
    0x08000214   0x08000214   0x00000000   Code   RO         1873    .ARM.Collect$$rtentry$$00000002  c_w.l(__rtentry2.o)
    0x08000214   0x08000214   0x00000006   Code   RO         1885    .ARM.Collect$$rtentry$$00000004  c_w.l(__rtentry4.o)
    0x0800021a   0x0800021a   0x00000000   Code   RO         1875    .ARM.Collect$$rtentry$$00000009  c_w.l(__rtentry2.o)
    0x0800021a   0x0800021a   0x00000004   Code   RO         1876    .ARM.Collect$$rtentry$$0000000A  c_w.l(__rtentry2.o)
    0x0800021e   0x0800021e   0x00000000   Code   RO         1878    .ARM.Collect$$rtentry$$0000000C  c_w.l(__rtentry2.o)
    0x0800021e   0x0800021e   0x00000008   Code   RO         1879    .ARM.Collect$$rtentry$$0000000D  c_w.l(__rtentry2.o)
    0x08000226   0x08000226   0x00000002   Code   RO         1993    .ARM.Collect$$rtexit$$00000000  c_w.l(rtexit.o)
    0x08000228   0x08000228   0x00000000   Code   RO         2029    .ARM.Collect$$rtexit$$00000002  c_w.l(rtexit2.o)
    0x08000228   0x08000228   0x00000004   Code   RO         2030    .ARM.Collect$$rtexit$$00000003  c_w.l(rtexit2.o)
    0x0800022c   0x0800022c   0x00000006   Code   RO         2031    .ARM.Collect$$rtexit$$00000004  c_w.l(rtexit2.o)
    0x08000232   0x08000232   0x00000002   PAD
    0x08000234   0x08000234   0x00000040   Code   RO            4    .text               startup_stm32f10x_md.o
    0x08000274   0x08000274   0x0000003c   Code   RO         1604    .text               c_w.l(vsnprintf.o)
    0x080002b0   0x080002b0   0x0000002c   Code   RO         1606    .text               c_w.l(__2sprintf.o)
    0x080002dc   0x080002dc   0x00000052   Code   RO         1612    .text               c_w.l(_printf_str.o)
    0x0800032e   0x0800032e   0x00000002   PAD
    0x08000330   0x08000330   0x00000078   Code   RO         1614    .text               c_w.l(_printf_dec.o)
    0x080003a8   0x080003a8   0x00000188   Code   RO         1633    .text               c_w.l(__printf_flags_ss_wp.o)
    0x08000530   0x08000530   0x00000006   Code   RO         1661    .text               c_w.l(heapauxi.o)
    0x08000536   0x08000536   0x0000004e   Code   RO         1727    .text               c_w.l(_printf_pad.o)
    0x08000584   0x08000584   0x00000024   Code   RO         1729    .text               c_w.l(_printf_truncate.o)
    0x080005a8   0x080005a8   0x000000b2   Code   RO         1731    .text               c_w.l(_printf_intcommon.o)
    0x0800065a   0x0800065a   0x00000028   Code   RO         1733    .text               c_w.l(_printf_charcount.o)
    0x08000682   0x08000682   0x0000041c   Code   RO         1735    .text               c_w.l(_printf_fp_dec.o)
    0x08000a9e   0x08000a9e   0x00000002   PAD
    0x08000aa0   0x08000aa0   0x00000030   Code   RO         1739    .text               c_w.l(_printf_char_common.o)
    0x08000ad0   0x08000ad0   0x0000000a   Code   RO         1741    .text               c_w.l(_sputc.o)
    0x08000ada   0x08000ada   0x00000010   Code   RO         1743    .text               c_w.l(_snputc.o)
    0x08000aea   0x08000aea   0x0000002c   Code   RO         1745    .text               c_w.l(_printf_char.o)
    0x08000b16   0x08000b16   0x00000002   PAD
    0x08000b18   0x08000b18   0x000000bc   Code   RO         1747    .text               c_w.l(_printf_wctomb.o)
    0x08000bd4   0x08000bd4   0x0000007c   Code   RO         1750    .text               c_w.l(_printf_longlong_dec.o)
    0x08000c50   0x08000c50   0x00000070   Code   RO         1756    .text               c_w.l(_printf_oct_int_ll.o)
    0x08000cc0   0x08000cc0   0x00000094   Code   RO         1776    .text               c_w.l(_printf_hex_int_ll_ptr.o)
    0x08000d54   0x08000d54   0x00000008   Code   RO         1869    .text               c_w.l(libspace.o)
    0x08000d5c   0x08000d5c   0x00000008   Code   RO         1890    .text               c_w.l(rt_locale_intlibspace.o)
    0x08000d64   0x08000d64   0x0000008a   Code   RO         1900    .text               c_w.l(lludiv10.o)
    0x08000dee   0x08000dee   0x00000002   PAD
    0x08000df0   0x08000df0   0x000002fc   Code   RO         1902    .text               c_w.l(_printf_fp_hex.o)
    0x080010ec   0x080010ec   0x00000080   Code   RO         1905    .text               c_w.l(_printf_fp_infnan.o)
    0x0800116c   0x0800116c   0x0000002c   Code   RO         1909    .text               c_w.l(_printf_wchar.o)
    0x08001198   0x08001198   0x000000e4   Code   RO         1911    .text               c_w.l(bigflt0.o)
    0x0800127c   0x0800127c   0x00000048   Code   RO         1938    .text               c_w.l(_c16rtomb.o)
    0x080012c4   0x080012c4   0x00000002   Code   RO         1958    .text               c_w.l(use_no_semi.o)
    0x080012c6   0x080012c6   0x00000000   Code   RO         1960    .text               c_w.l(indicate_semi.o)
    0x080012c6   0x080012c6   0x0000004a   Code   RO         1961    .text               c_w.l(sys_stackheap_outer.o)
    0x08001310   0x08001310   0x00000010   Code   RO         1963    .text               c_w.l(rt_ctype_table.o)
    0x08001320   0x08001320   0x00000012   Code   RO         1971    .text               c_w.l(exit.o)
    0x08001332   0x08001332   0x00000002   PAD
    0x08001334   0x08001334   0x00000080   Code   RO         1977    .text               c_w.l(strcmpv7m.o)
    0x080013b4   0x080013b4   0x0000000c   Code   RO         1989    .text               c_w.l(sys_exit.o)
    0x080013c0   0x080013c0   0x00000030   Code   RO           87    .text.BEEP_Init     beep.o
    0x080013f0   0x080013f0   0x00000002   Code   RO           46    .text.BusFault_Handler  stm32f10x_it.o
    0x080013f2   0x080013f2   0x00000002   PAD
    0x080013f4   0x080013f4   0x000000cc   Code   RO          105    .text.DHT11_Init    dht11.o
    0x080014c0   0x080014c0   0x00000154   Code   RO          103    .text.DHT11_Read_Data  dht11.o
    0x08001614   0x08001614   0x00000002   Code   RO           52    .text.DebugMon_Handler  stm32f10x_it.o
    0x08001616   0x08001616   0x00000002   PAD
    0x08001618   0x08001618   0x000000c0   Code   RO          769    .text.GPIO_Init     stm32f10x_gpio.o
    0x080016d8   0x080016d8   0x00000004   Code   RO          783    .text.GPIO_ResetBits  stm32f10x_gpio.o
    0x080016dc   0x080016dc   0x00000004   Code   RO          781    .text.GPIO_SetBits  stm32f10x_gpio.o
    0x080016e0   0x080016e0   0x00000002   Code   RO           42    .text.HardFault_Handler  stm32f10x_it.o
    0x080016e2   0x080016e2   0x00000002   PAD
    0x080016e4   0x080016e4   0x00000050   Code   RO          128    .text.LED_Init      led.o
    0x08001734   0x08001734   0x00000002   Code   RO           44    .text.MemManage_Handler  stm32f10x_it.o
    0x08001736   0x08001736   0x00000002   PAD
    0x08001738   0x08001738   0x00000002   Code   RO           40    .text.NMI_Handler   stm32f10x_it.o
    0x0800173a   0x0800173a   0x00000002   PAD
    0x0800173c   0x0800173c   0x0000005e   Code   RO          315    .text.NVIC_Init     misc.o
    0x0800179a   0x0800179a   0x00000002   PAD
    0x0800179c   0x0800179c   0x0000018e   Code   RO          156    .text.OLED_Refresh  oled.o
    0x0800192a   0x0800192a   0x00000002   PAD
    0x0800192c   0x0800192c   0x0000013c   Code   RO          166    .text.OLED_ShowChar  oled.o
    0x08001a68   0x08001a68   0x00000054   Code   RO          168    .text.OLED_ShowString  oled.o
    0x08001abc   0x08001abc   0x0000016c   Code   RO          138    .text.OLED_WR_Byte  oled.o
    0x08001c28   0x08001c28   0x00000002   Code   RO           54    .text.PendSV_Handler  stm32f10x_it.o
    0x08001c2a   0x08001c2a   0x00000002   PAD
    0x08001c2c   0x08001c2c   0x00000018   Code   RO          976    .text.RCC_APB1PeriphClockCmd  stm32f10x_rcc.o
    0x08001c44   0x08001c44   0x00000018   Code   RO          974    .text.RCC_APB2PeriphClockCmd  stm32f10x_rcc.o
    0x08001c5c   0x08001c5c   0x000000a0   Code   RO          970    .text.RCC_GetClocksFreq  stm32f10x_rcc.o
    0x08001cfc   0x08001cfc   0x00000002   Code   RO           50    .text.SVC_Handler   stm32f10x_it.o
    0x08001cfe   0x08001cfe   0x00000002   PAD
    0x08001d00   0x08001d00   0x00000018   Code   RO          321    .text.SysTick_CLKSourceConfig  misc.o
    0x08001d18   0x08001d18   0x00000002   Code   RO           56    .text.SysTick_Handler  stm32f10x_it.o
    0x08001d1a   0x08001d1a   0x00000002   PAD
    0x08001d1c   0x08001d1c   0x00000110   Code   RO           11    .text.SystemInit    system_stm32f10x.o
    0x08001e2c   0x08001e2c   0x00000104   Code   RO          302    .text.TIM2_IRQHandler  timer.o
    0x08001f30   0x08001f30   0x00000054   Code   RO          300    .text.TIM2_Int_Init  timer.o
    0x08001f84   0x08001f84   0x0000005a   Code   RO          298    .text.TIM3_IRQHandler  timer.o
    0x08001fde   0x08001fde   0x00000002   PAD
    0x08001fe0   0x08001fe0   0x00000056   Code   RO          296    .text.TIM3_Int_Init  timer.o
    0x08002036   0x08002036   0x00000002   PAD
    0x08002038   0x08002038   0x00000006   Code   RO         1334    .text.TIM_ClearITPendingBit  stm32f10x_tim.o
    0x0800203e   0x0800203e   0x00000002   PAD
    0x08002040   0x08002040   0x00000012   Code   RO         1196    .text.TIM_Cmd       stm32f10x_tim.o
    0x08002052   0x08002052   0x00000002   PAD
    0x08002054   0x08002054   0x00000018   Code   RO         1332    .text.TIM_GetITStatus  stm32f10x_tim.o
    0x0800206c   0x0800206c   0x00000010   Code   RO         1200    .text.TIM_ITConfig  stm32f10x_tim.o
    0x0800207c   0x0800207c   0x000000aa   Code   RO         1164    .text.TIM_TimeBaseInit  stm32f10x_tim.o
    0x08002126   0x08002126   0x00000002   PAD
    0x08002128   0x08002128   0x00000026   Code   RO          286    .text.USART1_IRQHandler  usart.o
    0x0800214e   0x0800214e   0x00000002   PAD
    0x08002150   0x08002150   0x0000004c   Code   RO         1446    .text.USART2_IRQHandler  esp8266.o
    0x0800219c   0x0800219c   0x00000006   Code   RO         1396    .text.USART_ClearFlag  stm32f10x_usart.o
    0x080021a2   0x080021a2   0x00000002   PAD
    0x080021a4   0x080021a4   0x00000014   Code   RO         1354    .text.USART_Cmd     stm32f10x_usart.o
    0x080021b8   0x080021b8   0x0000000a   Code   RO         1394    .text.USART_GetFlagStatus  stm32f10x_usart.o
    0x080021c2   0x080021c2   0x00000002   PAD
    0x080021c4   0x080021c4   0x00000030   Code   RO         1398    .text.USART_GetITStatus  stm32f10x_usart.o
    0x080021f4   0x080021f4   0x0000002e   Code   RO         1356    .text.USART_ITConfig  stm32f10x_usart.o
    0x08002222   0x08002222   0x00000002   PAD
    0x08002224   0x08002224   0x000000b6   Code   RO         1346    .text.USART_Init    stm32f10x_usart.o
    0x080022da   0x080022da   0x00000002   PAD
    0x080022dc   0x080022dc   0x00000008   Code   RO         1370    .text.USART_SendData  stm32f10x_usart.o
    0x080022e4   0x080022e4   0x00000002   Code   RO           48    .text.UsageFault_Handler  stm32f10x_it.o
    0x080022e6   0x080022e6   0x00000002   PAD
    0x080022e8   0x080022e8   0x00000086   Code   RO          276    .text.Usart1_Init   usart.o
    0x0800236e   0x0800236e   0x00000002   PAD
    0x08002370   0x08002370   0x0000004e   Code   RO          282    .text.UsartPrintf   usart.o
    0x080023be   0x080023be   0x00000002   PAD
    0x080023c0   0x080023c0   0x00000042   Code   RO          247    .text.delay_init    delay.o
    0x08002402   0x08002402   0x00000002   PAD
    0x08002404   0x08002404   0x0000003c   Code   RO          251    .text.delay_ms      delay.o
    0x08002440   0x08002440   0x0000003c   Code   RO          249    .text.delay_us      delay.o
    0x0800247c   0x0800247c   0x00000078   Code   RO           25    .text.main          main.o
    0x080024f4   0x080024f4   0x0000003e   Code   RO         1914    CL$$btod_d2e        c_w.l(btod.o)
    0x08002532   0x08002532   0x00000046   Code   RO         1916    CL$$btod_d2e_denorm_low  c_w.l(btod.o)
    0x08002578   0x08002578   0x00000060   Code   RO         1915    CL$$btod_d2e_norm_op1  c_w.l(btod.o)
    0x080025d8   0x080025d8   0x00000338   Code   RO         1924    CL$$btod_div_common  c_w.l(btod.o)
    0x08002910   0x08002910   0x000000dc   Code   RO         1921    CL$$btod_e2e        c_w.l(btod.o)
    0x080029ec   0x080029ec   0x0000002a   Code   RO         1918    CL$$btod_ediv       c_w.l(btod.o)
    0x08002a16   0x08002a16   0x0000002a   Code   RO         1917    CL$$btod_emul       c_w.l(btod.o)
    0x08002a40   0x08002a40   0x00000244   Code   RO         1923    CL$$btod_mult_common  c_w.l(btod.o)
    0x08002c84   0x08002c84   0x00000028   Code   RO         1956    i.__ARM_fpclassify  m_ws.l(fpclassify.o)
    0x08002cac   0x08002cac   0x0000000e   Code   RO         1626    i._is_digit         c_w.l(__printf_wp.o)
    0x08002cba   0x08002cba   0x00000002   PAD
    0x08002cbc   0x08002cbc   0x0000002c   Code   RO         1941    locale$$code        c_w.l(lc_numeric_c.o)
    0x08002ce8   0x08002ce8   0x0000002c   Code   RO         2002    locale$$code        c_w.l(lc_ctype_c.o)
    0x08002d14   0x08002d14   0x0000000c   Code   RO         1852    x$fpl$dretinf       fz_ws.l(dretinf.o)
    0x08002d20   0x08002d20   0x00000056   Code   RO         1687    x$fpl$f2d           fz_ws.l(f2d.o)
    0x08002d76   0x08002d76   0x0000008c   Code   RO         1854    x$fpl$fnaninf       fz_ws.l(fnaninf.o)
    0x08002e02   0x08002e02   0x00000004   Code   RO         1699    x$fpl$printf1       fz_ws.l(printf1.o)
    0x08002e06   0x08002e06   0x00000004   Code   RO         1858    x$fpl$printf2       fz_ws.l(printf2.o)
    0x08002e0a   0x08002e0a   0x00000000   Code   RO         1864    x$fpl$usenofp       fz_ws.l(usenofp.o)
    0x08002e0a   0x08002e0a   0x00000011   Data   RO         1634    .constdata          c_w.l(__printf_flags_ss_wp.o)
    0x08002e1b   0x08002e1b   0x00000001   PAD
    0x08002e1c   0x08002e1c   0x00000008   Data   RO         1748    .constdata          c_w.l(_printf_wctomb.o)
    0x08002e24   0x08002e24   0x00000028   Data   RO         1777    .constdata          c_w.l(_printf_hex_int_ll_ptr.o)
    0x08002e4c   0x08002e4c   0x00000026   Data   RO         1903    .constdata          c_w.l(_printf_fp_hex.o)
    0x08002e72   0x08002e72   0x00000002   PAD
    0x08002e74   0x08002e74   0x00000094   Data   RO         1912    .constdata          c_w.l(bigflt0.o)
    0x08002f08   0x08002f08   0x00000004   Data   RO          995    .rodata.ADCPrescTable  stm32f10x_rcc.o
    0x08002f0c   0x08002f0c   0x00000010   Data   RO          994    .rodata.APBAHBPrescTable  stm32f10x_rcc.o
    0x08002f1c   0x08002f1c   0x00000228   Data   RO          186    .rodata.asc2_0806   oled.o
    0x08003144   0x08003144   0x00000474   Data   RO          187    .rodata.asc2_1206   oled.o
    0x080035b8   0x080035b8   0x000005f0   Data   RO          188    .rodata.asc2_1608   oled.o
    0x08003ba8   0x08003ba8   0x00000d5c   Data   RO          189    .rodata.asc2_2412   oled.o
    0x08004904   0x08004904   0x00000020   Data   RO         2057    Region$$Table       anon$$obj.o
    0x08004924   0x08004924   0x0000001c   Data   RO         1940    locale$$data        c_w.l(lc_numeric_c.o)
    0x08004940   0x08004940   0x00000110   Data   RO         2001    locale$$data        c_w.l(lc_ctype_c.o)


    Execution Region RW_IRAM1 (Exec base: 0x20000000, Load base: 0x08004a50, Size: 0x00000b90, Max: 0x00005000, ABSOLUTE)

    Exec Addr    Load Addr    Size         Type   Attr      Idx    E Section Name        Object

    0x20000000   0x08004a50   0x00000004   Data   RW           15    .data.SystemCoreClock  system_stm32f10x.o
    0x20000004   0x08004a54   0x00000004   PAD
    0x20000008        -       0x00000060   Zero   RW         1870    .bss                c_w.l(libspace.o)
    0x20000068        -       0x00000001   Zero   RW           31    .bss.Light          main.o
    0x20000069        -       0x00000480   Zero   RW          194    .bss.OLED_GRAM      oled.o
    0x200004e9        -       0x00000001   Zero   RW           32    .bss.alarmFlag      main.o
    0x200004ea   0x08004a54   0x00000002   PAD
    0x200004ec        -       0x00000080   Zero   RW         1450    .bss.esp8266_buf    esp8266.o
    0x2000056c        -       0x00000002   Zero   RW         1448    .bss.esp8266_cnt    esp8266.o
    0x2000056e        -       0x00000002   Zero   RW          254    .bss.fac_ms         delay.o
    0x20000570        -       0x00000001   Zero   RW          253    .bss.fac_us         delay.o
    0x20000571        -       0x00000001   Zero   RW           27    .bss.humidityH      main.o
    0x20000572        -       0x00000001   Zero   RW           28    .bss.humidityL      main.o
    0x20000573   0x08004a54   0x00000005   PAD
    0x20000578        -       0x00000014   Zero   RW          304    .bss.oledBuf        timer.o
    0x2000058c        -       0x00000001   Zero   RW           29    .bss.temperatureH   main.o
    0x2000058d        -       0x00000001   Zero   RW           30    .bss.temperatureL   main.o
    0x2000058e   0x08004a54   0x00000002   PAD
    0x20000590        -       0x00000200   Zero   RW            2    HEAP                startup_stm32f10x_md.o
    0x20000790        -       0x00000400   Zero   RW            1    STACK               startup_stm32f10x_md.o


==============================================================================

Image component sizes


      Code (inc. data)   RO Data    RW Data    ZI Data      Debug   Object Name

        48          0          0          0          0       1372   beep.o
       186          0          0          0          3       1378   delay.o
       544          0          0          0          0       4258   dht11.o
        76          0          0          0        130       6126   esp8266.o
        80          0          0          0          0       1388   led.o
       120          4          0          0          6       1254   main.o
       118          0          0          0          0       3263   misc.o
      1162          0       6632          0       1152      22590   oled.o
        64         26        236          0       1536        788   startup_stm32f10x_md.o
       200          0          0          0          0       5893   stm32f10x_gpio.o
        18          0          0          0          0        973   stm32f10x_it.o
       208          0         20          0          0       8237   stm32f10x_rcc.o
       234          0          0          0          0      28898   stm32f10x_tim.o
       320          0          0          0          0       8503   stm32f10x_usart.o
       272          0          0          4          0       2691   system_stm32f10x.o
       520         48          0          0         20       4365   timer.o
       250          0          0          0          0       5233   usart.o

    ----------------------------------------------------------------------
      4468         78       6920          4       2860     107210   Object Totals
         0          0         32          0          0          0   (incl. Generated)
        48          0          0          0         13          0   (incl. Padding)

    ----------------------------------------------------------------------

      Code (inc. data)   RO Data    RW Data    ZI Data      Debug   Library Member Name

        44          6          0          0          0         84   __2sprintf.o
         8          0          0          0          0         68   __main.o
       392          4         17          0          0         92   __printf_flags_ss_wp.o
        14          0          0          0          0         68   __printf_wp.o
         0          0          0          0          0          0   __rtentry.o
        12          0          0          0          0          0   __rtentry2.o
         6          0          0          0          0          0   __rtentry4.o
        52          8          0          0          0          0   __scatter.o
        26          0          0          0          0          0   __scatter_copy.o
        28          0          0          0          0          0   __scatter_zi.o
        72          0          0          0          0         96   _c16rtomb.o
         6          0          0          0          0          0   _printf_a.o
         6          0          0          0          0          0   _printf_c.o
        44          0          0          0          0        108   _printf_char.o
        48          6          0          0          0         96   _printf_char_common.o
        40          0          0          0          0         68   _printf_charcount.o
         6          0          0          0          0          0   _printf_d.o
       120         16          0          0          0         92   _printf_dec.o
         6          0          0          0          0          0   _printf_e.o
         6          0          0          0          0          0   _printf_f.o
      1052          0          0          0          0        148   _printf_fp_dec.o
       764          8         38          0          0        100   _printf_fp_hex.o
       128         16          0          0          0         84   _printf_fp_infnan.o
         6          0          0          0          0          0   _printf_g.o
       148          4         40          0          0        160   _printf_hex_int_ll_ptr.o
         6          0          0          0          0          0   _printf_i.o
       178          0          0          0          0         88   _printf_intcommon.o
        10          0          0          0          0          0   _printf_l.o
         6          0          0          0          0          0   _printf_lc.o
        10          0          0          0          0          0   _printf_ll.o
         6          0          0          0          0          0   _printf_lld.o
         6          0          0          0          0          0   _printf_lli.o
         6          0          0          0          0          0   _printf_llo.o
         6          0          0          0          0          0   _printf_llu.o
         6          0          0          0          0          0   _printf_llx.o
       124         16          0          0          0         92   _printf_longlong_dec.o
         6          0          0          0          0          0   _printf_ls.o
         6          0          0          0          0          0   _printf_n.o
         6          0          0          0          0          0   _printf_o.o
       112          8          0          0          0        124   _printf_oct_int_ll.o
         6          0          0          0          0          0   _printf_p.o
        78          0          0          0          0        108   _printf_pad.o
         0          0          0          0          0          0   _printf_percent.o
         4          0          0          0          0          0   _printf_percent_end.o
         6          0          0          0          0          0   _printf_s.o
        82          0          0          0          0         80   _printf_str.o
        36          0          0          0          0         84   _printf_truncate.o
         6          0          0          0          0          0   _printf_u.o
        44          0          0          0          0        108   _printf_wchar.o
       188          6          8          0          0         92   _printf_wctomb.o
         6          0          0          0          0          0   _printf_x.o
        16          0          0          0          0         68   _snputc.o
        10          0          0          0          0         68   _sputc.o
       228          4        148          0          0         96   bigflt0.o
      1936        128          0          0          0        668   btod.o
        18          0          0          0          0         80   exit.o
         6          0          0          0          0        152   heapauxi.o
         0          0          0          0          0          0   indicate_semi.o
        44         10        272          0          0         76   lc_ctype_c.o
        44         10         28          0          0         76   lc_numeric_c.o
         2          0          0          0          0          0   libinit.o
        30          0          0          0          0          0   libinit2.o
         2          0          0          0          0          0   libshutdown.o
         2          0          0          0          0          0   libshutdown2.o
         8          4          0          0         96         68   libspace.o
       138          0          0          0          0         80   lludiv10.o
        16          4          0          0          0         76   rt_ctype_table.o
         8          4          0          0          0         68   rt_locale_intlibspace.o
         2          0          0          0          0          0   rtexit.o
        10          0          0          0          0          0   rtexit2.o
       128          0          0          0          0         68   strcmpv7m.o
        12          4          0          0          0         68   sys_exit.o
        74          0          0          0          0         80   sys_stackheap_outer.o
         2          0          0          0          0         68   use_no_semi.o
        60          4          0          0          0         80   vsnprintf.o
        12          0          0          0          0         68   dretinf.o
        86          4          0          0          0         84   f2d.o
       140          4          0          0          0         84   fnaninf.o
         4          0          0          0          0         68   printf1.o
         4          0          0          0          0         68   printf2.o
         0          0          0          0          0          0   usenofp.o
        40          0          0          0          0         68   fpclassify.o

    ----------------------------------------------------------------------
      7082        278        554          0         96       4420   Library Totals
        16          0          3          0          0          0   (incl. Padding)

    ----------------------------------------------------------------------

      Code (inc. data)   RO Data    RW Data    ZI Data      Debug   Library Name

      6780        270        551          0         96       3980   c_w.l
       246          8          0          0          0        372   fz_ws.l
        40          0          0          0          0         68   m_ws.l

    ----------------------------------------------------------------------
      7082        278        554          0         96       4420   Library Totals

    ----------------------------------------------------------------------

==============================================================================


      Code (inc. data)   RO Data    RW Data    ZI Data      Debug   

     11550        356       7474          4       2956     108934   Grand Totals
     11550        356       7474          4       2956     108934   ELF Image Totals
     11550        356       7474          4          0          0   ROM Totals

==============================================================================

    Total RO  Size (Code + RO Data)                19024 (  18.58kB)
    Total RW  Size (RW Data + ZI Data)              2960 (   2.89kB)
    Total ROM Size (Code + RO Data + RW Data)      19028 (  18.58kB)

==============================================================================

